Archive member included to satisfy reference by file (symbol)

/usr/bin/../lib/gcc/arm-none-eabi/7.3.1/../../../../arm-none-eabi/lib/thumb/v7e-m/libg.a(lib_a-calloc.o)
                              build/packetizer.o (calloc)
/usr/bin/../lib/gcc/arm-none-eabi/7.3.1/../../../../arm-none-eabi/lib/thumb/v7e-m/libg.a(lib_a-callocr.o)
                              /usr/bin/../lib/gcc/arm-none-eabi/7.3.1/../../../../arm-none-eabi/lib/thumb/v7e-m/libg.a(lib_a-calloc.o) (_calloc_r)
/usr/bin/../lib/gcc/arm-none-eabi/7.3.1/../../../../arm-none-eabi/lib/thumb/v7e-m/libg.a(lib_a-errno.o)
                              lib_build/syscalls.o (__errno)
/usr/bin/../lib/gcc/arm-none-eabi/7.3.1/../../../../arm-none-eabi/lib/thumb/v7e-m/libg.a(lib_a-impure.o)
                              /usr/bin/../lib/gcc/arm-none-eabi/7.3.1/../../../../arm-none-eabi/lib/thumb/v7e-m/libg.a(lib_a-calloc.o) (_impure_ptr)
/usr/bin/../lib/gcc/arm-none-eabi/7.3.1/../../../../arm-none-eabi/lib/thumb/v7e-m/libg.a(lib_a-init.o)
                              lib_build/startup_XMC4500.o (__libc_init_array)
/usr/bin/../lib/gcc/arm-none-eabi/7.3.1/../../../../arm-none-eabi/lib/thumb/v7e-m/libg.a(lib_a-malloc.o)
                              build/main.o (malloc)
/usr/bin/../lib/gcc/arm-none-eabi/7.3.1/../../../../arm-none-eabi/lib/thumb/v7e-m/libg.a(lib_a-mallocr.o)
                              /usr/bin/../lib/gcc/arm-none-eabi/7.3.1/../../../../arm-none-eabi/lib/thumb/v7e-m/libg.a(lib_a-callocr.o) (_malloc_r)
/usr/bin/../lib/gcc/arm-none-eabi/7.3.1/../../../../arm-none-eabi/lib/thumb/v7e-m/libg.a(lib_a-memcpy.o)
                              build/crypto.o (memcpy)
/usr/bin/../lib/gcc/arm-none-eabi/7.3.1/../../../../arm-none-eabi/lib/thumb/v7e-m/libg.a(lib_a-memset.o)
                              build/packetizer.o (memset)
/usr/bin/../lib/gcc/arm-none-eabi/7.3.1/../../../../arm-none-eabi/lib/thumb/v7e-m/libg.a(lib_a-mlock.o)
                              /usr/bin/../lib/gcc/arm-none-eabi/7.3.1/../../../../arm-none-eabi/lib/thumb/v7e-m/libg.a(lib_a-mallocr.o) (__malloc_lock)
/usr/bin/../lib/gcc/arm-none-eabi/7.3.1/../../../../arm-none-eabi/lib/thumb/v7e-m/libg.a(lib_a-rand.o)
                              build/main.o (rand)
/usr/bin/../lib/gcc/arm-none-eabi/7.3.1/../../../../arm-none-eabi/lib/thumb/v7e-m/libg.a(lib_a-sbrkr.o)
                              /usr/bin/../lib/gcc/arm-none-eabi/7.3.1/../../../../arm-none-eabi/lib/thumb/v7e-m/libg.a(lib_a-mallocr.o) (_sbrk_r)
/usr/bin/../lib/gcc/arm-none-eabi/7.3.1/../../../../arm-none-eabi/lib/thumb/v7e-m/libg.a(lib_a-strlen.o)
                              lib_build/CDCClassDevice.o (strlen)
/usr/bin/../lib/gcc/arm-none-eabi/7.3.1/../../../../arm-none-eabi/lib/thumb/v7e-m/libg.a(lib_a-freer.o)
                              /usr/bin/../lib/gcc/arm-none-eabi/7.3.1/../../../../arm-none-eabi/lib/thumb/v7e-m/libg.a(lib_a-malloc.o) (_free_r)
/usr/bin/../lib/gcc/arm-none-eabi/7.3.1/../../../../arm-none-eabi/lib/thumb/v7e-m/libg.a(lib_a-lock.o)
                              /usr/bin/../lib/gcc/arm-none-eabi/7.3.1/../../../../arm-none-eabi/lib/thumb/v7e-m/libg.a(lib_a-mlock.o) (__retarget_lock_acquire_recursive)
/usr/bin/../lib/gcc/arm-none-eabi/7.3.1/../../../../arm-none-eabi/lib/thumb/v7e-m/libg.a(lib_a-reent.o)
                              /usr/bin/../lib/gcc/arm-none-eabi/7.3.1/../../../../arm-none-eabi/lib/thumb/v7e-m/libg.a(lib_a-sbrkr.o) (errno)

Allocating common symbols
Common symbol       size              file

ep4_buf             0x40              build/VirtualSerial.o
__lock___atexit_recursive_mutex
                    0x1               /usr/bin/../lib/gcc/arm-none-eabi/7.3.1/../../../../arm-none-eabi/lib/thumb/v7e-m/libg.a(lib_a-lock.o)
USB_IsInitialized   0x1               lib_build/USBTask.o
__lock___arc4random_mutex
                    0x1               /usr/bin/../lib/gcc/arm-none-eabi/7.3.1/../../../../arm-none-eabi/lib/thumb/v7e-m/libg.a(lib_a-lock.o)
ep2_buf             0x40              build/VirtualSerial.o
errno               0x4               /usr/bin/../lib/gcc/arm-none-eabi/7.3.1/../../../../arm-none-eabi/lib/thumb/v7e-m/libg.a(lib_a-reent.o)
__lock___env_recursive_mutex
                    0x1               /usr/bin/../lib/gcc/arm-none-eabi/7.3.1/../../../../arm-none-eabi/lib/thumb/v7e-m/libg.a(lib_a-lock.o)
__lock___sinit_recursive_mutex
                    0x1               /usr/bin/../lib/gcc/arm-none-eabi/7.3.1/../../../../arm-none-eabi/lib/thumb/v7e-m/libg.a(lib_a-lock.o)
USB_DeviceState     0x1               lib_build/USBTask.o
__lock___malloc_recursive_mutex
                    0x1               /usr/bin/../lib/gcc/arm-none-eabi/7.3.1/../../../../arm-none-eabi/lib/thumb/v7e-m/libg.a(lib_a-lock.o)
event_handler_list  0x80              lib_build/xmc4_scu.o
endpoint0_in_buffer
                    0x100             lib_build/USBController_XMC4000.o
ep3_buf             0x40              build/VirtualSerial.o
usbd_init           0x4               lib_build/xmc_usbd.o
[...]
Memory Configuration

Name             Origin             Length             Attributes
FLASH_1_cached   0x0000000008000000 0x0000000000100000 xr
FLASH_1_uncached 0x000000000c000000 0x0000000000100000 xr
PSRAM_1          0x0000000010000000 0x0000000000010000 !xr
DSRAM_1_system   0x0000000020000000 0x0000000000010000 !xr
DSRAM_2_comm     0x0000000030000000 0x0000000000008000 !xr
*default*        0x0000000000000000 0xffffffffffffffff

Linker script and memory map

LOAD build/main.o
LOAD build/clockSetup.o
LOAD build/VirtualSerial.o
LOAD build/Descriptors.o
LOAD build/packetizer.o
LOAD build/crypto.o
LOAD build/base64url.o
LOAD lib_build/USBController_XMC4000.o
LOAD lib_build/xmc_usbd.o
LOAD lib_build/CDCClassDevice.o
LOAD lib_build/USBTask.o
LOAD lib_build/Endpoint_XMC4000.o
LOAD lib_build/xmc4_scu.o
LOAD lib_build/EndpointStream_XMC4000.o
LOAD lib_build/memcpy.o
LOAD lib_build/startup_XMC4500.o
LOAD lib_build/system_XMC4500.o
LOAD lib_build/syscalls.o
START GROUP
LOAD /usr/bin/../lib/gcc/arm-none-eabi/7.3.1/thumb/v7e-m/libgcc.a
LOAD /usr/bin/../lib/gcc/arm-none-eabi/7.3.1/../../../../arm-none-eabi/lib/thumb/v7e-m/libg.a
LOAD /usr/bin/../lib/gcc/arm-none-eabi/7.3.1/../../../../arm-none-eabi/lib/thumb/v7e-m/libc.a
END GROUP
START GROUP
LOAD /usr/bin/../lib/gcc/arm-none-eabi/7.3.1/thumb/v7e-m/libgcc.a
LOAD /usr/bin/../lib/gcc/arm-none-eabi/7.3.1/../../../../arm-none-eabi/lib/thumb/v7e-m/libc.a
LOAD /usr/bin/../lib/gcc/arm-none-eabi/7.3.1/../../../../arm-none-eabi/lib/thumb/v7e-m/libnosys.a
END GROUP
                0x0000000000000800                stack_size = DEFINED (stack_size)?stack_size:0x800
                0x0000000000000040                no_init_size = 0x40

.text           0x0000000008000000     0x4e2c load address 0x000000000c000000
                0x0000000008000000                sText = .
 *(.reset)
 .reset         0x0000000008000000      0x2b2 lib_build/startup_XMC4500.o
                0x0000000008000000                __Vectors
                0x0000000008000200                Reset_Handler
                0x00000000080002b0                VADC0_C0_3_IRQHandler
                0x00000000080002b0                DSD0_7_IRQHandler
                0x00000000080002b0                DebugMon_Handler
                0x00000000080002b0                VADC0_C0_0_IRQHandler
                0x00000000080002b0                CAN0_4_IRQHandler
                0x00000000080002b0                VADC0_G2_0_IRQHandler
                0x00000000080002b0                USIC0_5_IRQHandler
                0x00000000080002b0                POSIF0_0_IRQHandler
                0x00000000080002b0                POSIF1_0_IRQHandler
                0x00000000080002b0                HardFault_Handler
                0x00000000080002b0                VADC0_G1_1_IRQHandler
                0x00000000080002b0                SysTick_Handler
                0x00000000080002b0                PendSV_Handler
                0x00000000080002b0                NMI_Handler
                0x00000000080002b0                USIC1_3_IRQHandler
                0x00000000080002b0                CCU40_2_IRQHandler
                0x00000000080002b0                SCU_0_IRQHandler
                0x00000000080002b0                ERU0_0_IRQHandler
                0x00000000080002b0                CCU41_0_IRQHandler
                0x00000000080002b0                USIC1_5_IRQHandler
                0x00000000080002b0                DSD0_4_IRQHandler
                0x00000000080002b0                CCU80_1_IRQHandler
                0x00000000080002b0                CCU81_0_IRQHandler
                0x00000000080002b0                UsageFault_Handler
                0x00000000080002b0                USIC0_0_IRQHandler
                0x00000000080002b0                POSIF1_1_IRQHandler
                0x00000000080002b0                ERU0_2_IRQHandler
                0x00000000080002b0                CCU81_1_IRQHandler
                0x00000000080002b0                ERU1_1_IRQHandler
                0x00000000080002b0                VADC0_G2_3_IRQHandler
                0x00000000080002b0                VADC0_G2_2_IRQHandler
                0x00000000080002b0                CCU42_3_IRQHandler
                0x00000000080002b0                ERU0_3_IRQHandler
                0x00000000080002b0                DSD0_5_IRQHandler
                0x00000000080002b0                CAN0_6_IRQHandler
                0x00000000080002b0                CCU43_0_IRQHandler
                0x00000000080002b0                VADC0_G0_1_IRQHandler
                0x00000000080002b0                CCU81_2_IRQHandler
                0x00000000080002b0                USIC2_4_IRQHandler
                0x00000000080002b0                CCU81_3_IRQHandler
                0x00000000080002b0                CCU42_1_IRQHandler
                0x00000000080002b0                USIC1_1_IRQHandler
                0x00000000080002b0                USIC2_5_IRQHandler
                0x00000000080002b0                CCU40_0_IRQHandler
                0x00000000080002b0                CAN0_0_IRQHandler
                0x00000000080002b0                ERU1_0_IRQHandler
                0x00000000080002b0                CCU42_2_IRQHandler
                0x00000000080002b0                Default_Handler
                0x00000000080002b0                USIC1_4_IRQHandler
                0x00000000080002b0                ERU1_3_IRQHandler
                0x00000000080002b0                USIC1_0_IRQHandler
                0x00000000080002b0                POSIF0_1_IRQHandler
                0x00000000080002b0                VADC0_G0_0_IRQHandler
                0x00000000080002b0                DSD0_2_IRQHandler
                0x00000000080002b0                CCU80_3_IRQHandler
                0x00000000080002b0                CCU41_3_IRQHandler
                0x00000000080002b0                CCU80_2_IRQHandler
                0x00000000080002b0                VADC0_G1_3_IRQHandler
                0x00000000080002b0                VADC0_G0_3_IRQHandler
                0x00000000080002b0                GPDMA0_0_IRQHandler
                0x00000000080002b0                PMU0_0_IRQHandler
                0x00000000080002b0                CAN0_7_IRQHandler
                0x00000000080002b0                DSD0_1_IRQHandler
                0x00000000080002b0                CCU41_2_IRQHandler
                0x00000000080002b0                VADC0_C0_1_IRQHandler
                0x00000000080002b0                CCU43_2_IRQHandler
                0x00000000080002b0                USIC2_2_IRQHandler
                0x00000000080002b0                MemManage_Handler
                0x00000000080002b0                VADC0_G3_1_IRQHandler
                0x00000000080002b0                DAC0_0_IRQHandler
                0x00000000080002b0                SVC_Handler
                0x00000000080002b0                VADC0_G3_3_IRQHandler
                0x00000000080002b0                ERU1_2_IRQHandler
                0x00000000080002b0                CCU41_1_IRQHandler
                0x00000000080002b0                DSD0_6_IRQHandler
                0x00000000080002b0                CCU43_1_IRQHandler
                0x00000000080002b0                VADC0_G1_2_IRQHandler
                0x00000000080002b0                USIC2_3_IRQHandler
                0x00000000080002b0                CAN0_2_IRQHandler
                0x00000000080002b0                USIC2_0_IRQHandler
                0x00000000080002b0                VADC0_G0_2_IRQHandler
                0x00000000080002b0                VADC0_G2_1_IRQHandler
                0x00000000080002b0                CAN0_3_IRQHandler
                0x00000000080002b0                ETH0_0_IRQHandler
                0x00000000080002b0                USIC0_3_IRQHandler
                0x00000000080002b0                DSD0_0_IRQHandler
                0x00000000080002b0                VADC0_C0_2_IRQHandler
                0x00000000080002b0                CCU42_0_IRQHandler
                0x00000000080002b0                FCE0_0_IRQHandler
                0x00000000080002b0                VADC0_G1_0_IRQHandler
                0x00000000080002b0                CAN0_5_IRQHandler
                0x00000000080002b0                CCU80_0_IRQHandler
                0x00000000080002b0                CCU40_1_IRQHandler
                0x00000000080002b0                USIC2_1_IRQHandler
                0x00000000080002b0                USIC0_1_IRQHandler
                0x00000000080002b0                VADC0_G3_2_IRQHandler
                0x00000000080002b0                CCU40_3_IRQHandler
                0x00000000080002b0                BusFault_Handler
                0x00000000080002b0                LEDTS0_0_IRQHandler
                0x00000000080002b0                USIC0_4_IRQHandler
                0x00000000080002b0                CCU43_3_IRQHandler
                0x00000000080002b0                ERU0_1_IRQHandler
                0x00000000080002b0                VADC0_G3_0_IRQHandler
                0x00000000080002b0                USIC1_2_IRQHandler
                0x00000000080002b0                DSD0_3_IRQHandler
                0x00000000080002b0                SDMMC0_0_IRQHandler
                0x00000000080002b0                CAN0_1_IRQHandler
                0x00000000080002b0                USIC0_2_IRQHandler
                0x00000000080002b0                DAC0_1_IRQHandler
                0x00000000080002b0                GPDMA1_0_IRQHandler
 *(.text .text.* .gnu.linkonce.t.*)
 .text          0x00000000080002b2        0x0 build/main.o
 *fill*         0x00000000080002b2        0x2 
 .text.main     0x00000000080002b4       0x88 build/main.o
                0x00000000080002b4                main
 .text          0x000000000800033c        0x0 build/clockSetup.o
 .text.SystemCoreClockSetup
                0x000000000800033c       0x6a build/clockSetup.o
                0x000000000800033c                SystemCoreClockSetup
 .text          0x00000000080003a6        0x0 build/VirtualSerial.o
 *fill*         0x00000000080003a6        0x2 
 .text.USB0_0_IRQHandler
                0x00000000080003a8       0x10 build/VirtualSerial.o
                0x00000000080003a8                USB0_0_IRQHandler
 .text.USB_Init
                0x00000000080003b8       0x70 build/VirtualSerial.o
                0x00000000080003b8                USB_Init
 .text.EVENT_USB_Device_Connect
                0x0000000008000428        0x2 build/VirtualSerial.o
                0x0000000008000428                EVENT_USB_Device_Connect
 .text.EVENT_USB_Device_Disconnect
                0x000000000800042a        0x2 build/VirtualSerial.o
                0x000000000800042a                EVENT_USB_Device_Disconnect
 .text.EVENT_USB_Device_Reset
                0x000000000800042c       0x28 build/VirtualSerial.o
                0x000000000800042c                EVENT_USB_Device_Reset
 .text.EVENT_USB_Device_ConfigurationChanged
                0x0000000008000454       0x4c build/VirtualSerial.o
                0x0000000008000454                EVENT_USB_Device_ConfigurationChanged
 .text.EVENT_USB_Device_ControlRequest
                0x00000000080004a0       0x10 build/VirtualSerial.o
                0x00000000080004a0                EVENT_USB_Device_ControlRequest
 .text.EVENT_USB_Device_StartOfFrame
                0x00000000080004b0        0x2 build/VirtualSerial.o
                0x00000000080004b0                EVENT_USB_Device_StartOfFrame
 .text.EVENT_USB_Device_WakeUp
                0x00000000080004b2        0x2 build/VirtualSerial.o
                0x00000000080004b2                EVENT_USB_Device_WakeUp
 .text.EVENT_USB_Device_Suspend
                0x00000000080004b4        0x2 build/VirtualSerial.o
                0x00000000080004b4                EVENT_USB_Device_Suspend
 .text          0x00000000080004b6        0x0 build/Descriptors.o
 *fill*         0x00000000080004b6        0x2 
 .text.CALLBACK_USB_GetDescriptor
                0x00000000080004b8       0x5c build/Descriptors.o
                0x00000000080004b8                CALLBACK_USB_GetDescriptor
 .text          0x0000000008000514        0x0 build/packetizer.o
 .text.packetizerReceiveByteBlocking
                0x0000000008000514       0x24 build/packetizer.o
                0x0000000008000514                packetizerReceiveByteBlocking
 .text.packetizerReadHeader
                0x0000000008000538       0xcc build/packetizer.o
                0x0000000008000538                packetizerReadHeader
 .text.packetizerReadText
                0x0000000008000604       0x98 build/packetizer.o
                0x0000000008000604                packetizerReadText
 .text.packetizerReceive
                0x000000000800069c       0x24 build/packetizer.o
                0x000000000800069c                packetizerReceive
 .text.packetizerSend
                0x00000000080006c0       0x54 build/packetizer.o
                0x00000000080006c0                packetizerSend
 .text          0x0000000008000714        0x0 build/crypto.o
 .text.encrypt  0x0000000008000714       0x44 build/crypto.o
                0x0000000008000714                encrypt
 .text.getCiphertextLength
                0x0000000008000758        0x2 build/crypto.o
                0x0000000008000758                getCiphertextLength
 .text          0x000000000800075a        0x0 build/base64url.o
 *fill*         0x000000000800075a        0x2 
 .text.base64_encode
                0x000000000800075c       0xbc build/base64url.o
                0x000000000800075c                base64_encode
 .text.base64_encode_alloc
                0x0000000008000818       0x48 build/base64url.o
                0x0000000008000818                base64_encode_alloc
 .text.isbase64
                0x0000000008000860       0x14 build/base64url.o
                0x0000000008000860                isbase64
 .text.base64_decode
                0x0000000008000874       0xe4 build/base64url.o
                0x0000000008000874                base64_decode
 .text.base64_decode_alloc
                0x0000000008000958       0x4a build/base64url.o
                0x0000000008000958                base64_decode_alloc
 .text          0x00000000080009a2        0x0 lib_build/USBController_XMC4000.o
 *fill*         0x00000000080009a2        0x2 
 .text.USBD_HandleEP0_Stall
                0x00000000080009a4       0x24 lib_build/USBController_XMC4000.o
                0x00000000080009a4                USBD_HandleEP0_Stall
 .text.USB_Device_ProcessControlRequest
                0x00000000080009c8      0x320 lib_build/USBController_XMC4000.o
                0x00000000080009c8                USB_Device_ProcessControlRequest
 .text.USBD_HandleEP0_IN
                0x0000000008000ce8       0x3c lib_build/USBController_XMC4000.o
                0x0000000008000ce8                USBD_HandleEP0_IN
 .text.USBD_HandleEP0_OUT
                0x0000000008000d24       0x44 lib_build/USBController_XMC4000.o
                0x0000000008000d24                USBD_HandleEP0_OUT
 .text.USBD_HandleEP0_SETUP
                0x0000000008000d68       0x74 lib_build/USBController_XMC4000.o
                0x0000000008000d68                USBD_HandleEP0_SETUP
 .text.USBD_SignalDeviceEventHandler
                0x0000000008000ddc      0x140 lib_build/USBController_XMC4000.o
                0x0000000008000ddc                USBD_SignalDeviceEventHandler
 .text.USBD_SignalEndpointEvent_Handler
                0x0000000008000f1c      0x138 lib_build/USBController_XMC4000.o
                0x0000000008000f1c                USBD_SignalEndpointEvent_Handler
 .text.USBD_Initialize
                0x0000000008001054       0x74 lib_build/USBController_XMC4000.o
                0x0000000008001054                USBD_Initialize
 .text.USB_IsEnumDone
                0x00000000080010c8       0x18 lib_build/USBController_XMC4000.o
                0x00000000080010c8                USB_IsEnumDone
 .text.USBD_SetEndpointBuffer
                0x00000000080010e0       0x28 lib_build/USBController_XMC4000.o
                0x00000000080010e0                USBD_SetEndpointBuffer
 .text          0x0000000008001108        0x0 lib_build/xmc_usbd.o
 .text.XMC_USBD_lReadFifo
                0x0000000008001108       0x98 lib_build/xmc_usbd.o
 .text.XMC_USBD_lFlushTXFifo
                0x00000000080011a0       0x4c lib_build/xmc_usbd.o
 .text.XMC_USBD_lFlushRXFifo
                0x00000000080011ec       0x40 lib_build/xmc_usbd.o
 .text.XMC_USBD_lStartReadXfer
                0x000000000800122c       0xac lib_build/xmc_usbd.o
 .text.XMC_USBD_lStartWriteXfer
                0x00000000080012d8       0xd8 lib_build/xmc_usbd.o
 .text.XMC_USBD_GetCapabilities
                0x00000000080013b0       0x10 lib_build/xmc_usbd.o
                0x00000000080013b0                XMC_USBD_GetCapabilities
 .text.XMC_USBD_DeviceConnect
                0x00000000080013c0       0x18 lib_build/xmc_usbd.o
                0x00000000080013c0                XMC_USBD_DeviceConnect
 .text.XMC_USBD_DeviceDisconnect
                0x00000000080013d8       0x18 lib_build/xmc_usbd.o
                0x00000000080013d8                XMC_USBD_DeviceDisconnect
 .text.XMC_USBD_EndpointReadStart
                0x00000000080013f0       0x58 lib_build/xmc_usbd.o
                0x00000000080013f0                XMC_USBD_EndpointReadStart
 .text.XMC_USBD_DeviceSetAddress
                0x0000000008001448       0x18 lib_build/xmc_usbd.o
                0x0000000008001448                XMC_USBD_DeviceSetAddress
 .text.XMC_USBD_EndpointStall
                0x0000000008001460       0xbc lib_build/xmc_usbd.o
                0x0000000008001460                XMC_USBD_EndpointStall
 .text.XMC_USBD_EndpointAbort
                0x000000000800151c       0x54 lib_build/xmc_usbd.o
                0x000000000800151c                XMC_USBD_EndpointAbort
 .text.XMC_USBD_EndpointUnconfigure
                0x0000000008001570      0x118 lib_build/xmc_usbd.o
                0x0000000008001570                XMC_USBD_EndpointUnconfigure
 .text.XMC_USBD_GetFrameNumber
                0x0000000008001688       0x14 lib_build/xmc_usbd.o
                0x0000000008001688                XMC_USBD_GetFrameNumber
 .text.XMC_USBD_IsEnumDone
                0x000000000800169c       0x18 lib_build/xmc_usbd.o
                0x000000000800169c                XMC_USBD_IsEnumDone
 .text.XMC_USBD_Uninitialize
                0x00000000080016b4       0x24 lib_build/xmc_usbd.o
                0x00000000080016b4                XMC_USBD_Uninitialize
 .text.XMC_USBD_EndpointConfigure
                0x00000000080016d8      0x284 lib_build/xmc_usbd.o
                0x00000000080016d8                XMC_USBD_EndpointConfigure
 .text.XMC_USBD_EndpointRead
                0x000000000800195c       0x48 lib_build/xmc_usbd.o
                0x000000000800195c                XMC_USBD_EndpointRead
 .text.XMC_USBD_EndpointWrite
                0x00000000080019a4       0x6c lib_build/xmc_usbd.o
                0x00000000080019a4                XMC_USBD_EndpointWrite
 .text.XMC_USBD_lDeviceActive
                0x0000000008001a10       0x44 lib_build/xmc_usbd.o
                0x0000000008001a10                XMC_USBD_lDeviceActive
 .text.XMC_USBD_DeviceGetState
                0x0000000008001a54       0x34 lib_build/xmc_usbd.o
                0x0000000008001a54                XMC_USBD_DeviceGetState
 .text.XMC_USBD_Enable
                0x0000000008001a88       0x14 lib_build/xmc_usbd.o
                0x0000000008001a88                XMC_USBD_Enable
 .text.XMC_USBD_Init
                0x0000000008001a9c      0x124 lib_build/xmc_usbd.o
                0x0000000008001a9c                XMC_USBD_Init
 .text.XMC_USBD_Disable
                0x0000000008001bc0       0x14 lib_build/xmc_usbd.o
                0x0000000008001bc0                XMC_USBD_Disable
 .text.XMC_USBD_ClearEvent
                0x0000000008001bd4       0x58 lib_build/xmc_usbd.o
                0x0000000008001bd4                XMC_USBD_ClearEvent
 .text.XMC_USBD_ClearEventINEP
                0x0000000008001c2c       0x10 lib_build/xmc_usbd.o
                0x0000000008001c2c                XMC_USBD_ClearEventINEP
 .text.XMC_USBD_ClearEventOUTEP
                0x0000000008001c3c       0x14 lib_build/xmc_usbd.o
                0x0000000008001c3c                XMC_USBD_ClearEventOUTEP
 .text.XMC_USBD_EnableEventOUTEP
                0x0000000008001c50       0x14 lib_build/xmc_usbd.o
                0x0000000008001c50                XMC_USBD_EnableEventOUTEP
 .text.XMC_USBD_EnableEventINEP
                0x0000000008001c64       0x14 lib_build/xmc_usbd.o
                0x0000000008001c64                XMC_USBD_EnableEventINEP
 .text.XMC_USBD_IRQHandler
                0x0000000008001c78      0x520 lib_build/xmc_usbd.o
                0x0000000008001c78                XMC_USBD_IRQHandler
 .text          0x0000000008002198        0x0 lib_build/CDCClassDevice.o
 .text.CDC_Device_ConfigureEndpoints
                0x0000000008002198       0x44 lib_build/CDCClassDevice.o
                0x0000000008002198                CDC_Device_ConfigureEndpoints
 .text.CDC_Device_SendString
                0x00000000080021dc       0x48 lib_build/CDCClassDevice.o
                0x00000000080021dc                CDC_Device_SendString
 .text.CDC_Device_SendData
                0x0000000008002224       0x44 lib_build/CDCClassDevice.o
                0x0000000008002224                CDC_Device_SendData
 .text.CDC_Device_SendByte
                0x0000000008002268       0x58 lib_build/CDCClassDevice.o
                0x0000000008002268                CDC_Device_SendByte
 .text.CDC_Device_Flush
                0x00000000080022c0       0x80 lib_build/CDCClassDevice.o
                0x00000000080022c0                CDC_Device_Flush
 .text.CDC_Device_USBTask
                0x0000000008002340       0x54 lib_build/CDCClassDevice.o
                0x0000000008002340                CDC_Device_USBTask
 .text.CDC_Device_BytesReceived
                0x0000000008002394       0x74 lib_build/CDCClassDevice.o
                0x0000000008002394                CDC_Device_BytesReceived
 .text.CDC_Device_ReceiveByte
                0x0000000008002408       0xb8 lib_build/CDCClassDevice.o
                0x0000000008002408                CDC_Device_ReceiveByte
 .text.CDC_Device_SendControlLineStateChange
                0x00000000080024c0       0x64 lib_build/CDCClassDevice.o
                0x00000000080024c0                CDC_Device_SendControlLineStateChange
 .text.EVENT_CDC_Device_LineEncodingChanged
                0x0000000008002524        0x2 lib_build/CDCClassDevice.o
                0x0000000008002524                EVENT_CDC_Device_LineEncodingChanged
 .text.EVENT_CDC_Device_ControLineStateChanged
                0x0000000008002526        0x2 lib_build/CDCClassDevice.o
                0x0000000008002526                EVENT_CDC_Device_ControLineStateChanged
 .text.EVENT_CDC_Device_BreakSent
                0x0000000008002528        0x2 lib_build/CDCClassDevice.o
                0x0000000008002528                EVENT_CDC_Device_BreakSent
 *fill*         0x000000000800252a        0x2 
 .text.CDC_Device_ProcessControlRequest
                0x000000000800252c      0x130 lib_build/CDCClassDevice.o
                0x000000000800252c                CDC_Device_ProcessControlRequest
 .text          0x000000000800265c        0x0 lib_build/USBTask.o
 .text.USB_USBTask
                0x000000000800265c       0x4c lib_build/USBTask.o
                0x000000000800265c                USB_USBTask
 .text          0x00000000080026a8        0x0 lib_build/Endpoint_XMC4000.o
 .text.Endpoint_WaitUntilReady
                0x00000000080026a8       0xa0 lib_build/Endpoint_XMC4000.o
                0x00000000080026a8                Endpoint_WaitUntilReady
 .text.Endpoint_ClearOUT
                0x0000000008002748       0x5c lib_build/Endpoint_XMC4000.o
                0x0000000008002748                Endpoint_ClearOUT
 .text.Endpoint_ClearIN
                0x00000000080027a4       0xb8 lib_build/Endpoint_XMC4000.o
                0x00000000080027a4                Endpoint_ClearIN
 .text.Endpoint_IsReadWriteAllowed
                0x000000000800285c       0x40 lib_build/Endpoint_XMC4000.o
                0x000000000800285c                Endpoint_IsReadWriteAllowed
 .text.Endpoint_Write_8
                0x000000000800289c       0x34 lib_build/Endpoint_XMC4000.o
                0x000000000800289c                Endpoint_Write_8
 .text.Endpoint_Read_8
                0x00000000080028d0       0x30 lib_build/Endpoint_XMC4000.o
                0x00000000080028d0                Endpoint_Read_8
 .text.Endpoint_Write_32_LE
                0x0000000008002900       0x34 lib_build/Endpoint_XMC4000.o
                0x0000000008002900                Endpoint_Write_32_LE
 .text.Endpoint_Read_32_LE
                0x0000000008002934       0x30 lib_build/Endpoint_XMC4000.o
                0x0000000008002934                Endpoint_Read_32_LE
 .text.Endpoint_ConfigureEndpointTable
                0x0000000008002964       0x74 lib_build/Endpoint_XMC4000.o
                0x0000000008002964                Endpoint_ConfigureEndpointTable
 .text          0x00000000080029d8        0x0 lib_build/xmc4_scu.o
 .text.XMC_SCU_lDelay
                0x00000000080029d8       0x30 lib_build/xmc4_scu.o
 .text.XMC_SCU_INTERRUPT_EnableEvent
                0x0000000008002a08       0x10 lib_build/xmc4_scu.o
                0x0000000008002a08                XMC_SCU_INTERRUPT_EnableEvent
 .text.XMC_SCU_INTERRUPT_DisableEvent
                0x0000000008002a18       0x10 lib_build/xmc4_scu.o
                0x0000000008002a18                XMC_SCU_INTERRUPT_DisableEvent
 .text.XMC_SCU_INTERRUPT_TriggerEvent
                0x0000000008002a28       0x10 lib_build/xmc4_scu.o
                0x0000000008002a28                XMC_SCU_INTERRUPT_TriggerEvent
 .text.XMC_SCU_INTERUPT_GetEventStatus
                0x0000000008002a38        0xc lib_build/xmc4_scu.o
                0x0000000008002a38                XMC_SCU_INTERUPT_GetEventStatus
 .text.XMC_SCU_INTERRUPT_ClearEventStatus
                0x0000000008002a44        0xc lib_build/xmc4_scu.o
                0x0000000008002a44                XMC_SCU_INTERRUPT_ClearEventStatus
 .text.XMC_SCU_GetBootMode
                0x0000000008002a50       0x10 lib_build/xmc4_scu.o
                0x0000000008002a50                XMC_SCU_GetBootMode
 .text.XMC_SCU_SetBootMode
                0x0000000008002a60        0xc lib_build/xmc4_scu.o
                0x0000000008002a60                XMC_SCU_SetBootMode
 .text.XMC_SCU_ReadGPR
                0x0000000008002a6c        0xc lib_build/xmc4_scu.o
                0x0000000008002a6c                XMC_SCU_ReadGPR
 .text.XMC_SCU_WriteGPR
                0x0000000008002a78        0xc lib_build/xmc4_scu.o
                0x0000000008002a78                XMC_SCU_WriteGPR
 .text.XMC_SCU_EnableOutOfRangeComparator
                0x0000000008002a84       0x1c lib_build/xmc4_scu.o
                0x0000000008002a84                XMC_SCU_EnableOutOfRangeComparator
 .text.XMC_SCU_DisableOutOfRangeComparator
                0x0000000008002aa0       0x1e lib_build/xmc4_scu.o
                0x0000000008002aa0                XMC_SCU_DisableOutOfRangeComparator
 *fill*         0x0000000008002abe        0x2 
 .text.XMC_SCU_CalibrateTemperatureSensor
                0x0000000008002ac0       0x18 lib_build/xmc4_scu.o
                0x0000000008002ac0                XMC_SCU_CalibrateTemperatureSensor
 .text.XMC_SCU_EnableTemperatureSensor
                0x0000000008002ad8       0x14 lib_build/xmc4_scu.o
                0x0000000008002ad8                XMC_SCU_EnableTemperatureSensor
 .text.XMC_SCU_DisableTemperatureSensor
                0x0000000008002aec       0x14 lib_build/xmc4_scu.o
                0x0000000008002aec                XMC_SCU_DisableTemperatureSensor
 .text.XMC_SCU_IsTemperatureSensorEnabled
                0x0000000008002b00       0x14 lib_build/xmc4_scu.o
                0x0000000008002b00                XMC_SCU_IsTemperatureSensorEnabled
 .text.XMC_SCU_IsTemperatureSensorReady
                0x0000000008002b14       0x10 lib_build/xmc4_scu.o
                0x0000000008002b14                XMC_SCU_IsTemperatureSensorReady
 .text.XMC_SCU_GetTemperatureMeasurement
                0x0000000008002b24       0x20 lib_build/xmc4_scu.o
                0x0000000008002b24                XMC_SCU_GetTemperatureMeasurement
 .text.XMC_SCU_IsTemperatureSensorBusy
                0x0000000008002b44       0x10 lib_build/xmc4_scu.o
                0x0000000008002b44                XMC_SCU_IsTemperatureSensorBusy
 .text.XMC_SCU_StartTemperatureMeasurement
                0x0000000008002b54       0x2c lib_build/xmc4_scu.o
                0x0000000008002b54                XMC_SCU_StartTemperatureMeasurement
 .text.XMC_SCU_WriteToRetentionMemory
                0x0000000008002b80       0x28 lib_build/xmc4_scu.o
                0x0000000008002b80                XMC_SCU_WriteToRetentionMemory
 .text.XMC_SCU_ReadFromRetentionMemory
                0x0000000008002ba8       0x24 lib_build/xmc4_scu.o
                0x0000000008002ba8                XMC_SCU_ReadFromRetentionMemory
 .text.XMC_SCU_TRAP_Enable
                0x0000000008002bcc       0x10 lib_build/xmc4_scu.o
                0x0000000008002bcc                XMC_SCU_TRAP_Enable
 .text.XMC_SCU_TRAP_Disable
                0x0000000008002bdc       0x10 lib_build/xmc4_scu.o
                0x0000000008002bdc                XMC_SCU_TRAP_Disable
 .text.XMC_SCU_TRAP_GetStatus
                0x0000000008002bec        0xc lib_build/xmc4_scu.o
                0x0000000008002bec                XMC_SCU_TRAP_GetStatus
 .text.XMC_SCU_TRAP_Trigger
                0x0000000008002bf8        0xc lib_build/xmc4_scu.o
                0x0000000008002bf8                XMC_SCU_TRAP_Trigger
 .text.XMC_SCU_TRAP_ClearStatus
                0x0000000008002c04        0xc lib_build/xmc4_scu.o
                0x0000000008002c04                XMC_SCU_TRAP_ClearStatus
 .text.XMC_SCU_PARITY_ClearStatus
                0x0000000008002c10       0x10 lib_build/xmc4_scu.o
                0x0000000008002c10                XMC_SCU_PARITY_ClearStatus
 .text.XMC_SCU_PARITY_GetStatus
                0x0000000008002c20        0xc lib_build/xmc4_scu.o
                0x0000000008002c20                XMC_SCU_PARITY_GetStatus
 .text.XMC_SCU_PARITY_Enable
                0x0000000008002c2c       0x10 lib_build/xmc4_scu.o
                0x0000000008002c2c                XMC_SCU_PARITY_Enable
 .text.XMC_SCU_PARITY_Disable
                0x0000000008002c3c       0x10 lib_build/xmc4_scu.o
                0x0000000008002c3c                XMC_SCU_PARITY_Disable
 .text.XMC_SCU_PARITY_EnableTrapGeneration
                0x0000000008002c4c       0x10 lib_build/xmc4_scu.o
                0x0000000008002c4c                XMC_SCU_PARITY_EnableTrapGeneration
 .text.XMC_SCU_PARITY_DisableTrapGeneration
                0x0000000008002c5c       0x10 lib_build/xmc4_scu.o
                0x0000000008002c5c                XMC_SCU_PARITY_DisableTrapGeneration
 .text.XMC_SCU_INTERRUPT_EnableNmiRequest
                0x0000000008002c6c       0x10 lib_build/xmc4_scu.o
                0x0000000008002c6c                XMC_SCU_INTERRUPT_EnableNmiRequest
 .text.XMC_SCU_INTERRUPT_DisableNmiRequest
                0x0000000008002c7c       0x10 lib_build/xmc4_scu.o
                0x0000000008002c7c                XMC_SCU_INTERRUPT_DisableNmiRequest
 .text.XMC_SCU_RESET_AssertPeripheralReset
                0x0000000008002c8c       0x18 lib_build/xmc4_scu.o
                0x0000000008002c8c                XMC_SCU_RESET_AssertPeripheralReset
 .text.XMC_SCU_RESET_DeassertPeripheralReset
                0x0000000008002ca4       0x18 lib_build/xmc4_scu.o
                0x0000000008002ca4                XMC_SCU_RESET_DeassertPeripheralReset
 .text.XMC_SCU_RESET_IsPeripheralResetAsserted
                0x0000000008002cbc       0x20 lib_build/xmc4_scu.o
                0x0000000008002cbc                XMC_SCU_RESET_IsPeripheralResetAsserted
 .text.XMC_SCU_CLOCK_GetSystemPllClockSourceFrequency
                0x0000000008002cdc       0x20 lib_build/xmc4_scu.o
                0x0000000008002cdc                XMC_SCU_CLOCK_GetSystemPllClockSourceFrequency
 .text.XMC_SCU_CLOCK_GetSystemPllClockFrequency
                0x0000000008002cfc       0x48 lib_build/xmc4_scu.o
                0x0000000008002cfc                XMC_SCU_CLOCK_GetSystemPllClockFrequency
 .text.XMC_SCU_CLOCK_GetUsbPllClockFrequency
                0x0000000008002d44       0x30 lib_build/xmc4_scu.o
                0x0000000008002d44                XMC_SCU_CLOCK_GetUsbPllClockFrequency
 .text.XMC_SCU_CLOCK_GetCcuClockFrequency
                0x0000000008002d74       0x20 lib_build/xmc4_scu.o
                0x0000000008002d74                XMC_SCU_CLOCK_GetCcuClockFrequency
 .text.XMC_SCU_CLOCK_GetUsbClockFrequency
                0x0000000008002d94       0x2c lib_build/xmc4_scu.o
                0x0000000008002d94                XMC_SCU_CLOCK_GetUsbClockFrequency
 .text.XMC_SCU_CLOCK_GetEbuClockFrequency
                0x0000000008002dc0       0x1c lib_build/xmc4_scu.o
                0x0000000008002dc0                XMC_SCU_CLOCK_GetEbuClockFrequency
 .text.XMC_SCU_CLOCK_GetWdtClockFrequency
                0x0000000008002ddc       0x40 lib_build/xmc4_scu.o
                0x0000000008002ddc                XMC_SCU_CLOCK_GetWdtClockFrequency
 .text.XMC_SCU_CLOCK_GetExternalOutputClockFrequency
                0x0000000008002e1c       0x58 lib_build/xmc4_scu.o
                0x0000000008002e1c                XMC_SCU_CLOCK_GetExternalOutputClockFrequency
 .text.XMC_SCU_CLOCK_GetPeripheralClockFrequency
                0x0000000008002e74       0x18 lib_build/xmc4_scu.o
                0x0000000008002e74                XMC_SCU_CLOCK_GetPeripheralClockFrequency
 .text.XMC_SCU_CLOCK_SetSystemClockSource
                0x0000000008002e8c       0x14 lib_build/xmc4_scu.o
                0x0000000008002e8c                XMC_SCU_CLOCK_SetSystemClockSource
 .text.XMC_SCU_CLOCK_SetUsbClockSource
                0x0000000008002ea0       0x14 lib_build/xmc4_scu.o
                0x0000000008002ea0                XMC_SCU_CLOCK_SetUsbClockSource
 .text.XMC_SCU_CLOCK_SetWdtClockSource
                0x0000000008002eb4       0x14 lib_build/xmc4_scu.o
                0x0000000008002eb4                XMC_SCU_CLOCK_SetWdtClockSource
 .text.XMC_SCU_CLOCK_SetExternalOutputClockSource
                0x0000000008002ec8       0x14 lib_build/xmc4_scu.o
                0x0000000008002ec8                XMC_SCU_CLOCK_SetExternalOutputClockSource
 .text.XMC_SCU_CLOCK_SetSystemPllClockSource
                0x0000000008002edc       0x28 lib_build/xmc4_scu.o
                0x0000000008002edc                XMC_SCU_CLOCK_SetSystemPllClockSource
 .text.XMC_SCU_HIB_SetRtcClockSource
                0x0000000008002f04       0x24 lib_build/xmc4_scu.o
                0x0000000008002f04                XMC_SCU_HIB_SetRtcClockSource
 .text.XMC_SCU_HIB_SetStandbyClockSource
                0x0000000008002f28       0x24 lib_build/xmc4_scu.o
                0x0000000008002f28                XMC_SCU_HIB_SetStandbyClockSource
 .text.XMC_SCU_CLOCK_SetSystemClockDivider
                0x0000000008002f4c       0x14 lib_build/xmc4_scu.o
                0x0000000008002f4c                XMC_SCU_CLOCK_SetSystemClockDivider
 .text.XMC_SCU_CLOCK_SetCcuClockDivider
                0x0000000008002f60       0x14 lib_build/xmc4_scu.o
                0x0000000008002f60                XMC_SCU_CLOCK_SetCcuClockDivider
 .text.XMC_SCU_CLOCK_SetCpuClockDivider
                0x0000000008002f74       0x14 lib_build/xmc4_scu.o
                0x0000000008002f74                XMC_SCU_CLOCK_SetCpuClockDivider
 .text.XMC_SCU_CLOCK_SetPeripheralClockDivider
                0x0000000008002f88       0x14 lib_build/xmc4_scu.o
                0x0000000008002f88                XMC_SCU_CLOCK_SetPeripheralClockDivider
 .text.XMC_SCU_CLOCK_SetUsbClockDivider
                0x0000000008002f9c       0x14 lib_build/xmc4_scu.o
                0x0000000008002f9c                XMC_SCU_CLOCK_SetUsbClockDivider
 .text.XMC_SCU_CLOCK_SetEbuClockDivider
                0x0000000008002fb0       0x14 lib_build/xmc4_scu.o
                0x0000000008002fb0                XMC_SCU_CLOCK_SetEbuClockDivider
 .text.XMC_SCU_CLOCK_SetWdtClockDivider
                0x0000000008002fc4       0x14 lib_build/xmc4_scu.o
                0x0000000008002fc4                XMC_SCU_CLOCK_SetWdtClockDivider
 .text.XMC_SCU_CLOCK_SetExternalOutputClockDivider
                0x0000000008002fd8       0x1c lib_build/xmc4_scu.o
                0x0000000008002fd8                XMC_SCU_CLOCK_SetExternalOutputClockDivider
 .text.XMC_SCU_CLOCK_EnableClock
                0x0000000008002ff4        0xc lib_build/xmc4_scu.o
                0x0000000008002ff4                XMC_SCU_CLOCK_EnableClock
 .text.XMC_SCU_CLOCK_DisableClock
                0x0000000008003000        0xc lib_build/xmc4_scu.o
                0x0000000008003000                XMC_SCU_CLOCK_DisableClock
 .text.XMC_SCU_CLOCK_IsClockEnabled
                0x000000000800300c       0x14 lib_build/xmc4_scu.o
                0x000000000800300c                XMC_SCU_CLOCK_IsClockEnabled
 .text.XMC_SCU_POWER_GetEVR13Voltage
                0x0000000008003020       0x24 lib_build/xmc4_scu.o
                0x0000000008003020                XMC_SCU_POWER_GetEVR13Voltage
 .text.XMC_SCU_POWER_GetEVR33Voltage
                0x0000000008003044       0x28 lib_build/xmc4_scu.o
                0x0000000008003044                XMC_SCU_POWER_GetEVR33Voltage
 .text.XMC_SCU_CLOCK_EnableUsbPll
                0x000000000800306c       0x14 lib_build/xmc4_scu.o
                0x000000000800306c                XMC_SCU_CLOCK_EnableUsbPll
 .text.XMC_SCU_CLOCK_DisableUsbPll
                0x0000000008003080       0x14 lib_build/xmc4_scu.o
                0x0000000008003080                XMC_SCU_CLOCK_DisableUsbPll
 .text.XMC_SCU_CLOCK_StartUsbPll
                0x0000000008003094       0x48 lib_build/xmc4_scu.o
                0x0000000008003094                XMC_SCU_CLOCK_StartUsbPll
 .text.XMC_SCU_CLOCK_StopUsbPll
                0x00000000080030dc       0x10 lib_build/xmc4_scu.o
                0x00000000080030dc                XMC_SCU_CLOCK_StopUsbPll
 .text.XMC_SCU_CLOCK_SetBackupClockCalibrationMode
                0x00000000080030ec       0x38 lib_build/xmc4_scu.o
                0x00000000080030ec                XMC_SCU_CLOCK_SetBackupClockCalibrationMode
 .text.XMC_SCU_POWER_EnableUsb
                0x0000000008003124       0x10 lib_build/xmc4_scu.o
                0x0000000008003124                XMC_SCU_POWER_EnableUsb
 .text.XMC_SCU_POWER_DisableUsb
                0x0000000008003134       0x10 lib_build/xmc4_scu.o
                0x0000000008003134                XMC_SCU_POWER_DisableUsb
 .text.XMC_SCU_CLOCK_IsUsbPllLocked
                0x0000000008003144       0x10 lib_build/xmc4_scu.o
                0x0000000008003144                XMC_SCU_CLOCK_IsUsbPllLocked
 .text.XMC_SCU_HIB_EnableHibernateDomain
                0x0000000008003154       0x40 lib_build/xmc4_scu.o
                0x0000000008003154                XMC_SCU_HIB_EnableHibernateDomain
 .text.XMC_SCU_HIB_DisableHibernateDomain
                0x0000000008003194       0x18 lib_build/xmc4_scu.o
                0x0000000008003194                XMC_SCU_HIB_DisableHibernateDomain
 .text.XMC_SCU_HIB_IsHibernateDomainEnabled
                0x00000000080031ac       0x24 lib_build/xmc4_scu.o
                0x00000000080031ac                XMC_SCU_HIB_IsHibernateDomainEnabled
 .text.XMC_SCU_HIB_EnableInternalSlowClock
                0x00000000080031d0       0x20 lib_build/xmc4_scu.o
                0x00000000080031d0                XMC_SCU_HIB_EnableInternalSlowClock
 .text.XMC_SCU_HIB_DisableInternalSlowClock
                0x00000000080031f0       0x20 lib_build/xmc4_scu.o
                0x00000000080031f0                XMC_SCU_HIB_DisableInternalSlowClock
 .text.XMC_SCU_HIB_ClearEventStatus
                0x0000000008003210       0x1c lib_build/xmc4_scu.o
                0x0000000008003210                XMC_SCU_HIB_ClearEventStatus
 .text.XMC_SCU_HIB_TriggerEvent
                0x000000000800322c       0x1c lib_build/xmc4_scu.o
                0x000000000800322c                XMC_SCU_HIB_TriggerEvent
 .text.XMC_SCU_HIB_EnableEvent
                0x0000000008003248       0x20 lib_build/xmc4_scu.o
                0x0000000008003248                XMC_SCU_HIB_EnableEvent
 .text.XMC_SCU_HIB_DisableEvent
                0x0000000008003268       0x20 lib_build/xmc4_scu.o
                0x0000000008003268                XMC_SCU_HIB_DisableEvent
 .text.XMC_SCU_HIB_EnterHibernateState
                0x0000000008003288       0x20 lib_build/xmc4_scu.o
                0x0000000008003288                XMC_SCU_HIB_EnterHibernateState
 .text.XMC_SCU_HIB_EnterHibernateStateEx
                0x00000000080032a8        0xc lib_build/xmc4_scu.o
                0x00000000080032a8                XMC_SCU_HIB_EnterHibernateStateEx
 .text.XMC_SCU_HIB_SetWakeupTriggerInput
                0x00000000080032b4       0x30 lib_build/xmc4_scu.o
                0x00000000080032b4                XMC_SCU_HIB_SetWakeupTriggerInput
 .text.XMC_SCU_HIB_SetPinMode
                0x00000000080032e4       0x34 lib_build/xmc4_scu.o
                0x00000000080032e4                XMC_SCU_HIB_SetPinMode
 .text.XMC_SCU_HIB_SetPinOutputLevel
                0x0000000008003318       0x30 lib_build/xmc4_scu.o
                0x0000000008003318                XMC_SCU_HIB_SetPinOutputLevel
 .text.XMC_SCU_HIB_SetInput0
                0x0000000008003348       0x30 lib_build/xmc4_scu.o
                0x0000000008003348                XMC_SCU_HIB_SetInput0
 .text.XMC_SCU_HIB_SetSR0Input
                0x0000000008003378       0x24 lib_build/xmc4_scu.o
                0x0000000008003378                XMC_SCU_HIB_SetSR0Input
 .text.XMC_SCU_CLOCK_IsLowPowerOscillatorStable
                0x000000000800339c       0x14 lib_build/xmc4_scu.o
                0x000000000800339c                XMC_SCU_CLOCK_IsLowPowerOscillatorStable
 .text.XMC_SCU_CLOCK_EnableLowPowerOscillator
                0x00000000080033b0       0x58 lib_build/xmc4_scu.o
                0x00000000080033b0                XMC_SCU_CLOCK_EnableLowPowerOscillator
 .text.XMC_SCU_CLOCK_DisableLowPowerOscillator
                0x0000000008003408       0x20 lib_build/xmc4_scu.o
                0x0000000008003408                XMC_SCU_CLOCK_DisableLowPowerOscillator
 .text.XMC_SCU_CLOCK_EnableLowPowerOscillatorGeneralPurposeInput
                0x0000000008003428       0x20 lib_build/xmc4_scu.o
                0x0000000008003428                XMC_SCU_CLOCK_EnableLowPowerOscillatorGeneralPurposeInput
 .text.XMC_SCU_CLOCK_DisableLowPowerOscillatorGeneralPurposeInput
                0x0000000008003448       0x24 lib_build/xmc4_scu.o
                0x0000000008003448                XMC_SCU_CLOCK_DisableLowPowerOscillatorGeneralPurposeInput
 .text.XMC_SCU_CLOCK_GetLowPowerOscillatorGeneralPurposeInputStatus
                0x000000000800346c       0x10 lib_build/xmc4_scu.o
                0x000000000800346c                XMC_SCU_CLOCK_GetLowPowerOscillatorGeneralPurposeInputStatus
 .text.XMC_SCU_CLOCK_EnableHighPerformanceOscillator
                0x000000000800347c       0x44 lib_build/xmc4_scu.o
                0x000000000800347c                XMC_SCU_CLOCK_EnableHighPerformanceOscillator
 .text.XMC_SCU_CLOCK_IsHighPerformanceOscillatorStable
                0x00000000080034c0       0x18 lib_build/xmc4_scu.o
                0x00000000080034c0                XMC_SCU_CLOCK_IsHighPerformanceOscillatorStable
 .text.XMC_SCU_CLOCK_DisableHighPerformanceOscillator
                0x00000000080034d8       0x10 lib_build/xmc4_scu.o
                0x00000000080034d8                XMC_SCU_CLOCK_DisableHighPerformanceOscillator
 .text.XMC_SCU_CLOCK_EnableHighPerformanceOscillatorGeneralPurposeInput
                0x00000000080034e8       0x10 lib_build/xmc4_scu.o
                0x00000000080034e8                XMC_SCU_CLOCK_EnableHighPerformanceOscillatorGeneralPurposeInput
 .text.XMC_SCU_CLOCK_DisableHighPerformanceOscillatorGeneralPurposeInput
                0x00000000080034f8       0x10 lib_build/xmc4_scu.o
                0x00000000080034f8                XMC_SCU_CLOCK_DisableHighPerformanceOscillatorGeneralPurposeInput
 .text.XMC_SCU_CLOCK_GetHighPerformanceOscillatorGeneralPurposeInputStatus
                0x0000000008003508       0x10 lib_build/xmc4_scu.o
                0x0000000008003508                XMC_SCU_CLOCK_GetHighPerformanceOscillatorGeneralPurposeInputStatus
 .text.XMC_SCU_CLOCK_EnableSystemPll
                0x0000000008003518       0x14 lib_build/xmc4_scu.o
                0x0000000008003518                XMC_SCU_CLOCK_EnableSystemPll
 .text.XMC_SCU_CLOCK_DisableSystemPll
                0x000000000800352c       0x14 lib_build/xmc4_scu.o
                0x000000000800352c                XMC_SCU_CLOCK_DisableSystemPll
 .text.XMC_SCU_CLOCK_StopSystemPll
                0x0000000008003540       0x10 lib_build/xmc4_scu.o
                0x0000000008003540                XMC_SCU_CLOCK_StopSystemPll
 .text.XMC_SCU_CLOCK_StepSystemPllFrequency
                0x0000000008003550       0x20 lib_build/xmc4_scu.o
                0x0000000008003550                XMC_SCU_CLOCK_StepSystemPllFrequency
 .text.XMC_SCU_CLOCK_StartSystemPll
                0x0000000008003570      0x108 lib_build/xmc4_scu.o
                0x0000000008003570                XMC_SCU_CLOCK_StartSystemPll
 .text.XMC_SCU_CLOCK_Init
                0x0000000008003678       0xa0 lib_build/xmc4_scu.o
                0x0000000008003678                XMC_SCU_CLOCK_Init
 .text.XMC_SCU_CLOCK_IsSystemPllLocked
                0x0000000008003718       0x10 lib_build/xmc4_scu.o
                0x0000000008003718                XMC_SCU_CLOCK_IsSystemPllLocked
 .text.XMC_SCU_INTERRUPT_SetEventHandler
                0x0000000008003728       0x38 lib_build/xmc4_scu.o
                0x0000000008003728                XMC_SCU_INTERRUPT_SetEventHandler
 .text.XMC_SCU_IRQHandler
                0x0000000008003760       0x40 lib_build/xmc4_scu.o
                0x0000000008003760                XMC_SCU_IRQHandler
 .text          0x00000000080037a0        0x0 lib_build/EndpointStream_XMC4000.o
 .text.Endpoint_Write_Stream_LE
                0x00000000080037a0       0xbc lib_build/EndpointStream_XMC4000.o
                0x00000000080037a0                Endpoint_Write_Stream_LE
 .text.SwapCopy
                0x000000000800385c       0x22 lib_build/EndpointStream_XMC4000.o
                0x000000000800385c                SwapCopy
 *fill*         0x000000000800387e        0x2 
 .text.Endpoint_Write_Stream_BE
                0x0000000008003880       0x98 lib_build/EndpointStream_XMC4000.o
                0x0000000008003880                Endpoint_Write_Stream_BE
 .text.Endpoint_Read_Stream_LE
                0x0000000008003918       0x98 lib_build/EndpointStream_XMC4000.o
                0x0000000008003918                Endpoint_Read_Stream_LE
 .text.Endpoint_Read_Stream_BE
                0x00000000080039b0       0x98 lib_build/EndpointStream_XMC4000.o
                0x00000000080039b0                Endpoint_Read_Stream_BE
 .text.Endpoint_Write_Control_Stream_LE
                0x0000000008003a48       0x48 lib_build/EndpointStream_XMC4000.o
                0x0000000008003a48                Endpoint_Write_Control_Stream_LE
 .text.Endpoint_Write_Control_Stream_BE
                0x0000000008003a90        0x8 lib_build/EndpointStream_XMC4000.o
                0x0000000008003a90                Endpoint_Write_Control_Stream_BE
 .text.Endpoint_Read_Control_Stream_LE
                0x0000000008003a98       0x50 lib_build/EndpointStream_XMC4000.o
                0x0000000008003a98                Endpoint_Read_Control_Stream_LE
 .text.Endpoint_Read_Control_Stream_BE
                0x0000000008003ae8        0x8 lib_build/EndpointStream_XMC4000.o
                0x0000000008003ae8                Endpoint_Read_Control_Stream_BE
 .text.Endpoint_Null_Stream
                0x0000000008003af0       0x98 lib_build/EndpointStream_XMC4000.o
                0x0000000008003af0                Endpoint_Null_Stream
 .text          0x0000000008003b88        0x0 lib_build/memcpy.o
 .text.thumb2_memcpy
                0x0000000008003b88       0x3c lib_build/memcpy.o
                0x0000000008003b88                thumb2_memcpy
 .text          0x0000000008003bc4        0x0 lib_build/startup_XMC4500.o
 .text          0x0000000008003bc4        0x0 lib_build/system_XMC4500.o
 .text.delay    0x0000000008003bc4       0x1e lib_build/system_XMC4500.o
 *fill*         0x0000000008003be2        0x2 
 .text.SystemCoreSetup
                0x0000000008003be4       0x44 lib_build/system_XMC4500.o
                0x0000000008003be4                SystemCoreSetup
 .text.OSCHP_GetFrequency
                0x0000000008003c28        0x8 lib_build/system_XMC4500.o
                0x0000000008003c28                OSCHP_GetFrequency
 .text.SystemCoreClockUpdate
                0x0000000008003c30       0x8c lib_build/system_XMC4500.o
                0x0000000008003c30                SystemCoreClockUpdate
 .text.SystemCoreClockSetup
                0x0000000008003cbc      0x1a0 lib_build/system_XMC4500.o
 .text.SystemInit
                0x0000000008003e5c       0x1c lib_build/system_XMC4500.o
                0x0000000008003e5c                SystemInit
 .text          0x0000000008003e78        0x0 lib_build/syscalls.o
 .text._sbrk    0x0000000008003e78       0x44 lib_build/syscalls.o
                0x0000000008003e78                _sbrk
 .text._init    0x0000000008003ebc        0x2 lib_build/syscalls.o
                0x0000000008003ebc                _init
 .text          0x0000000008003ebe        0x0 /usr/bin/../lib/gcc/arm-none-eabi/7.3.1/../../../../arm-none-eabi/lib/thumb/v7e-m/libg.a(lib_a-calloc.o)
 *fill*         0x0000000008003ebe        0x2 
 .text.calloc   0x0000000008003ec0       0x10 /usr/bin/../lib/gcc/arm-none-eabi/7.3.1/../../../../arm-none-eabi/lib/thumb/v7e-m/libg.a(lib_a-calloc.o)
                0x0000000008003ec0                calloc
 .text          0x0000000008003ed0        0x0 /usr/bin/../lib/gcc/arm-none-eabi/7.3.1/../../../../arm-none-eabi/lib/thumb/v7e-m/libg.a(lib_a-callocr.o)
 .text._calloc_r
                0x0000000008003ed0       0x68 /usr/bin/../lib/gcc/arm-none-eabi/7.3.1/../../../../arm-none-eabi/lib/thumb/v7e-m/libg.a(lib_a-callocr.o)
                0x0000000008003ed0                _calloc_r
 .text          0x0000000008003f38        0x0 /usr/bin/../lib/gcc/arm-none-eabi/7.3.1/../../../../arm-none-eabi/lib/thumb/v7e-m/libg.a(lib_a-errno.o)
 .text.__errno  0x0000000008003f38        0xc /usr/bin/../lib/gcc/arm-none-eabi/7.3.1/../../../../arm-none-eabi/lib/thumb/v7e-m/libg.a(lib_a-errno.o)
                0x0000000008003f38                __errno
 .text          0x0000000008003f44        0x0 /usr/bin/../lib/gcc/arm-none-eabi/7.3.1/../../../../arm-none-eabi/lib/thumb/v7e-m/libg.a(lib_a-impure.o)
 .text          0x0000000008003f44        0x0 /usr/bin/../lib/gcc/arm-none-eabi/7.3.1/../../../../arm-none-eabi/lib/thumb/v7e-m/libg.a(lib_a-init.o)
 .text.__libc_init_array
                0x0000000008003f44       0x48 /usr/bin/../lib/gcc/arm-none-eabi/7.3.1/../../../../arm-none-eabi/lib/thumb/v7e-m/libg.a(lib_a-init.o)
                0x0000000008003f44                __libc_init_array
 .text          0x0000000008003f8c        0x0 /usr/bin/../lib/gcc/arm-none-eabi/7.3.1/../../../../arm-none-eabi/lib/thumb/v7e-m/libg.a(lib_a-malloc.o)
 .text.malloc   0x0000000008003f8c       0x10 /usr/bin/../lib/gcc/arm-none-eabi/7.3.1/../../../../arm-none-eabi/lib/thumb/v7e-m/libg.a(lib_a-malloc.o)
                0x0000000008003f8c                malloc
 .text.free     0x0000000008003f9c       0x10 /usr/bin/../lib/gcc/arm-none-eabi/7.3.1/../../../../arm-none-eabi/lib/thumb/v7e-m/libg.a(lib_a-malloc.o)
                0x0000000008003f9c                free
 .text          0x0000000008003fac        0x0 /usr/bin/../lib/gcc/arm-none-eabi/7.3.1/../../../../arm-none-eabi/lib/thumb/v7e-m/libg.a(lib_a-mallocr.o)
 .text._malloc_r
                0x0000000008003fac      0x548 /usr/bin/../lib/gcc/arm-none-eabi/7.3.1/../../../../arm-none-eabi/lib/thumb/v7e-m/libg.a(lib_a-mallocr.o)
                0x0000000008003fac                _malloc_r
 .text          0x00000000080044f4      0x134 /usr/bin/../lib/gcc/arm-none-eabi/7.3.1/../../../../arm-none-eabi/lib/thumb/v7e-m/libg.a(lib_a-memcpy.o)
                0x00000000080044f4                memcpy
 .text          0x0000000008004628        0x0 /usr/bin/../lib/gcc/arm-none-eabi/7.3.1/../../../../arm-none-eabi/lib/thumb/v7e-m/libg.a(lib_a-memset.o)
 .text.memset   0x0000000008004628       0x94 /usr/bin/../lib/gcc/arm-none-eabi/7.3.1/../../../../arm-none-eabi/lib/thumb/v7e-m/libg.a(lib_a-memset.o)
                0x0000000008004628                memset
 .text          0x00000000080046bc        0x0 /usr/bin/../lib/gcc/arm-none-eabi/7.3.1/../../../../arm-none-eabi/lib/thumb/v7e-m/libg.a(lib_a-mlock.o)
 .text.__malloc_lock
                0x00000000080046bc        0xc /usr/bin/../lib/gcc/arm-none-eabi/7.3.1/../../../../arm-none-eabi/lib/thumb/v7e-m/libg.a(lib_a-mlock.o)
                0x00000000080046bc                __malloc_lock
 .text.__malloc_unlock
                0x00000000080046c8        0xc /usr/bin/../lib/gcc/arm-none-eabi/7.3.1/../../../../arm-none-eabi/lib/thumb/v7e-m/libg.a(lib_a-mlock.o)
                0x00000000080046c8                __malloc_unlock
 .text          0x00000000080046d4        0x0 /usr/bin/../lib/gcc/arm-none-eabi/7.3.1/../../../../arm-none-eabi/lib/thumb/v7e-m/libg.a(lib_a-rand.o)
 .text.srand    0x00000000080046d4       0x10 /usr/bin/../lib/gcc/arm-none-eabi/7.3.1/../../../../arm-none-eabi/lib/thumb/v7e-m/libg.a(lib_a-rand.o)
                0x00000000080046d4                srand
 .text.rand     0x00000000080046e4       0x3c /usr/bin/../lib/gcc/arm-none-eabi/7.3.1/../../../../arm-none-eabi/lib/thumb/v7e-m/libg.a(lib_a-rand.o)
                0x00000000080046e4                rand
 .text          0x0000000008004720        0x0 /usr/bin/../lib/gcc/arm-none-eabi/7.3.1/../../../../arm-none-eabi/lib/thumb/v7e-m/libg.a(lib_a-sbrkr.o)
 .text._sbrk_r  0x0000000008004720       0x24 /usr/bin/../lib/gcc/arm-none-eabi/7.3.1/../../../../arm-none-eabi/lib/thumb/v7e-m/libg.a(lib_a-sbrkr.o)
                0x0000000008004720                _sbrk_r
 *fill*         0x0000000008004744       0x3c 
 .text          0x0000000008004780       0xdc /usr/bin/../lib/gcc/arm-none-eabi/7.3.1/../../../../arm-none-eabi/lib/thumb/v7e-m/libg.a(lib_a-strlen.o)
                0x0000000008004780                strlen
 .text          0x000000000800485c        0x0 /usr/bin/../lib/gcc/arm-none-eabi/7.3.1/../../../../arm-none-eabi/lib/thumb/v7e-m/libg.a(lib_a-freer.o)
 .text._malloc_trim_r
                0x000000000800485c       0xa0 /usr/bin/../lib/gcc/arm-none-eabi/7.3.1/../../../../arm-none-eabi/lib/thumb/v7e-m/libg.a(lib_a-freer.o)
                0x000000000800485c                _malloc_trim_r
 .text._free_r  0x00000000080048fc      0x1e8 /usr/bin/../lib/gcc/arm-none-eabi/7.3.1/../../../../arm-none-eabi/lib/thumb/v7e-m/libg.a(lib_a-freer.o)
                0x00000000080048fc                _free_r
 .text          0x0000000008004ae4        0x0 /usr/bin/../lib/gcc/arm-none-eabi/7.3.1/../../../../arm-none-eabi/lib/thumb/v7e-m/libg.a(lib_a-lock.o)
 .text.__retarget_lock_init
                0x0000000008004ae4        0x4 /usr/bin/../lib/gcc/arm-none-eabi/7.3.1/../../../../arm-none-eabi/lib/thumb/v7e-m/libg.a(lib_a-lock.o)
                0x0000000008004ae4                __retarget_lock_init
 .text.__retarget_lock_init_recursive
                0x0000000008004ae8        0x4 /usr/bin/../lib/gcc/arm-none-eabi/7.3.1/../../../../arm-none-eabi/lib/thumb/v7e-m/libg.a(lib_a-lock.o)
                0x0000000008004ae8                __retarget_lock_init_recursive
 .text.__retarget_lock_close
                0x0000000008004aec        0x4 /usr/bin/../lib/gcc/arm-none-eabi/7.3.1/../../../../arm-none-eabi/lib/thumb/v7e-m/libg.a(lib_a-lock.o)
                0x0000000008004aec                __retarget_lock_close
 .text.__retarget_lock_close_recursive
                0x0000000008004af0        0x4 /usr/bin/../lib/gcc/arm-none-eabi/7.3.1/../../../../arm-none-eabi/lib/thumb/v7e-m/libg.a(lib_a-lock.o)
                0x0000000008004af0                __retarget_lock_close_recursive
 .text.__retarget_lock_acquire
                0x0000000008004af4        0x4 /usr/bin/../lib/gcc/arm-none-eabi/7.3.1/../../../../arm-none-eabi/lib/thumb/v7e-m/libg.a(lib_a-lock.o)
                0x0000000008004af4                __retarget_lock_acquire
 .text.__retarget_lock_acquire_recursive
                0x0000000008004af8        0x4 /usr/bin/../lib/gcc/arm-none-eabi/7.3.1/../../../../arm-none-eabi/lib/thumb/v7e-m/libg.a(lib_a-lock.o)
                0x0000000008004af8                __retarget_lock_acquire_recursive
 .text.__retarget_lock_try_acquire
                0x0000000008004afc        0x4 /usr/bin/../lib/gcc/arm-none-eabi/7.3.1/../../../../arm-none-eabi/lib/thumb/v7e-m/libg.a(lib_a-lock.o)
                0x0000000008004afc                __retarget_lock_try_acquire
 .text.__retarget_lock_try_acquire_recursive
                0x0000000008004b00        0x4 /usr/bin/../lib/gcc/arm-none-eabi/7.3.1/../../../../arm-none-eabi/lib/thumb/v7e-m/libg.a(lib_a-lock.o)
                0x0000000008004b00                __retarget_lock_try_acquire_recursive
 .text.__retarget_lock_release
                0x0000000008004b04        0x4 /usr/bin/../lib/gcc/arm-none-eabi/7.3.1/../../../../arm-none-eabi/lib/thumb/v7e-m/libg.a(lib_a-lock.o)
                0x0000000008004b04                __retarget_lock_release
 .text.__retarget_lock_release_recursive
                0x0000000008004b08        0x4 /usr/bin/../lib/gcc/arm-none-eabi/7.3.1/../../../../arm-none-eabi/lib/thumb/v7e-m/libg.a(lib_a-lock.o)
                0x0000000008004b08                __retarget_lock_release_recursive
 .text          0x0000000008004b0c        0x0 /usr/bin/../lib/gcc/arm-none-eabi/7.3.1/../../../../arm-none-eabi/lib/thumb/v7e-m/libg.a(lib_a-reent.o)
 .text.cleanup_glue
                0x0000000008004b0c       0x28 /usr/bin/../lib/gcc/arm-none-eabi/7.3.1/../../../../arm-none-eabi/lib/thumb/v7e-m/libg.a(lib_a-reent.o)
                0x0000000008004b0c                cleanup_glue
 .text._reclaim_reent
                0x0000000008004b34       0x88 /usr/bin/../lib/gcc/arm-none-eabi/7.3.1/../../../../arm-none-eabi/lib/thumb/v7e-m/libg.a(lib_a-reent.o)
                0x0000000008004b34                _reclaim_reent
 *(.init)
 *(.fini)
 *crtbegin.o(.ctors)
 *crtbegin?.o(.ctors)
 *(EXCLUDE_FILE(*crtend.o *crtend?.o) .ctors)
 *(SORT_BY_NAME(.ctors.*))
 *(.ctors)
 *crtbegin.o(.dtors)
 *crtbegin?.o(.dtors)
 *(EXCLUDE_FILE(*crtend.o *crtend?.o) .dtors)
 *(SORT_BY_NAME(.dtors.*))
 *(.dtors)
 *(.rodata .rodata.*)
 .rodata        0x0000000008004bbc        0x8 build/main.o
 .rodata        0x0000000008004bc4       0xda build/Descriptors.o
                0x0000000008004bc4                DeviceDescriptor
                0x0000000008004bd8                ConfigurationDescriptor
                0x0000000008004c18                LanguageString
                0x0000000008004c20                ProductString
                0x0000000008004c44                ManufacturerString
 *fill*         0x0000000008004c9e        0x2 
 .rodata        0x0000000008004ca0      0x140 build/base64url.o
 .rodata        0x0000000008004de0       0x40 lib_build/xmc_usbd.o
                0x0000000008004de0                Driver_USBD0
 .rodata        0x0000000008004e20        0x8 lib_build/CDCClassDevice.o
 .rodata._global_impure_ptr
                0x0000000008004e28        0x4 /usr/bin/../lib/gcc/arm-none-eabi/7.3.1/../../../../arm-none-eabi/lib/thumb/v7e-m/libg.a(lib_a-impure.o)
                0x0000000008004e28                _global_impure_ptr
 *(.gnu.linkonce.r*)
 *(vtable)
                0x0000000008004e2c                . = ALIGN (0x4)

.glue_7         0x0000000008004e2c        0x0 load address 0x000000000c004e2c
 .glue_7        0x0000000008004e2c        0x0 linker stubs

.glue_7t        0x0000000008004e2c        0x0 load address 0x000000000c004e2c
 .glue_7t       0x0000000008004e2c        0x0 linker stubs

.vfp11_veneer   0x0000000008004e2c        0x0 load address 0x000000000c004e2c
 .vfp11_veneer  0x0000000008004e2c        0x0 linker stubs

.v4_bx          0x0000000008004e2c        0x0 load address 0x000000000c004e2c
 .v4_bx         0x0000000008004e2c        0x0 linker stubs

.iplt           0x0000000008004e2c        0x0 load address 0x000000000c004e2c
 .iplt          0x0000000008004e2c        0x0 build/main.o

.rel.dyn        0x0000000008004e2c        0x0 load address 0x000000000c004e2c
 .rel.iplt      0x0000000008004e2c        0x0 build/main.o

.eh_frame_hdr
 *(.eh_frame_hdr)

.eh_frame
 *(.eh_frame)

.ARM.extab
 *(.ARM.extab* .gnu.linkonce.armextab.*)
                0x0000000008004e2c                . = ALIGN (0x4)
                0x0000000008004e2c                __exidx_start = .

.ARM.exidx
 *(.ARM.exidx* .gnu.linkonce.armexidx.*)
                0x0000000008004e2c                __exidx_end = .
                0x0000000008004e2c                . = ALIGN (0x4)

Stack           0x0000000010000000      0x800
                0x0000000010000000                __stack_start = .
                0x0000000010000800                . = (. + stack_size)
 *fill*         0x0000000010000000      0x800 
                0x0000000010000800                __stack_end = .
                0x0000000010000800                __initial_sp = .

.ram_code       0x0000000010000800        0x0 load address 0x000000000c004e2c
                0x0000000010000800                . = ALIGN (0x4)
                0x0000000010000800                __ram_code_start = .
 *(.ram_code)
                0x0000000010000800                . = ALIGN (0x4)
                0x0000000010000800                __ram_code_end = .
                0x000000000c004e2c                __ram_code_load = LOADADDR (.ram_code)
                0x0000000000000000                __ram_code_size = (__ram_code_end - __ram_code_start)

PSRAM_DATA      0x0000000010000800        0x0 load address 0x000000000c004e2c
                0x0000000010000800                . = ALIGN (0x4)
                0x0000000010000800                __data3_start = .
 *(PSRAM_DATA)
                0x0000000010000800                . = ALIGN (0x4)
                0x0000000010000800                __data3_end = .
                0x000000000c004e2c                __data3_load = LOADADDR (PSRAM_DATA)
                0x0000000000000000                __data3_size = (__data3_end - __data3_start)

PSRAM_BSS       0x0000000010000800        0x0 load address 0x000000000c004e2c
                0x0000000010000800                . = ALIGN (0x4)
                0x0000000010000800                __bss3_start = .
 *(PSRAM_BSS)
                0x0000000010000800                . = ALIGN (0x4)
                0x0000000010000800                __bss3_end = .
                0x0000000010000800                . = ALIGN (0x8)
                0x0000000010000800                Heap_Bank3_Start = .
                0x0000000000000000                __bss3_size = (__bss3_end - __bss3_start)

.data           0x0000000020000000      0x870 load address 0x000000000c004e2c
                0x0000000020000000                . = ALIGN (0x4)
                0x0000000020000000                __data_start = .
 *(.data)
 .data          0x0000000020000000        0x0 build/main.o
 .data          0x0000000020000000        0x0 build/clockSetup.o
 .data          0x0000000020000000       0x30 build/VirtualSerial.o
                0x0000000020000000                USB_runtime
                0x0000000020000010                VirtualSerial_CDC_Interface
 .data          0x0000000020000030        0x0 build/Descriptors.o
 .data          0x0000000020000030        0x0 build/packetizer.o
 .data          0x0000000020000030        0x0 build/crypto.o
 .data          0x0000000020000030        0x0 build/base64url.o
 .data          0x0000000020000030        0x0 lib_build/USBController_XMC4000.o
 .data          0x0000000020000030        0x0 lib_build/xmc_usbd.o
 .data          0x0000000020000030        0x0 lib_build/CDCClassDevice.o
 .data          0x0000000020000030        0x0 lib_build/USBTask.o
 .data          0x0000000020000030        0x0 lib_build/Endpoint_XMC4000.o
 .data          0x0000000020000030        0x0 lib_build/xmc4_scu.o
 .data          0x0000000020000030        0x0 lib_build/EndpointStream_XMC4000.o
 .data          0x0000000020000030        0x0 lib_build/memcpy.o
 .data          0x0000000020000030        0x0 lib_build/startup_XMC4500.o
 .data          0x0000000020000030        0x0 lib_build/system_XMC4500.o
 .data          0x0000000020000030        0x0 lib_build/syscalls.o
 .data          0x0000000020000030        0x0 /usr/bin/../lib/gcc/arm-none-eabi/7.3.1/../../../../arm-none-eabi/lib/thumb/v7e-m/libg.a(lib_a-calloc.o)
 .data          0x0000000020000030        0x0 /usr/bin/../lib/gcc/arm-none-eabi/7.3.1/../../../../arm-none-eabi/lib/thumb/v7e-m/libg.a(lib_a-callocr.o)
 .data          0x0000000020000030        0x0 /usr/bin/../lib/gcc/arm-none-eabi/7.3.1/../../../../arm-none-eabi/lib/thumb/v7e-m/libg.a(lib_a-errno.o)
 .data          0x0000000020000030        0x0 /usr/bin/../lib/gcc/arm-none-eabi/7.3.1/../../../../arm-none-eabi/lib/thumb/v7e-m/libg.a(lib_a-impure.o)
 .data          0x0000000020000030        0x0 /usr/bin/../lib/gcc/arm-none-eabi/7.3.1/../../../../arm-none-eabi/lib/thumb/v7e-m/libg.a(lib_a-init.o)
 .data          0x0000000020000030        0x0 /usr/bin/../lib/gcc/arm-none-eabi/7.3.1/../../../../arm-none-eabi/lib/thumb/v7e-m/libg.a(lib_a-malloc.o)
 .data          0x0000000020000030        0x0 /usr/bin/../lib/gcc/arm-none-eabi/7.3.1/../../../../arm-none-eabi/lib/thumb/v7e-m/libg.a(lib_a-mallocr.o)
 .data          0x0000000020000030        0x0 /usr/bin/../lib/gcc/arm-none-eabi/7.3.1/../../../../arm-none-eabi/lib/thumb/v7e-m/libg.a(lib_a-memcpy.o)
 .data          0x0000000020000030        0x0 /usr/bin/../lib/gcc/arm-none-eabi/7.3.1/../../../../arm-none-eabi/lib/thumb/v7e-m/libg.a(lib_a-memset.o)
 .data          0x0000000020000030        0x0 /usr/bin/../lib/gcc/arm-none-eabi/7.3.1/../../../../arm-none-eabi/lib/thumb/v7e-m/libg.a(lib_a-mlock.o)
 .data          0x0000000020000030        0x0 /usr/bin/../lib/gcc/arm-none-eabi/7.3.1/../../../../arm-none-eabi/lib/thumb/v7e-m/libg.a(lib_a-rand.o)
 .data          0x0000000020000030        0x0 /usr/bin/../lib/gcc/arm-none-eabi/7.3.1/../../../../arm-none-eabi/lib/thumb/v7e-m/libg.a(lib_a-sbrkr.o)
 .data          0x0000000020000030        0x0 /usr/bin/../lib/gcc/arm-none-eabi/7.3.1/../../../../arm-none-eabi/lib/thumb/v7e-m/libg.a(lib_a-strlen.o)
 .data          0x0000000020000030        0x0 /usr/bin/../lib/gcc/arm-none-eabi/7.3.1/../../../../arm-none-eabi/lib/thumb/v7e-m/libg.a(lib_a-freer.o)
 .data          0x0000000020000030        0x0 /usr/bin/../lib/gcc/arm-none-eabi/7.3.1/../../../../arm-none-eabi/lib/thumb/v7e-m/libg.a(lib_a-lock.o)
 .data          0x0000000020000030        0x0 /usr/bin/../lib/gcc/arm-none-eabi/7.3.1/../../../../arm-none-eabi/lib/thumb/v7e-m/libg.a(lib_a-reent.o)
 *(.data*)
 .data._impure_ptr
                0x0000000020000030        0x4 /usr/bin/../lib/gcc/arm-none-eabi/7.3.1/../../../../arm-none-eabi/lib/thumb/v7e-m/libg.a(lib_a-impure.o)
                0x0000000020000030                _impure_ptr
 *fill*         0x0000000020000034        0x4 
 .data.impure_data
                0x0000000020000038      0x428 /usr/bin/../lib/gcc/arm-none-eabi/7.3.1/../../../../arm-none-eabi/lib/thumb/v7e-m/libg.a(lib_a-impure.o)
 .data.__malloc_av_
                0x0000000020000460      0x408 /usr/bin/../lib/gcc/arm-none-eabi/7.3.1/../../../../arm-none-eabi/lib/thumb/v7e-m/libg.a(lib_a-mallocr.o)
                0x0000000020000460                __malloc_av_
 .data.__malloc_sbrk_base
                0x0000000020000868        0x4 /usr/bin/../lib/gcc/arm-none-eabi/7.3.1/../../../../arm-none-eabi/lib/thumb/v7e-m/libg.a(lib_a-mallocr.o)
                0x0000000020000868                __malloc_sbrk_base
 .data.__malloc_trim_threshold
                0x000000002000086c        0x4 /usr/bin/../lib/gcc/arm-none-eabi/7.3.1/../../../../arm-none-eabi/lib/thumb/v7e-m/libg.a(lib_a-mallocr.o)
                0x000000002000086c                __malloc_trim_threshold
 *(*.data)
 *(.gnu.linkonce.d*)
                0x0000000020000870                . = ALIGN (0x4)
                0x0000000020000870                PROVIDE (__preinit_array_start = .)
 *(.preinit_array)
                0x0000000020000870                PROVIDE (__preinit_array_end = .)
                0x0000000020000870                . = ALIGN (0x4)
                0x0000000020000870                PROVIDE (__init_array_start = .)
 *(SORT_BY_NAME(.init_array.*))
 *(.init_array)
                0x0000000020000870                PROVIDE (__init_array_end = .)
                0x0000000020000870                . = ALIGN (0x4)
                [!provide]                        PROVIDE (__fini_array_start = .)
 *(SORT_BY_NAME(.fini_array.*))
 *(.fini_array)
                [!provide]                        PROVIDE (__fini_array_end = .)
                0x0000000020000870                . = ALIGN (0x4)
                0x0000000020000870                __data_end = .
                0x000000000c004e2c                __data_load = LOADADDR (.data)
                0x0000000000000870                __data_size = (__data_end - __data_start)

.igot.plt       0x0000000020000870        0x0 load address 0x000000000c00569c
 .igot.plt      0x0000000020000870        0x0 build/main.o

.bss            0x0000000020000870      0x738 load address 0x000000000c00569c
                0x0000000020000870                . = ALIGN (0x4)
                0x0000000020000870                __bss_start = .
 *(.bss)
 .bss           0x0000000020000870        0x0 build/main.o
 .bss           0x0000000020000870        0x0 build/clockSetup.o
 .bss           0x0000000020000870        0x0 build/VirtualSerial.o
 .bss           0x0000000020000870        0x0 build/Descriptors.o
 .bss           0x0000000020000870        0x0 build/packetizer.o
 .bss           0x0000000020000870        0x0 build/crypto.o
 .bss           0x0000000020000870        0x0 build/base64url.o
 .bss           0x0000000020000870        0x0 lib_build/USBController_XMC4000.o
 .bss           0x0000000020000870       0x38 lib_build/xmc_usbd.o
                0x0000000020000870                XMC_USBD_EP_IN_BUFFERSIZE
                0x000000002000088c                XMC_USBD_EP_OUT_BUFFERSIZE
 .bss           0x00000000200008a8        0x0 lib_build/CDCClassDevice.o
 .bss           0x00000000200008a8        0x0 lib_build/USBTask.o
 .bss           0x00000000200008a8        0x0 lib_build/Endpoint_XMC4000.o
 .bss           0x00000000200008a8        0x0 lib_build/xmc4_scu.o
 .bss           0x00000000200008a8        0x1 lib_build/EndpointStream_XMC4000.o
                0x00000000200008a8                zlp_flag
 .bss           0x00000000200008a9        0x0 lib_build/memcpy.o
 .bss           0x00000000200008a9        0x0 lib_build/startup_XMC4500.o
 .bss           0x00000000200008a9        0x0 lib_build/system_XMC4500.o
 *fill*         0x00000000200008a9        0x3 
 .bss           0x00000000200008ac        0x8 lib_build/syscalls.o
                0x00000000200008b0                __dso_handle
 .bss           0x00000000200008b4        0x0 /usr/bin/../lib/gcc/arm-none-eabi/7.3.1/../../../../arm-none-eabi/lib/thumb/v7e-m/libg.a(lib_a-calloc.o)
 .bss           0x00000000200008b4        0x0 /usr/bin/../lib/gcc/arm-none-eabi/7.3.1/../../../../arm-none-eabi/lib/thumb/v7e-m/libg.a(lib_a-callocr.o)
 .bss           0x00000000200008b4        0x0 /usr/bin/../lib/gcc/arm-none-eabi/7.3.1/../../../../arm-none-eabi/lib/thumb/v7e-m/libg.a(lib_a-errno.o)
 .bss           0x00000000200008b4        0x0 /usr/bin/../lib/gcc/arm-none-eabi/7.3.1/../../../../arm-none-eabi/lib/thumb/v7e-m/libg.a(lib_a-impure.o)
 .bss           0x00000000200008b4        0x0 /usr/bin/../lib/gcc/arm-none-eabi/7.3.1/../../../../arm-none-eabi/lib/thumb/v7e-m/libg.a(lib_a-init.o)
 .bss           0x00000000200008b4        0x0 /usr/bin/../lib/gcc/arm-none-eabi/7.3.1/../../../../arm-none-eabi/lib/thumb/v7e-m/libg.a(lib_a-malloc.o)
 .bss           0x00000000200008b4        0x0 /usr/bin/../lib/gcc/arm-none-eabi/7.3.1/../../../../arm-none-eabi/lib/thumb/v7e-m/libg.a(lib_a-mallocr.o)
 .bss           0x00000000200008b4        0x0 /usr/bin/../lib/gcc/arm-none-eabi/7.3.1/../../../../arm-none-eabi/lib/thumb/v7e-m/libg.a(lib_a-memcpy.o)
 .bss           0x00000000200008b4        0x0 /usr/bin/../lib/gcc/arm-none-eabi/7.3.1/../../../../arm-none-eabi/lib/thumb/v7e-m/libg.a(lib_a-memset.o)
 .bss           0x00000000200008b4        0x0 /usr/bin/../lib/gcc/arm-none-eabi/7.3.1/../../../../arm-none-eabi/lib/thumb/v7e-m/libg.a(lib_a-mlock.o)
 .bss           0x00000000200008b4        0x0 /usr/bin/../lib/gcc/arm-none-eabi/7.3.1/../../../../arm-none-eabi/lib/thumb/v7e-m/libg.a(lib_a-rand.o)
 .bss           0x00000000200008b4        0x0 /usr/bin/../lib/gcc/arm-none-eabi/7.3.1/../../../../arm-none-eabi/lib/thumb/v7e-m/libg.a(lib_a-sbrkr.o)
 .bss           0x00000000200008b4        0x0 /usr/bin/../lib/gcc/arm-none-eabi/7.3.1/../../../../arm-none-eabi/lib/thumb/v7e-m/libg.a(lib_a-strlen.o)
 .bss           0x00000000200008b4        0x0 /usr/bin/../lib/gcc/arm-none-eabi/7.3.1/../../../../arm-none-eabi/lib/thumb/v7e-m/libg.a(lib_a-freer.o)
 .bss           0x00000000200008b4        0x0 /usr/bin/../lib/gcc/arm-none-eabi/7.3.1/../../../../arm-none-eabi/lib/thumb/v7e-m/libg.a(lib_a-lock.o)
 .bss           0x00000000200008b4        0x0 /usr/bin/../lib/gcc/arm-none-eabi/7.3.1/../../../../arm-none-eabi/lib/thumb/v7e-m/libg.a(lib_a-reent.o)
 *(.bss*)
 .bss.__malloc_current_mallinfo
                0x00000000200008b4       0x28 /usr/bin/../lib/gcc/arm-none-eabi/7.3.1/../../../../arm-none-eabi/lib/thumb/v7e-m/libg.a(lib_a-mallocr.o)
                0x00000000200008b4                __malloc_current_mallinfo
 .bss.__malloc_max_sbrked_mem
                0x00000000200008dc        0x4 /usr/bin/../lib/gcc/arm-none-eabi/7.3.1/../../../../arm-none-eabi/lib/thumb/v7e-m/libg.a(lib_a-mallocr.o)
                0x00000000200008dc                __malloc_max_sbrked_mem
 .bss.__malloc_max_total_mem
                0x00000000200008e0        0x4 /usr/bin/../lib/gcc/arm-none-eabi/7.3.1/../../../../arm-none-eabi/lib/thumb/v7e-m/libg.a(lib_a-mallocr.o)
                0x00000000200008e0                __malloc_max_total_mem
 .bss.__malloc_top_pad
                0x00000000200008e4        0x4 /usr/bin/../lib/gcc/arm-none-eabi/7.3.1/../../../../arm-none-eabi/lib/thumb/v7e-m/libg.a(lib_a-mallocr.o)
                0x00000000200008e4                __malloc_top_pad
 *(COMMON)
 COMMON         0x00000000200008e8       0xc0 build/VirtualSerial.o
                0x00000000200008e8                ep4_buf
                0x0000000020000928                ep2_buf
                0x0000000020000968                ep3_buf
 COMMON         0x00000000200009a8      0x340 lib_build/USBController_XMC4000.o
                0x00000000200009a8                endpoint0_in_buffer
                0x0000000020000aa8                endpoint0_out_buffer
                0x0000000020000ba8                device
 COMMON         0x0000000020000ce8      0x20c lib_build/xmc_usbd.o
                0x0000000020000ce8                usbd_init
                0x0000000020000cec                xmc_device
 COMMON         0x0000000020000ef4        0xc lib_build/USBTask.o
                0x0000000020000ef4                USB_IsInitialized
                0x0000000020000ef5                USB_DeviceState
                0x0000000020000ef8                USB_ControlRequest
 COMMON         0x0000000020000f00       0x80 lib_build/xmc4_scu.o
                0x0000000020000f00                event_handler_list
 COMMON         0x0000000020000f80       0x21 /usr/bin/../lib/gcc/arm-none-eabi/7.3.1/../../../../arm-none-eabi/lib/thumb/v7e-m/libg.a(lib_a-lock.o)
                0x0000000020000f80                __lock___atexit_recursive_mutex
                0x0000000020000f84                __lock___arc4random_mutex
                0x0000000020000f88                __lock___env_recursive_mutex
                0x0000000020000f8c                __lock___sinit_recursive_mutex
                0x0000000020000f90                __lock___malloc_recursive_mutex
                0x0000000020000f94                __lock___at_quick_exit_mutex
                0x0000000020000f98                __lock___dd_hash_mutex
                0x0000000020000f9c                __lock___tz_mutex
                0x0000000020000fa0                __lock___sfp_recursive_mutex
 *fill*         0x0000000020000fa1        0x3 
 COMMON         0x0000000020000fa4        0x4 /usr/bin/../lib/gcc/arm-none-eabi/7.3.1/../../../../arm-none-eabi/lib/thumb/v7e-m/libg.a(lib_a-reent.o)
                0x0000000020000fa4                errno
 *(.gnu.linkonce.b*)
                0x0000000020000fa8                . = ALIGN (0x4)
                0x0000000020000fa8                __bss_end = .
                0x0000000020000fa8                . = ALIGN (0x8)
                0x0000000020000fa8                Heap_Bank1_Start = .
                0x0000000000000738                __bss_size = (__bss_end - __bss_start)

.no_init        0x000000002000ffc0       0x14
                0x000000002000ffc0                Heap_Bank1_End = .
 *(.no_init)
 .no_init       0x000000002000ffc0       0x14 lib_build/system_XMC4500.o
                0x000000002000ffc0                SystemCoreClock
                0x000000002000ffc4                g_chipid

DSRAM2_DATA     0x0000000030000000        0x0 load address 0x000000000c00569c
                0x0000000030000000                . = ALIGN (0x4)
                0x0000000030000000                __data2_start = .
 *(DSRAM2_DATA)
                0x0000000030000000                . = ALIGN (0x4)
                0x0000000030000000                __data2_end = .
                0x000000000c00569c                __data2_load = LOADADDR (DSRAM2_DATA)
                0x0000000000000000                __data2_size = (__data2_end - __data2_start)
                0x000000000000569c                __text_size = (((((__exidx_end - sText) + __data_size) + __ram_code_size) + __data2_size) + __data3_size)
                0x000000000800569c                eText = (sText + __text_size)

DSRAM2_BSS      0x0000000030000000      0xe00 load address 0x000000000c00569c
                0x0000000030000000                . = ALIGN (0x4)
                0x0000000030000000                __bss2_start = .
 *(ETH_RAM)
 *(USB_RAM)
 USB_RAM        0x0000000030000000      0xe00 lib_build/xmc_usbd.o
 *(DSRAM2_BSS)
                0x0000000030000e00                . = ALIGN (0x4)
                0x0000000030000e00                __bss2_end = .
                0x0000000030000e00                . = ALIGN (0x8)
                0x0000000030000e00                Heap_Bank2_Start = .
                0x0000000000000e00                __bss2_size = (__bss2_end - __bss2_start)
                0x000000000000f018                Heap_Bank1_Size = (Heap_Bank1_End - Heap_Bank1_Start)
                0x0000000000007200                Heap_Bank2_Size = (LENGTH (DSRAM_2_comm) - (Heap_Bank2_Start - ORIGIN (DSRAM_2_comm)))
                0x000000000000f800                Heap_Bank3_Size = (LENGTH (PSRAM_1) - (Heap_Bank3_Start - ORIGIN (PSRAM_1)))
                0x0000000000000001                ASSERT ((Heap_Bank1_Start <= Heap_Bank1_End), region SRAM_combined overflowed no_init section)

/DISCARD/
 *(.comment)

.stab
 *(.stab)

.stabstr
 *(.stabstr)

.debug
 *(.debug)

.line
 *(.line)

.debug_srcinfo
 *(.debug_srcinfo)

.debug_sfnames
 *(.debug_sfnames)

.debug_aranges  0x0000000000000000      0x890
 *(.debug_aranges)
 .debug_aranges
                0x0000000000000000       0x20 build/main.o
 .debug_aranges
                0x0000000000000020       0x20 build/clockSetup.o
 .debug_aranges
                0x0000000000000040       0x68 build/VirtualSerial.o
 .debug_aranges
                0x00000000000000a8       0x20 build/Descriptors.o
 .debug_aranges
                0x00000000000000c8       0x40 build/packetizer.o
 .debug_aranges
                0x0000000000000108       0x28 build/crypto.o
 .debug_aranges
                0x0000000000000130       0x40 build/base64url.o
 .debug_aranges
                0x0000000000000170       0x68 lib_build/USBController_XMC4000.o
 .debug_aranges
                0x00000000000001d8      0x108 lib_build/xmc_usbd.o
 .debug_aranges
                0x00000000000002e0       0x80 lib_build/CDCClassDevice.o
 .debug_aranges
                0x0000000000000360       0x20 lib_build/USBTask.o
 .debug_aranges
                0x0000000000000380       0x60 lib_build/Endpoint_XMC4000.o
 .debug_aranges
                0x00000000000003e0      0x398 lib_build/xmc4_scu.o
 .debug_aranges
                0x0000000000000778       0x68 lib_build/EndpointStream_XMC4000.o
 .debug_aranges
                0x00000000000007e0       0x20 lib_build/memcpy.o
 .debug_aranges
                0x0000000000000800       0x20 lib_build/startup_XMC4500.o
 .debug_aranges
                0x0000000000000820       0x48 lib_build/system_XMC4500.o
 .debug_aranges
                0x0000000000000868       0x28 lib_build/syscalls.o

.debug_pubnames
 *(.debug_pubnames)

.debug_pubtypes
 *(.debug_pubtypes)

.debug_info     0x0000000000000000    0x22d21
 *(.debug_info .gnu.linkonce.wi.*)
 .debug_info    0x0000000000000000     0x227a build/main.o
 .debug_info    0x000000000000227a     0x2405 build/clockSetup.o
 .debug_info    0x000000000000467f     0x2a53 build/VirtualSerial.o
 .debug_info    0x00000000000070d2     0x25c7 build/Descriptors.o
 .debug_info    0x0000000000009699     0x25db build/packetizer.o
 .debug_info    0x000000000000bc74      0xaea build/crypto.o
 .debug_info    0x000000000000c75e      0xcdd build/base64url.o
 .debug_info    0x000000000000d43b     0x2626 lib_build/USBController_XMC4000.o
 .debug_info    0x000000000000fa61     0x46d9 lib_build/xmc_usbd.o
 .debug_info    0x000000000001413a     0x29f2 lib_build/CDCClassDevice.o
 .debug_info    0x0000000000016b2c     0x208c lib_build/USBTask.o
 .debug_info    0x0000000000018bb8     0x2814 lib_build/Endpoint_XMC4000.o
 .debug_info    0x000000000001b3cc     0x2c4b lib_build/xmc4_scu.o
 .debug_info    0x000000000001e017     0x25b9 lib_build/EndpointStream_XMC4000.o
 .debug_info    0x00000000000205d0      0x9c9 lib_build/memcpy.o
 .debug_info    0x0000000000020f99       0xc9 lib_build/startup_XMC4500.o
 .debug_info    0x0000000000021062     0x126a lib_build/system_XMC4500.o
 .debug_info    0x00000000000222cc      0xa55 lib_build/syscalls.o

.debug_abbrev   0x0000000000000000     0x376c
 *(.debug_abbrev)
 .debug_abbrev  0x0000000000000000      0x2cf build/main.o
 .debug_abbrev  0x00000000000002cf      0x2bd build/clockSetup.o
 .debug_abbrev  0x000000000000058c      0x3b1 build/VirtualSerial.o
 .debug_abbrev  0x000000000000093d      0x2a0 build/Descriptors.o
 .debug_abbrev  0x0000000000000bdd      0x312 build/packetizer.o
 .debug_abbrev  0x0000000000000eef      0x23e build/crypto.o
 .debug_abbrev  0x000000000000112d      0x31c build/base64url.o
 .debug_abbrev  0x0000000000001449      0x410 lib_build/USBController_XMC4000.o
 .debug_abbrev  0x0000000000001859      0x5c0 lib_build/xmc_usbd.o
 .debug_abbrev  0x0000000000001e19      0x423 lib_build/CDCClassDevice.o
 .debug_abbrev  0x000000000000223c      0x300 lib_build/USBTask.o
 .debug_abbrev  0x000000000000253c      0x405 lib_build/Endpoint_XMC4000.o
 .debug_abbrev  0x0000000000002941      0x44d lib_build/xmc4_scu.o
 .debug_abbrev  0x0000000000002d8e      0x38b lib_build/EndpointStream_XMC4000.o
 .debug_abbrev  0x0000000000003119      0x193 lib_build/memcpy.o
 .debug_abbrev  0x00000000000032ac       0x14 lib_build/startup_XMC4500.o
 .debug_abbrev  0x00000000000032c0      0x2a2 lib_build/system_XMC4500.o
 .debug_abbrev  0x0000000000003562      0x20a lib_build/syscalls.o

.debug_line     0x0000000000000000     0xaf7f
 *(.debug_line)
 .debug_line    0x0000000000000000      0xea2 build/main.o
 .debug_line    0x0000000000000ea2      0xe6c build/clockSetup.o
 .debug_line    0x0000000000001d0e      0xf32 build/VirtualSerial.o
 .debug_line    0x0000000000002c40      0xe6c build/Descriptors.o
 .debug_line    0x0000000000003aac      0xf68 build/packetizer.o
 .debug_line    0x0000000000004a14      0x21a build/crypto.o
 .debug_line    0x0000000000004c2e      0x31d build/base64url.o
 .debug_line    0x0000000000004f4b      0xb57 lib_build/USBController_XMC4000.o
 .debug_line    0x0000000000005aa2      0x8f5 lib_build/xmc_usbd.o
 .debug_line    0x0000000000006397     0x134a lib_build/CDCClassDevice.o
 .debug_line    0x00000000000076e1      0x910 lib_build/USBTask.o
 .debug_line    0x0000000000007ff1      0xcce lib_build/Endpoint_XMC4000.o
 .debug_line    0x0000000000008cbf      0xdb6 lib_build/xmc4_scu.o
 .debug_line    0x0000000000009a75      0xb10 lib_build/EndpointStream_XMC4000.o
 .debug_line    0x000000000000a585      0x27a lib_build/memcpy.o
 .debug_line    0x000000000000a7ff       0xd0 lib_build/startup_XMC4500.o
 .debug_line    0x000000000000a8cf      0x406 lib_build/system_XMC4500.o
 .debug_line    0x000000000000acd5      0x2aa lib_build/syscalls.o

.debug_frame    0x0000000000000000     0x18dc
 *(.debug_frame)
 .debug_frame   0x0000000000000000       0x30 build/main.o
 .debug_frame   0x0000000000000030       0x38 build/clockSetup.o
 .debug_frame   0x0000000000000068       0xec build/VirtualSerial.o
 .debug_frame   0x0000000000000154       0x20 build/Descriptors.o
 .debug_frame   0x0000000000000174       0xd4 build/packetizer.o
 .debug_frame   0x0000000000000248       0x48 build/crypto.o
 .debug_frame   0x0000000000000290       0xc8 build/base64url.o
 .debug_frame   0x0000000000000358      0x150 lib_build/USBController_XMC4000.o
 .debug_frame   0x00000000000004a8      0x348 lib_build/xmc_usbd.o
 .debug_frame   0x00000000000007f0      0x168 lib_build/CDCClassDevice.o
 .debug_frame   0x0000000000000958       0x30 lib_build/USBTask.o
 .debug_frame   0x0000000000000988      0x134 lib_build/Endpoint_XMC4000.o
 .debug_frame   0x0000000000000abc      0x810 lib_build/xmc4_scu.o
 .debug_frame   0x00000000000012cc      0x198 lib_build/EndpointStream_XMC4000.o
 .debug_frame   0x0000000000001464       0x20 lib_build/memcpy.o
 .debug_frame   0x0000000000001484       0x9c lib_build/system_XMC4500.o
 .debug_frame   0x0000000000001520       0x3c lib_build/syscalls.o
 .debug_frame   0x000000000000155c       0x20 /usr/bin/../lib/gcc/arm-none-eabi/7.3.1/../../../../arm-none-eabi/lib/thumb/v7e-m/libg.a(lib_a-calloc.o)
 .debug_frame   0x000000000000157c       0x28 /usr/bin/../lib/gcc/arm-none-eabi/7.3.1/../../../../arm-none-eabi/lib/thumb/v7e-m/libg.a(lib_a-callocr.o)
 .debug_frame   0x00000000000015a4       0x20 /usr/bin/../lib/gcc/arm-none-eabi/7.3.1/../../../../arm-none-eabi/lib/thumb/v7e-m/libg.a(lib_a-errno.o)
 .debug_frame   0x00000000000015c4       0x2c /usr/bin/../lib/gcc/arm-none-eabi/7.3.1/../../../../arm-none-eabi/lib/thumb/v7e-m/libg.a(lib_a-init.o)
 .debug_frame   0x00000000000015f0       0x30 /usr/bin/../lib/gcc/arm-none-eabi/7.3.1/../../../../arm-none-eabi/lib/thumb/v7e-m/libg.a(lib_a-malloc.o)
 .debug_frame   0x0000000000001620       0x54 /usr/bin/../lib/gcc/arm-none-eabi/7.3.1/../../../../arm-none-eabi/lib/thumb/v7e-m/libg.a(lib_a-mallocr.o)
 .debug_frame   0x0000000000001674       0x38 /usr/bin/../lib/gcc/arm-none-eabi/7.3.1/../../../../arm-none-eabi/lib/thumb/v7e-m/libg.a(lib_a-memset.o)
 .debug_frame   0x00000000000016ac       0x30 /usr/bin/../lib/gcc/arm-none-eabi/7.3.1/../../../../arm-none-eabi/lib/thumb/v7e-m/libg.a(lib_a-mlock.o)
 .debug_frame   0x00000000000016dc       0x3c /usr/bin/../lib/gcc/arm-none-eabi/7.3.1/../../../../arm-none-eabi/lib/thumb/v7e-m/libg.a(lib_a-rand.o)
 .debug_frame   0x0000000000001718       0x2c /usr/bin/../lib/gcc/arm-none-eabi/7.3.1/../../../../arm-none-eabi/lib/thumb/v7e-m/libg.a(lib_a-sbrkr.o)
 .debug_frame   0x0000000000001744       0x80 /usr/bin/../lib/gcc/arm-none-eabi/7.3.1/../../../../arm-none-eabi/lib/thumb/v7e-m/libg.a(lib_a-freer.o)
 .debug_frame   0x00000000000017c4       0xb0 /usr/bin/../lib/gcc/arm-none-eabi/7.3.1/../../../../arm-none-eabi/lib/thumb/v7e-m/libg.a(lib_a-lock.o)
 .debug_frame   0x0000000000001874       0x68 /usr/bin/../lib/gcc/arm-none-eabi/7.3.1/../../../../arm-none-eabi/lib/thumb/v7e-m/libg.a(lib_a-reent.o)

.debug_str      0x0000000000000000    0x7ffd6
 *(.debug_str)
 .debug_str     0x0000000000000000    0x78da2 build/main.o
                                      0x791c7 (size before relaxing)
 .debug_str     0x0000000000078da2      0x54c build/clockSetup.o
                                      0x79551 (size before relaxing)
 .debug_str     0x00000000000792ee      0x8de build/VirtualSerial.o
                                      0x7994d (size before relaxing)
 .debug_str     0x0000000000079bcc      0x8e3 build/Descriptors.o
                                      0x7984a (size before relaxing)
 .debug_str     0x000000000007a4af      0x2b5 build/packetizer.o
                                      0x79449 (size before relaxing)
 .debug_str     0x000000000007a764       0xb8 build/crypto.o
                                       0x6c30 (size before relaxing)
 .debug_str     0x000000000007a81c      0x844 build/base64url.o
                                       0x6a09 (size before relaxing)
 .debug_str     0x000000000007b060      0x390 lib_build/USBController_XMC4000.o
                                      0x73947 (size before relaxing)
 .debug_str     0x000000000007b3f0     0x157b lib_build/xmc_usbd.o
                                      0x7325b (size before relaxing)
 .debug_str     0x000000000007c96b      0x588 lib_build/CDCClassDevice.o
                                      0x795d8 (size before relaxing)
 .debug_str     0x000000000007cef3       0xb7 lib_build/USBTask.o
                                      0x73613 (size before relaxing)
 .debug_str     0x000000000007cfaa      0x14c lib_build/Endpoint_XMC4000.o
                                      0x73ea0 (size before relaxing)
 .debug_str     0x000000000007d0f6     0x1bf1 lib_build/xmc4_scu.o
                                      0x72344 (size before relaxing)
 .debug_str     0x000000000007ece7      0x239 lib_build/EndpointStream_XMC4000.o
                                      0x73843 (size before relaxing)
 .debug_str     0x000000000007ef20       0x68 lib_build/memcpy.o
                                       0x73e3 (size before relaxing)
 .debug_str     0x000000000007ef88      0xb2c lib_build/system_XMC4500.o
                                      0x7019c (size before relaxing)
 .debug_str     0x000000000007fab4      0x522 lib_build/syscalls.o
                                       0x7b7b (size before relaxing)

.debug_loc      0x0000000000000000     0x4f9a
 *(.debug_loc)
 .debug_loc     0x0000000000000000       0x4b build/main.o
 .debug_loc     0x000000000000004b       0x38 build/clockSetup.o
 .debug_loc     0x0000000000000083      0x14e build/VirtualSerial.o
 .debug_loc     0x00000000000001d1      0x209 build/Descriptors.o
 .debug_loc     0x00000000000003da      0x37b build/packetizer.o
 .debug_loc     0x0000000000000755       0xea build/crypto.o
 .debug_loc     0x000000000000083f      0x5d1 build/base64url.o
 .debug_loc     0x0000000000000e10      0x4e9 lib_build/USBController_XMC4000.o
 .debug_loc     0x00000000000012f9     0x17cf lib_build/xmc_usbd.o
 .debug_loc     0x0000000000002ac8      0x61c lib_build/CDCClassDevice.o
 .debug_loc     0x00000000000030e4       0x53 lib_build/USBTask.o
 .debug_loc     0x0000000000003137      0x39d lib_build/Endpoint_XMC4000.o
 .debug_loc     0x00000000000034d4     0x102b lib_build/xmc4_scu.o
 .debug_loc     0x00000000000044ff      0x89e lib_build/EndpointStream_XMC4000.o
 .debug_loc     0x0000000000004d9d      0x155 lib_build/system_XMC4500.o
 .debug_loc     0x0000000000004ef2       0xa8 lib_build/syscalls.o

.debug_macinfo
 *(.debug_macinfo)

.debug_ranges   0x0000000000000000      0x948
 *(.debug_ranges)
 .debug_ranges  0x0000000000000000       0x10 build/main.o
 .debug_ranges  0x0000000000000010       0x10 build/clockSetup.o
 .debug_ranges  0x0000000000000020       0x58 build/VirtualSerial.o
 .debug_ranges  0x0000000000000078       0x10 build/Descriptors.o
 .debug_ranges  0x0000000000000088       0x68 build/packetizer.o
 .debug_ranges  0x00000000000000f0       0x18 build/crypto.o
 .debug_ranges  0x0000000000000108       0x78 build/base64url.o
 .debug_ranges  0x0000000000000180       0x58 lib_build/USBController_XMC4000.o
 .debug_ranges  0x00000000000001d8      0x180 lib_build/xmc_usbd.o
 .debug_ranges  0x0000000000000358       0xe8 lib_build/CDCClassDevice.o
 .debug_ranges  0x0000000000000440       0x30 lib_build/USBTask.o
 .debug_ranges  0x0000000000000470       0x80 lib_build/Endpoint_XMC4000.o
 .debug_ranges  0x00000000000004f0      0x3a0 lib_build/xmc4_scu.o
 .debug_ranges  0x0000000000000890       0x58 lib_build/EndpointStream_XMC4000.o
 .debug_ranges  0x00000000000008e8       0x10 lib_build/memcpy.o
 .debug_ranges  0x00000000000008f8       0x38 lib_build/system_XMC4500.o
 .debug_ranges  0x0000000000000930       0x18 lib_build/syscalls.o

.debug_weaknames
 *(.debug_weaknames)

.debug_funcnames
 *(.debug_funcnames)

.debug_typenames
 *(.debug_typenames)

.debug_varnames
 *(.debug_varnames)

.build_attributes
                0x0000000000000000      0x688
 *(.ARM.attributes)
 .ARM.attributes
                0x0000000000000000       0x37 build/main.o
 .ARM.attributes
                0x0000000000000037       0x37 build/clockSetup.o
 .ARM.attributes