Archive member included to satisfy reference by file (symbol)

/usr/bin/../lib/gcc/arm-none-eabi/7.3.1/../../../../arm-none-eabi/lib/thumb/v7e-m/libg.a(lib_a-calloc.o)
                              build/packetizer.o (calloc)
/usr/bin/../lib/gcc/arm-none-eabi/7.3.1/../../../../arm-none-eabi/lib/thumb/v7e-m/libg.a(lib_a-callocr.o)
                              /usr/bin/../lib/gcc/arm-none-eabi/7.3.1/../../../../arm-none-eabi/lib/thumb/v7e-m/libg.a(lib_a-calloc.o) (_calloc_r)
/usr/bin/../lib/gcc/arm-none-eabi/7.3.1/../../../../arm-none-eabi/lib/thumb/v7e-m/libg.a(lib_a-errno.o)
                              lib_build/syscalls.o (__errno)
/usr/bin/../lib/gcc/arm-none-eabi/7.3.1/../../../../arm-none-eabi/lib/thumb/v7e-m/libg.a(lib_a-impure.o)
                              /usr/bin/../lib/gcc/arm-none-eabi/7.3.1/../../../../arm-none-eabi/lib/thumb/v7e-m/libg.a(lib_a-calloc.o) (_impure_ptr)
/usr/bin/../lib/gcc/arm-none-eabi/7.3.1/../../../../arm-none-eabi/lib/thumb/v7e-m/libg.a(lib_a-init.o)
                              lib_build/startup_XMC4500.o (__libc_init_array)
/usr/bin/../lib/gcc/arm-none-eabi/7.3.1/../../../../arm-none-eabi/lib/thumb/v7e-m/libg.a(lib_a-malloc.o)
                              build/main.o (malloc)
/usr/bin/../lib/gcc/arm-none-eabi/7.3.1/../../../../arm-none-eabi/lib/thumb/v7e-m/libg.a(lib_a-mallocr.o)
                              /usr/bin/../lib/gcc/arm-none-eabi/7.3.1/../../../../arm-none-eabi/lib/thumb/v7e-m/libg.a(lib_a-callocr.o) (_malloc_r)
/usr/bin/../lib/gcc/arm-none-eabi/7.3.1/../../../../arm-none-eabi/lib/thumb/v7e-m/libg.a(lib_a-memcpy.o)
                              build/crypto.o (memcpy)
/usr/bin/../lib/gcc/arm-none-eabi/7.3.1/../../../../arm-none-eabi/lib/thumb/v7e-m/libg.a(lib_a-memset.o)
                              build/packetizer.o (memset)
/usr/bin/../lib/gcc/arm-none-eabi/7.3.1/../../../../arm-none-eabi/lib/thumb/v7e-m/libg.a(lib_a-mlock.o)
                              /usr/bin/../lib/gcc/arm-none-eabi/7.3.1/../../../../arm-none-eabi/lib/thumb/v7e-m/libg.a(lib_a-mallocr.o) (__malloc_lock)
/usr/bin/../lib/gcc/arm-none-eabi/7.3.1/../../../../arm-none-eabi/lib/thumb/v7e-m/libg.a(lib_a-rand.o)
                              build/main.o (rand)
/usr/bin/../lib/gcc/arm-none-eabi/7.3.1/../../../../arm-none-eabi/lib/thumb/v7e-m/libg.a(lib_a-sbrkr.o)
                              /usr/bin/../lib/gcc/arm-none-eabi/7.3.1/../../../../arm-none-eabi/lib/thumb/v7e-m/libg.a(lib_a-mallocr.o) (_sbrk_r)
/usr/bin/../lib/gcc/arm-none-eabi/7.3.1/../../../../arm-none-eabi/lib/thumb/v7e-m/libg.a(lib_a-strlen.o)
                              lib_build/CDCClassDevice.o (strlen)
/usr/bin/../lib/gcc/arm-none-eabi/7.3.1/../../../../arm-none-eabi/lib/thumb/v7e-m/libg.a(lib_a-freer.o)
                              /usr/bin/../lib/gcc/arm-none-eabi/7.3.1/../../../../arm-none-eabi/lib/thumb/v7e-m/libg.a(lib_a-malloc.o) (_free_r)
/usr/bin/../lib/gcc/arm-none-eabi/7.3.1/../../../../arm-none-eabi/lib/thumb/v7e-m/libg.a(lib_a-lock.o)
                              /usr/bin/../lib/gcc/arm-none-eabi/7.3.1/../../../../arm-none-eabi/lib/thumb/v7e-m/libg.a(lib_a-mlock.o) (__retarget_lock_acquire_recursive)
/usr/bin/../lib/gcc/arm-none-eabi/7.3.1/../../../../arm-none-eabi/lib/thumb/v7e-m/libg.a(lib_a-reent.o)
                              /usr/bin/../lib/gcc/arm-none-eabi/7.3.1/../../../../arm-none-eabi/lib/thumb/v7e-m/libg.a(lib_a-sbrkr.o) (errno)

Allocating common symbols
Common symbol       size              file

ep4_buf             0x40              build/VirtualSerial.o
__lock___atexit_recursive_mutex
                    0x1               /usr/bin/../lib/gcc/arm-none-eabi/7.3.1/../../../../arm-none-eabi/lib/thumb/v7e-m/libg.a(lib_a-lock.o)
USB_IsInitialized   0x1               lib_build/USBTask.o
__lock___arc4random_mutex
                    0x1               /usr/bin/../lib/gcc/arm-none-eabi/7.3.1/../../../../arm-none-eabi/lib/thumb/v7e-m/libg.a(lib_a-lock.o)
ep2_buf             0x40              build/VirtualSerial.o
errno               0x4               /usr/bin/../lib/gcc/arm-none-eabi/7.3.1/../../../../arm-none-eabi/lib/thumb/v7e-m/libg.a(lib_a-reent.o)
__lock___env_recursive_mutex
                    0x1               /usr/bin/../lib/gcc/arm-none-eabi/7.3.1/../../../../arm-none-eabi/lib/thumb/v7e-m/libg.a(lib_a-lock.o)
__lock___sinit_recursive_mutex
                    0x1               /usr/bin/../lib/gcc/arm-none-eabi/7.3.1/../../../../arm-none-eabi/lib/thumb/v7e-m/libg.a(lib_a-lock.o)
USB_DeviceState     0x1               lib_build/USBTask.o
__lock___malloc_recursive_mutex
                    0x1               /usr/bin/../lib/gcc/arm-none-eabi/7.3.1/../../../../arm-none-eabi/lib/thumb/v7e-m/libg.a(lib_a-lock.o)
event_handler_list  0x80              lib_build/xmc4_scu.o
endpoint0_in_buffer
                    0x100             lib_build/USBController_XMC4000.o
ep3_buf             0x40              build/VirtualSerial.o
usbd_init           0x4               lib_build/xmc_usbd.o
[...]
Memory Configuration

Name             Origin             Length             Attributes
FLASH_1_cached   0x0000000008000000 0x0000000000100000 xr
FLASH_1_uncached 0x000000000c000000 0x0000000000100000 xr
PSRAM_1          0x0000000010000000 0x0000000000010000 !xr
DSRAM_1_system   0x0000000020000000 0x0000000000010000 !xr
DSRAM_2_comm     0x0000000030000000 0x0000000000008000 !xr
*default*        0x0000000000000000 0xffffffffffffffff

Linker script and memory map

LOAD build/main.o
LOAD build/clockSetup.o
LOAD build/VirtualSerial.o
LOAD build/Descriptors.o
LOAD build/packetizer.o
LOAD build/crypto.o
LOAD build/base64url.o
LOAD build/MPUeasy.o
LOAD /tmp/ccQgicpH.o
LOAD build/stack_protector.o
LOAD build/blink.o
LOAD lib_build/USBController_XMC4000.o
LOAD lib_build/xmc_usbd.o
LOAD lib_build/CDCClassDevice.o
LOAD lib_build/USBTask.o
LOAD lib_build/Endpoint_XMC4000.o
LOAD lib_build/xmc4_scu.o
LOAD lib_build/EndpointStream_XMC4000.o
LOAD lib_build/memcpy.o
LOAD lib_build/xmc_gpio.o
LOAD lib_build/xmc4_gpio.o
LOAD lib_build/xmc_ccu4.o
LOAD lib_build/startup_XMC4500.o
LOAD lib_build/system_XMC4500.o
LOAD lib_build/syscalls.o
START GROUP
LOAD /usr/bin/../lib/gcc/arm-none-eabi/7.3.1/thumb/v7e-m/libgcc.a
LOAD /usr/bin/../lib/gcc/arm-none-eabi/7.3.1/../../../../arm-none-eabi/lib/thumb/v7e-m/libg.a
LOAD /usr/bin/../lib/gcc/arm-none-eabi/7.3.1/../../../../arm-none-eabi/lib/thumb/v7e-m/libc.a
END GROUP
START GROUP
LOAD /usr/bin/../lib/gcc/arm-none-eabi/7.3.1/thumb/v7e-m/libgcc.a
LOAD /usr/bin/../lib/gcc/arm-none-eabi/7.3.1/../../../../arm-none-eabi/lib/thumb/v7e-m/libc.a
LOAD /usr/bin/../lib/gcc/arm-none-eabi/7.3.1/../../../../arm-none-eabi/lib/thumb/v7e-m/libnosys.a
END GROUP
                0x0000000000000800                stack_size = DEFINED (stack_size)?stack_size:0x800
                0x0000000000000040                no_init_size = 0x40

.text           0x0000000008000000     0x55c8 load address 0x000000000c000000
                0x0000000008000000                sText = .
 *(.reset)
 .reset         0x0000000008000000      0x2b2 lib_build/startup_XMC4500.o
                0x0000000008000000                __Vectors
                0x0000000008000200                Reset_Handler
                0x00000000080002b0                VADC0_C0_3_IRQHandler
                0x00000000080002b0                DSD0_7_IRQHandler
                0x00000000080002b0                DebugMon_Handler
                0x00000000080002b0                VADC0_C0_0_IRQHandler
                0x00000000080002b0                CAN0_4_IRQHandler
                0x00000000080002b0                VADC0_G2_0_IRQHandler
                0x00000000080002b0                USIC0_5_IRQHandler
                0x00000000080002b0                POSIF0_0_IRQHandler
                0x00000000080002b0                POSIF1_0_IRQHandler
                0x00000000080002b0                VADC0_G1_1_IRQHandler
                0x00000000080002b0                SysTick_Handler
                0x00000000080002b0                PendSV_Handler
                0x00000000080002b0                NMI_Handler
                0x00000000080002b0                USIC1_3_IRQHandler
                0x00000000080002b0                CCU40_2_IRQHandler
                0x00000000080002b0                SCU_0_IRQHandler
                0x00000000080002b0                ERU0_0_IRQHandler
                0x00000000080002b0                CCU41_0_IRQHandler
                0x00000000080002b0                USIC1_5_IRQHandler
                0x00000000080002b0                DSD0_4_IRQHandler
                0x00000000080002b0                CCU80_1_IRQHandler
                0x00000000080002b0                CCU81_0_IRQHandler
                0x00000000080002b0                USIC0_0_IRQHandler
                0x00000000080002b0                POSIF1_1_IRQHandler
                0x00000000080002b0                ERU0_2_IRQHandler
                0x00000000080002b0                CCU81_1_IRQHandler
                0x00000000080002b0                ERU1_1_IRQHandler
                0x00000000080002b0                VADC0_G2_3_IRQHandler
                0x00000000080002b0                VADC0_G2_2_IRQHandler
                0x00000000080002b0                CCU42_3_IRQHandler
                0x00000000080002b0                ERU0_3_IRQHandler
                0x00000000080002b0                DSD0_5_IRQHandler
                0x00000000080002b0                CAN0_6_IRQHandler
                0x00000000080002b0                CCU43_0_IRQHandler
                0x00000000080002b0                VADC0_G0_1_IRQHandler
                0x00000000080002b0                CCU81_2_IRQHandler
                0x00000000080002b0                USIC2_4_IRQHandler
                0x00000000080002b0                CCU81_3_IRQHandler
                0x00000000080002b0                CCU42_1_IRQHandler
                0x00000000080002b0                USIC1_1_IRQHandler
                0x00000000080002b0                USIC2_5_IRQHandler
                0x00000000080002b0                CCU40_0_IRQHandler
                0x00000000080002b0                CAN0_0_IRQHandler
                0x00000000080002b0                ERU1_0_IRQHandler
                0x00000000080002b0                CCU42_2_IRQHandler
                0x00000000080002b0                Default_Handler
                0x00000000080002b0                USIC1_4_IRQHandler
                0x00000000080002b0                ERU1_3_IRQHandler
                0x00000000080002b0                USIC1_0_IRQHandler
                0x00000000080002b0                POSIF0_1_IRQHandler
                0x00000000080002b0                VADC0_G0_0_IRQHandler
                0x00000000080002b0                DSD0_2_IRQHandler
                0x00000000080002b0                CCU80_3_IRQHandler
                0x00000000080002b0                CCU41_3_IRQHandler
                0x00000000080002b0                CCU80_2_IRQHandler
                0x00000000080002b0                VADC0_G1_3_IRQHandler
                0x00000000080002b0                VADC0_G0_3_IRQHandler
                0x00000000080002b0                GPDMA0_0_IRQHandler
                0x00000000080002b0                PMU0_0_IRQHandler
                0x00000000080002b0                CAN0_7_IRQHandler
                0x00000000080002b0                DSD0_1_IRQHandler
                0x00000000080002b0                CCU41_2_IRQHandler
                0x00000000080002b0                VADC0_C0_1_IRQHandler
                0x00000000080002b0                CCU43_2_IRQHandler
                0x00000000080002b0                USIC2_2_IRQHandler
                0x00000000080002b0                VADC0_G3_1_IRQHandler
                0x00000000080002b0                DAC0_0_IRQHandler
                0x00000000080002b0                SVC_Handler
                0x00000000080002b0                VADC0_G3_3_IRQHandler
                0x00000000080002b0                ERU1_2_IRQHandler
                0x00000000080002b0                CCU41_1_IRQHandler
                0x00000000080002b0                DSD0_6_IRQHandler
                0x00000000080002b0                CCU43_1_IRQHandler
                0x00000000080002b0                VADC0_G1_2_IRQHandler
                0x00000000080002b0                USIC2_3_IRQHandler
                0x00000000080002b0                CAN0_2_IRQHandler
                0x00000000080002b0                USIC2_0_IRQHandler
                0x00000000080002b0                VADC0_G0_2_IRQHandler
                0x00000000080002b0                VADC0_G2_1_IRQHandler
                0x00000000080002b0                CAN0_3_IRQHandler
                0x00000000080002b0                ETH0_0_IRQHandler
                0x00000000080002b0                USIC0_3_IRQHandler
                0x00000000080002b0                DSD0_0_IRQHandler
                0x00000000080002b0                VADC0_C0_2_IRQHandler
                0x00000000080002b0                CCU42_0_IRQHandler
                0x00000000080002b0                FCE0_0_IRQHandler
                0x00000000080002b0                VADC0_G1_0_IRQHandler
                0x00000000080002b0                CAN0_5_IRQHandler
                0x00000000080002b0                CCU80_0_IRQHandler
                0x00000000080002b0                CCU40_1_IRQHandler
                0x00000000080002b0                USIC2_1_IRQHandler
                0x00000000080002b0                USIC0_1_IRQHandler
                0x00000000080002b0                VADC0_G3_2_IRQHandler
                0x00000000080002b0                CCU40_3_IRQHandler
                0x00000000080002b0                LEDTS0_0_IRQHandler
                0x00000000080002b0                USIC0_4_IRQHandler
                0x00000000080002b0                CCU43_3_IRQHandler
                0x00000000080002b0                ERU0_1_IRQHandler
                0x00000000080002b0                VADC0_G3_0_IRQHandler
                0x00000000080002b0                USIC1_2_IRQHandler
                0x00000000080002b0                DSD0_3_IRQHandler
                0x00000000080002b0                SDMMC0_0_IRQHandler
                0x00000000080002b0                CAN0_1_IRQHandler
                0x00000000080002b0                USIC0_2_IRQHandler
                0x00000000080002b0                DAC0_1_IRQHandler
                0x00000000080002b0                GPDMA1_0_IRQHandler
 *(.text .text.* .gnu.linkonce.t.*)
 .text          0x00000000080002b2        0x0 build/main.o
 *fill*         0x00000000080002b2        0x2 
 .text.main     0x00000000080002b4       0xb0 build/main.o
                0x00000000080002b4                main
 .text          0x0000000008000364        0x0 build/clockSetup.o
 .text.SystemCoreClockSetup
                0x0000000008000364       0x90 build/clockSetup.o
                0x0000000008000364                SystemCoreClockSetup
 .text.HardFault_Handler
                0x00000000080003f4        0x2 build/clockSetup.o
                0x00000000080003f4                HardFault_Handler
 .text.BusFault_Handler
                0x00000000080003f6        0x2 build/clockSetup.o
                0x00000000080003f6                BusFault_Handler
 .text.UsageFault_Handler
                0x00000000080003f8        0x2 build/clockSetup.o
                0x00000000080003f8                UsageFault_Handler
 .text          0x00000000080003fa        0x0 build/VirtualSerial.o
 *fill*         0x00000000080003fa        0x2 
 .text.USB0_0_IRQHandler
                0x00000000080003fc       0x10 build/VirtualSerial.o
                0x00000000080003fc                USB0_0_IRQHandler
 .text.USB_Init
                0x000000000800040c       0x70 build/VirtualSerial.o
                0x000000000800040c                USB_Init
 .text.EVENT_USB_Device_Connect
                0x000000000800047c        0x2 build/VirtualSerial.o
                0x000000000800047c                EVENT_USB_Device_Connect
 .text.EVENT_USB_Device_Disconnect
                0x000000000800047e        0x2 build/VirtualSerial.o
                0x000000000800047e                EVENT_USB_Device_Disconnect
 .text.EVENT_USB_Device_Reset
                0x0000000008000480       0x28 build/VirtualSerial.o
                0x0000000008000480                EVENT_USB_Device_Reset
 .text.EVENT_USB_Device_ConfigurationChanged
                0x00000000080004a8       0x4c build/VirtualSerial.o
                0x00000000080004a8                EVENT_USB_Device_ConfigurationChanged
 .text.EVENT_USB_Device_ControlRequest
                0x00000000080004f4       0x10 build/VirtualSerial.o
                0x00000000080004f4                EVENT_USB_Device_ControlRequest
 .text.EVENT_USB_Device_StartOfFrame
                0x0000000008000504        0x2 build/VirtualSerial.o
                0x0000000008000504                EVENT_USB_Device_StartOfFrame
 .text.EVENT_USB_Device_WakeUp
                0x0000000008000506        0x2 build/VirtualSerial.o
                0x0000000008000506                EVENT_USB_Device_WakeUp
 .text.EVENT_USB_Device_Suspend
                0x0000000008000508        0x2 build/VirtualSerial.o
                0x0000000008000508                EVENT_USB_Device_Suspend
 .text          0x000000000800050a        0x0 build/Descriptors.o
 *fill*         0x000000000800050a        0x2 
 .text.CALLBACK_USB_GetDescriptor
                0x000000000800050c       0x5c build/Descriptors.o
                0x000000000800050c                CALLBACK_USB_GetDescriptor
 .text          0x0000000008000568        0x0 build/packetizer.o
 .text.packetizerReceiveByteBlocking
                0x0000000008000568       0x24 build/packetizer.o
                0x0000000008000568                packetizerReceiveByteBlocking
 .text.packetizerReadHeader
                0x000000000800058c       0xe0 build/packetizer.o
                0x000000000800058c                packetizerReadHeader
 .text.packetizerReadText
                0x000000000800066c       0x98 build/packetizer.o
                0x000000000800066c                packetizerReadText
 .text.packetizerReceive
                0x0000000008000704       0x24 build/packetizer.o
                0x0000000008000704                packetizerReceive
 .text.packetizerSend
                0x0000000008000728       0x54 build/packetizer.o
                0x0000000008000728                packetizerSend
 .text          0x000000000800077c        0x0 build/crypto.o
 .text.encrypt  0x000000000800077c       0x5c build/crypto.o
                0x000000000800077c                encrypt
 .text.getCiphertextLength
                0x00000000080007d8        0x2 build/crypto.o
                0x00000000080007d8                getCiphertextLength
 .text          0x00000000080007da        0x0 build/base64url.o
 *fill*         0x00000000080007da        0x2 
 .text.base64_encode
                0x00000000080007dc       0xbc build/base64url.o
                0x00000000080007dc                base64_encode
 .text.base64_encode_alloc
                0x0000000008000898       0x48 build/base64url.o
                0x0000000008000898                base64_encode_alloc
 .text.isbase64
                0x00000000080008e0       0x14 build/base64url.o
                0x00000000080008e0                isbase64
 .text.base64_decode
                0x00000000080008f4       0xe4 build/base64url.o
                0x00000000080008f4                base64_decode
 .text.base64_decode_alloc
                0x00000000080009d8       0x4a build/base64url.o
                0x00000000080009d8                base64_decode_alloc
 .text          0x0000000008000a22        0x0 build/MPUeasy.o
 .text.enableMPU
                0x0000000008000a22       0x2c build/MPUeasy.o
                0x0000000008000a22                enableMPU
 .text.disableMPU
                0x0000000008000a4e       0x1c build/MPUeasy.o
                0x0000000008000a4e                disableMPU
 .text.configMPU
                0x0000000008000a6a       0x8a build/MPUeasy.o
                0x0000000008000a6a                configMPU
 .text.MemManage_Handler
                0x0000000008000af4       0x18 build/MPUeasy.o
                0x0000000008000af4                MemManage_Handler
 .text          0x0000000008000b0c        0x8 /tmp/ccQgicpH.o
 .text          0x0000000008000b14        0x0 build/stack_protector.o
 .text.__NVIC_SystemReset
                0x0000000008000b14       0x24 build/stack_protector.o
                0x0000000008000b14                __stack_chk_fail
 .text          0x0000000008000b38        0x0 build/blink.o
 .text.getButtonEvent
                0x0000000008000b38       0x44 build/blink.o
                0x0000000008000b38                getButtonEvent
 .text.blink    0x0000000008000b7c       0xa4 build/blink.o
                0x0000000008000b7c                blink
 .text          0x0000000008000c20        0x0 lib_build/USBController_XMC4000.o
 .text.USBD_HandleEP0_Stall
                0x0000000008000c20       0x24 lib_build/USBController_XMC4000.o
                0x0000000008000c20                USBD_HandleEP0_Stall
 .text.USB_Device_ProcessControlRequest
                0x0000000008000c44      0x320 lib_build/USBController_XMC4000.o
                0x0000000008000c44                USB_Device_ProcessControlRequest
 .text.USBD_HandleEP0_IN
                0x0000000008000f64       0x3c lib_build/USBController_XMC4000.o
                0x0000000008000f64                USBD_HandleEP0_IN
 .text.USBD_HandleEP0_OUT
                0x0000000008000fa0       0x44 lib_build/USBController_XMC4000.o
                0x0000000008000fa0                USBD_HandleEP0_OUT
 .text.USBD_HandleEP0_SETUP
                0x0000000008000fe4       0x74 lib_build/USBController_XMC4000.o
                0x0000000008000fe4                USBD_HandleEP0_SETUP
 .text.USBD_SignalDeviceEventHandler
                0x0000000008001058      0x140 lib_build/USBController_XMC4000.o
                0x0000000008001058                USBD_SignalDeviceEventHandler
 .text.USBD_SignalEndpointEvent_Handler
                0x0000000008001198      0x138 lib_build/USBController_XMC4000.o
                0x0000000008001198                USBD_SignalEndpointEvent_Handler
 .text.USBD_Initialize
                0x00000000080012d0       0x74 lib_build/USBController_XMC4000.o
                0x00000000080012d0                USBD_Initialize
 .text.USB_IsEnumDone
                0x0000000008001344       0x18 lib_build/USBController_XMC4000.o
                0x0000000008001344                USB_IsEnumDone
 .text.USBD_SetEndpointBuffer
                0x000000000800135c       0x28 lib_build/USBController_XMC4000.o
                0x000000000800135c                USBD_SetEndpointBuffer
 .text          0x0000000008001384        0x0 lib_build/xmc_usbd.o
 .text.XMC_USBD_lReadFifo
                0x0000000008001384       0x98 lib_build/xmc_usbd.o
 .text.XMC_USBD_lFlushTXFifo
                0x000000000800141c       0x4c lib_build/xmc_usbd.o
 .text.XMC_USBD_lFlushRXFifo
                0x0000000008001468       0x40 lib_build/xmc_usbd.o
 .text.XMC_USBD_lStartReadXfer
                0x00000000080014a8       0xac lib_build/xmc_usbd.o
 .text.XMC_USBD_lStartWriteXfer
                0x0000000008001554       0xd8 lib_build/xmc_usbd.o
 .text.XMC_USBD_GetCapabilities
                0x000000000800162c       0x10 lib_build/xmc_usbd.o
                0x000000000800162c                XMC_USBD_GetCapabilities
 .text.XMC_USBD_DeviceConnect
                0x000000000800163c       0x18 lib_build/xmc_usbd.o
                0x000000000800163c                XMC_USBD_DeviceConnect
 .text.XMC_USBD_DeviceDisconnect
                0x0000000008001654       0x18 lib_build/xmc_usbd.o
                0x0000000008001654                XMC_USBD_DeviceDisconnect
 .text.XMC_USBD_EndpointReadStart
                0x000000000800166c       0x58 lib_build/xmc_usbd.o
                0x000000000800166c                XMC_USBD_EndpointReadStart
 .text.XMC_USBD_DeviceSetAddress
                0x00000000080016c4       0x18 lib_build/xmc_usbd.o
                0x00000000080016c4                XMC_USBD_DeviceSetAddress
 .text.XMC_USBD_EndpointStall
                0x00000000080016dc       0xbc lib_build/xmc_usbd.o
                0x00000000080016dc                XMC_USBD_EndpointStall
 .text.XMC_USBD_EndpointAbort
                0x0000000008001798       0x54 lib_build/xmc_usbd.o
                0x0000000008001798                XMC_USBD_EndpointAbort
 .text.XMC_USBD_EndpointUnconfigure
                0x00000000080017ec      0x118 lib_build/xmc_usbd.o
                0x00000000080017ec                XMC_USBD_EndpointUnconfigure
 .text.XMC_USBD_GetFrameNumber
                0x0000000008001904       0x14 lib_build/xmc_usbd.o
                0x0000000008001904                XMC_USBD_GetFrameNumber
 .text.XMC_USBD_IsEnumDone
                0x0000000008001918       0x18 lib_build/xmc_usbd.o
                0x0000000008001918                XMC_USBD_IsEnumDone
 .text.XMC_USBD_Uninitialize
                0x0000000008001930       0x24 lib_build/xmc_usbd.o
                0x0000000008001930                XMC_USBD_Uninitialize
 .text.XMC_USBD_EndpointConfigure
                0x0000000008001954      0x284 lib_build/xmc_usbd.o
                0x0000000008001954                XMC_USBD_EndpointConfigure
 .text.XMC_USBD_EndpointRead
                0x0000000008001bd8       0x48 lib_build/xmc_usbd.o
                0x0000000008001bd8                XMC_USBD_EndpointRead
 .text.XMC_USBD_EndpointWrite
                0x0000000008001c20       0x6c lib_build/xmc_usbd.o
                0x0000000008001c20                XMC_USBD_EndpointWrite
 .text.XMC_USBD_lDeviceActive
                0x0000000008001c8c       0x44 lib_build/xmc_usbd.o
                0x0000000008001c8c                XMC_USBD_lDeviceActive
 .text.XMC_USBD_DeviceGetState
                0x0000000008001cd0       0x34 lib_build/xmc_usbd.o
                0x0000000008001cd0                XMC_USBD_DeviceGetState
 .text.XMC_USBD_Enable
                0x0000000008001d04       0x14 lib_build/xmc_usbd.o
                0x0000000008001d04                XMC_USBD_Enable
 .text.XMC_USBD_Init
                0x0000000008001d18      0x124 lib_build/xmc_usbd.o
                0x0000000008001d18                XMC_USBD_Init
 .text.XMC_USBD_Disable
                0x0000000008001e3c       0x14 lib_build/xmc_usbd.o
                0x0000000008001e3c                XMC_USBD_Disable
 .text.XMC_USBD_ClearEvent
                0x0000000008001e50       0x58 lib_build/xmc_usbd.o
                0x0000000008001e50                XMC_USBD_ClearEvent
 .text.XMC_USBD_ClearEventINEP
                0x0000000008001ea8       0x10 lib_build/xmc_usbd.o
                0x0000000008001ea8                XMC_USBD_ClearEventINEP
 .text.XMC_USBD_ClearEventOUTEP
                0x0000000008001eb8       0x14 lib_build/xmc_usbd.o
                0x0000000008001eb8                XMC_USBD_ClearEventOUTEP
 .text.XMC_USBD_EnableEventOUTEP
                0x0000000008001ecc       0x14 lib_build/xmc_usbd.o
                0x0000000008001ecc                XMC_USBD_EnableEventOUTEP
 .text.XMC_USBD_EnableEventINEP
                0x0000000008001ee0       0x14 lib_build/xmc_usbd.o
                0x0000000008001ee0                XMC_USBD_EnableEventINEP
 .text.XMC_USBD_IRQHandler
                0x0000000008001ef4      0x520 lib_build/xmc_usbd.o
                0x0000000008001ef4                XMC_USBD_IRQHandler
 .text          0x0000000008002414        0x0 lib_build/CDCClassDevice.o
 .text.CDC_Device_ConfigureEndpoints
                0x0000000008002414       0x44 lib_build/CDCClassDevice.o
                0x0000000008002414                CDC_Device_ConfigureEndpoints
 .text.CDC_Device_SendString
                0x0000000008002458       0x48 lib_build/CDCClassDevice.o
                0x0000000008002458                CDC_Device_SendString
 .text.CDC_Device_SendData
                0x00000000080024a0       0x44 lib_build/CDCClassDevice.o
                0x00000000080024a0                CDC_Device_SendData
 .text.CDC_Device_SendByte
                0x00000000080024e4       0x58 lib_build/CDCClassDevice.o
                0x00000000080024e4                CDC_Device_SendByte
 .text.CDC_Device_Flush
                0x000000000800253c       0x80 lib_build/CDCClassDevice.o
                0x000000000800253c                CDC_Device_Flush
 .text.CDC_Device_USBTask
                0x00000000080025bc       0x54 lib_build/CDCClassDevice.o
                0x00000000080025bc                CDC_Device_USBTask
 .text.CDC_Device_BytesReceived
                0x0000000008002610       0x74 lib_build/CDCClassDevice.o
                0x0000000008002610                CDC_Device_BytesReceived
 .text.CDC_Device_ReceiveByte
                0x0000000008002684       0xb8 lib_build/CDCClassDevice.o
                0x0000000008002684                CDC_Device_ReceiveByte
 .text.CDC_Device_SendControlLineStateChange
                0x000000000800273c       0x64 lib_build/CDCClassDevice.o
                0x000000000800273c                CDC_Device_SendControlLineStateChange
 .text.EVENT_CDC_Device_LineEncodingChanged
                0x00000000080027a0        0x2 lib_build/CDCClassDevice.o
                0x00000000080027a0                EVENT_CDC_Device_LineEncodingChanged
 .text.EVENT_CDC_Device_ControLineStateChanged
                0x00000000080027a2        0x2 lib_build/CDCClassDevice.o
                0x00000000080027a2                EVENT_CDC_Device_ControLineStateChanged
 .text.EVENT_CDC_Device_BreakSent
                0x00000000080027a4        0x2 lib_build/CDCClassDevice.o
                0x00000000080027a4                EVENT_CDC_Device_BreakSent
 *fill*         0x00000000080027a6        0x2 
 .text.CDC_Device_ProcessControlRequest
                0x00000000080027a8      0x130 lib_build/CDCClassDevice.o
                0x00000000080027a8                CDC_Device_ProcessControlRequest
 .text          0x00000000080028d8        0x0 lib_build/USBTask.o
 .text.USB_USBTask
                0x00000000080028d8       0x4c lib_build/USBTask.o
                0x00000000080028d8                USB_USBTask
 .text          0x0000000008002924        0x0 lib_build/Endpoint_XMC4000.o
 .text.Endpoint_WaitUntilReady
                0x0000000008002924       0xa0 lib_build/Endpoint_XMC4000.o
                0x0000000008002924                Endpoint_WaitUntilReady
 .text.Endpoint_ClearOUT
                0x00000000080029c4       0x5c lib_build/Endpoint_XMC4000.o
                0x00000000080029c4                Endpoint_ClearOUT
 .text.Endpoint_ClearIN
                0x0000000008002a20       0xb8 lib_build/Endpoint_XMC4000.o
                0x0000000008002a20                Endpoint_ClearIN
 .text.Endpoint_IsReadWriteAllowed
                0x0000000008002ad8       0x40 lib_build/Endpoint_XMC4000.o
                0x0000000008002ad8                Endpoint_IsReadWriteAllowed
 .text.Endpoint_Write_8
                0x0000000008002b18       0x34 lib_build/Endpoint_XMC4000.o
                0x0000000008002b18                Endpoint_Write_8
 .text.Endpoint_Read_8
                0x0000000008002b4c       0x30 lib_build/Endpoint_XMC4000.o
                0x0000000008002b4c                Endpoint_Read_8
 .text.Endpoint_Write_32_LE
                0x0000000008002b7c       0x34 lib_build/Endpoint_XMC4000.o
                0x0000000008002b7c                Endpoint_Write_32_LE
 .text.Endpoint_Read_32_LE
                0x0000000008002bb0       0x30 lib_build/Endpoint_XMC4000.o
                0x0000000008002bb0                Endpoint_Read_32_LE
 .text.Endpoint_ConfigureEndpointTable
                0x0000000008002be0       0x74 lib_build/Endpoint_XMC4000.o
                0x0000000008002be0                Endpoint_ConfigureEndpointTable
 .text          0x0000000008002c54        0x0 lib_build/xmc4_scu.o
 .text.XMC_SCU_lDelay
                0x0000000008002c54       0x30 lib_build/xmc4_scu.o
 .text.XMC_SCU_INTERRUPT_EnableEvent
                0x0000000008002c84       0x10 lib_build/xmc4_scu.o
                0x0000000008002c84                XMC_SCU_INTERRUPT_EnableEvent
 .text.XMC_SCU_INTERRUPT_DisableEvent
                0x0000000008002c94       0x10 lib_build/xmc4_scu.o
                0x0000000008002c94                XMC_SCU_INTERRUPT_DisableEvent
 .text.XMC_SCU_INTERRUPT_TriggerEvent
                0x0000000008002ca4       0x10 lib_build/xmc4_scu.o
                0x0000000008002ca4                XMC_SCU_INTERRUPT_TriggerEvent
 .text.XMC_SCU_INTERUPT_GetEventStatus
                0x0000000008002cb4        0xc lib_build/xmc4_scu.o
                0x0000000008002cb4                XMC_SCU_INTERUPT_GetEventStatus
 .text.XMC_SCU_INTERRUPT_ClearEventStatus
                0x0000000008002cc0        0xc lib_build/xmc4_scu.o
                0x0000000008002cc0                XMC_SCU_INTERRUPT_ClearEventStatus
 .text.XMC_SCU_GetBootMode
                0x0000000008002ccc       0x10 lib_build/xmc4_scu.o
                0x0000000008002ccc                XMC_SCU_GetBootMode
 .text.XMC_SCU_SetBootMode
                0x0000000008002cdc        0xc lib_build/xmc4_scu.o
                0x0000000008002cdc                XMC_SCU_SetBootMode
 .text.XMC_SCU_ReadGPR
                0x0000000008002ce8        0xc lib_build/xmc4_scu.o
                0x0000000008002ce8                XMC_SCU_ReadGPR
 .text.XMC_SCU_WriteGPR
                0x0000000008002cf4        0xc lib_build/xmc4_scu.o
                0x0000000008002cf4                XMC_SCU_WriteGPR
 .text.XMC_SCU_EnableOutOfRangeComparator
                0x0000000008002d00       0x1c lib_build/xmc4_scu.o
                0x0000000008002d00                XMC_SCU_EnableOutOfRangeComparator
 .text.XMC_SCU_DisableOutOfRangeComparator
                0x0000000008002d1c       0x1e lib_build/xmc4_scu.o
                0x0000000008002d1c                XMC_SCU_DisableOutOfRangeComparator
 *fill*         0x0000000008002d3a        0x2 
 .text.XMC_SCU_CalibrateTemperatureSensor
                0x0000000008002d3c       0x18 lib_build/xmc4_scu.o
                0x0000000008002d3c                XMC_SCU_CalibrateTemperatureSensor
 .text.XMC_SCU_EnableTemperatureSensor
                0x0000000008002d54       0x14 lib_build/xmc4_scu.o
                0x0000000008002d54                XMC_SCU_EnableTemperatureSensor
 .text.XMC_SCU_DisableTemperatureSensor
                0x0000000008002d68       0x14 lib_build/xmc4_scu.o
                0x0000000008002d68                XMC_SCU_DisableTemperatureSensor
 .text.XMC_SCU_IsTemperatureSensorEnabled
                0x0000000008002d7c       0x14 lib_build/xmc4_scu.o
                0x0000000008002d7c                XMC_SCU_IsTemperatureSensorEnabled
 .text.XMC_SCU_IsTemperatureSensorReady
                0x0000000008002d90       0x10 lib_build/xmc4_scu.o
                0x0000000008002d90                XMC_SCU_IsTemperatureSensorReady
 .text.XMC_SCU_GetTemperatureMeasurement
                0x0000000008002da0       0x20 lib_build/xmc4_scu.o
                0x0000000008002da0                XMC_SCU_GetTemperatureMeasurement
 .text.XMC_SCU_IsTemperatureSensorBusy
                0x0000000008002dc0       0x10 lib_build/xmc4_scu.o
                0x0000000008002dc0                XMC_SCU_IsTemperatureSensorBusy
 .text.XMC_SCU_StartTemperatureMeasurement
                0x0000000008002dd0       0x2c lib_build/xmc4_scu.o
                0x0000000008002dd0                XMC_SCU_StartTemperatureMeasurement
 .text.XMC_SCU_WriteToRetentionMemory
                0x0000000008002dfc       0x28 lib_build/xmc4_scu.o
                0x0000000008002dfc                XMC_SCU_WriteToRetentionMemory
 .text.XMC_SCU_ReadFromRetentionMemory
                0x0000000008002e24       0x24 lib_build/xmc4_scu.o
                0x0000000008002e24                XMC_SCU_ReadFromRetentionMemory
 .text.XMC_SCU_TRAP_Enable
                0x0000000008002e48       0x10 lib_build/xmc4_scu.o
                0x0000000008002e48                XMC_SCU_TRAP_Enable
 .text.XMC_SCU_TRAP_Disable
                0x0000000008002e58       0x10 lib_build/xmc4_scu.o
                0x0000000008002e58                XMC_SCU_TRAP_Disable
 .text.XMC_SCU_TRAP_GetStatus
                0x0000000008002e68        0xc lib_build/xmc4_scu.o
                0x0000000008002e68                XMC_SCU_TRAP_GetStatus
 .text.XMC_SCU_TRAP_Trigger
                0x0000000008002e74        0xc lib_build/xmc4_scu.o
                0x0000000008002e74                XMC_SCU_TRAP_Trigger
 .text.XMC_SCU_TRAP_ClearStatus
                0x0000000008002e80        0xc lib_build/xmc4_scu.o
                0x0000000008002e80                XMC_SCU_TRAP_ClearStatus
 .text.XMC_SCU_PARITY_ClearStatus
                0x0000000008002e8c       0x10 lib_build/xmc4_scu.o
                0x0000000008002e8c                XMC_SCU_PARITY_ClearStatus
 .text.XMC_SCU_PARITY_GetStatus
                0x0000000008002e9c        0xc lib_build/xmc4_scu.o
                0x0000000008002e9c                XMC_SCU_PARITY_GetStatus
 .text.XMC_SCU_PARITY_Enable
                0x0000000008002ea8       0x10 lib_build/xmc4_scu.o
                0x0000000008002ea8                XMC_SCU_PARITY_Enable
 .text.XMC_SCU_PARITY_Disable
                0x0000000008002eb8       0x10 lib_build/xmc4_scu.o
                0x0000000008002eb8                XMC_SCU_PARITY_Disable
 .text.XMC_SCU_PARITY_EnableTrapGeneration
                0x0000000008002ec8       0x10 lib_build/xmc4_scu.o
                0x0000000008002ec8                XMC_SCU_PARITY_EnableTrapGeneration
 .text.XMC_SCU_PARITY_DisableTrapGeneration
                0x0000000008002ed8       0x10 lib_build/xmc4_scu.o
                0x0000000008002ed8                XMC_SCU_PARITY_DisableTrapGeneration
 .text.XMC_SCU_INTERRUPT_EnableNmiRequest
                0x0000000008002ee8       0x10 lib_build/xmc4_scu.o
                0x0000000008002ee8                XMC_SCU_INTERRUPT_EnableNmiRequest
 .text.XMC_SCU_INTERRUPT_DisableNmiRequest
                0x0000000008002ef8       0x10 lib_build/xmc4_scu.o
                0x0000000008002ef8                XMC_SCU_INTERRUPT_DisableNmiRequest
 .text.XMC_SCU_RESET_AssertPeripheralReset
                0x0000000008002f08       0x18 lib_build/xmc4_scu.o
                0x0000000008002f08                XMC_SCU_RESET_AssertPeripheralReset
 .text.XMC_SCU_RESET_DeassertPeripheralReset
                0x0000000008002f20       0x18 lib_build/xmc4_scu.o
                0x0000000008002f20                XMC_SCU_RESET_DeassertPeripheralReset
 .text.XMC_SCU_RESET_IsPeripheralResetAsserted
                0x0000000008002f38       0x20 lib_build/xmc4_scu.o
                0x0000000008002f38                XMC_SCU_RESET_IsPeripheralResetAsserted
 .text.XMC_SCU_CLOCK_GetSystemPllClockSourceFrequency
                0x0000000008002f58       0x20 lib_build/xmc4_scu.o
                0x0000000008002f58                XMC_SCU_CLOCK_GetSystemPllClockSourceFrequency
 .text.XMC_SCU_CLOCK_GetSystemPllClockFrequency
                0x0000000008002f78       0x48 lib_build/xmc4_scu.o
                0x0000000008002f78                XMC_SCU_CLOCK_GetSystemPllClockFrequency
 .text.XMC_SCU_CLOCK_GetUsbPllClockFrequency
                0x0000000008002fc0       0x30 lib_build/xmc4_scu.o
                0x0000000008002fc0                XMC_SCU_CLOCK_GetUsbPllClockFrequency
 .text.XMC_SCU_CLOCK_GetCcuClockFrequency
                0x0000000008002ff0       0x20 lib_build/xmc4_scu.o
                0x0000000008002ff0                XMC_SCU_CLOCK_GetCcuClockFrequency
 .text.XMC_SCU_CLOCK_GetUsbClockFrequency
                0x0000000008003010       0x2c lib_build/xmc4_scu.o
                0x0000000008003010                XMC_SCU_CLOCK_GetUsbClockFrequency
 .text.XMC_SCU_CLOCK_GetEbuClockFrequency
                0x000000000800303c       0x1c lib_build/xmc4_scu.o
                0x000000000800303c                XMC_SCU_CLOCK_GetEbuClockFrequency
 .text.XMC_SCU_CLOCK_GetWdtClockFrequency
                0x0000000008003058       0x40 lib_build/xmc4_scu.o
                0x0000000008003058                XMC_SCU_CLOCK_GetWdtClockFrequency
 .text.XMC_SCU_CLOCK_GetExternalOutputClockFrequency
                0x0000000008003098       0x58 lib_build/xmc4_scu.o
                0x0000000008003098                XMC_SCU_CLOCK_GetExternalOutputClockFrequency
 .text.XMC_SCU_CLOCK_GetPeripheralClockFrequency
                0x00000000080030f0       0x18 lib_build/xmc4_scu.o
                0x00000000080030f0                XMC_SCU_CLOCK_GetPeripheralClockFrequency
 .text.XMC_SCU_CLOCK_SetSystemClockSource
                0x0000000008003108       0x14 lib_build/xmc4_scu.o
                0x0000000008003108                XMC_SCU_CLOCK_SetSystemClockSource
 .text.XMC_SCU_CLOCK_SetUsbClockSource
                0x000000000800311c       0x14 lib_build/xmc4_scu.o
                0x000000000800311c                XMC_SCU_CLOCK_SetUsbClockSource
 .text.XMC_SCU_CLOCK_SetWdtClockSource
                0x0000000008003130       0x14 lib_build/xmc4_scu.o
                0x0000000008003130                XMC_SCU_CLOCK_SetWdtClockSource
 .text.XMC_SCU_CLOCK_SetExternalOutputClockSource
                0x0000000008003144       0x14 lib_build/xmc4_scu.o
                0x0000000008003144                XMC_SCU_CLOCK_SetExternalOutputClockSource
 .text.XMC_SCU_CLOCK_SetSystemPllClockSource
                0x0000000008003158       0x28 lib_build/xmc4_scu.o
                0x0000000008003158                XMC_SCU_CLOCK_SetSystemPllClockSource
 .text.XMC_SCU_HIB_SetRtcClockSource
                0x0000000008003180       0x24 lib_build/xmc4_scu.o
                0x0000000008003180                XMC_SCU_HIB_SetRtcClockSource
 .text.XMC_SCU_HIB_SetStandbyClockSource
                0x00000000080031a4       0x24 lib_build/xmc4_scu.o
                0x00000000080031a4                XMC_SCU_HIB_SetStandbyClockSource
 .text.XMC_SCU_CLOCK_SetSystemClockDivider
                0x00000000080031c8       0x14 lib_build/xmc4_scu.o
                0x00000000080031c8                XMC_SCU_CLOCK_SetSystemClockDivider
 .text.XMC_SCU_CLOCK_SetCcuClockDivider
                0x00000000080031dc       0x14 lib_build/xmc4_scu.o
                0x00000000080031dc                XMC_SCU_CLOCK_SetCcuClockDivider
 .text.XMC_SCU_CLOCK_SetCpuClockDivider
                0x00000000080031f0       0x14 lib_build/xmc4_scu.o
                0x00000000080031f0                XMC_SCU_CLOCK_SetCpuClockDivider
 .text.XMC_SCU_CLOCK_SetPeripheralClockDivider
                0x0000000008003204       0x14 lib_build/xmc4_scu.o
                0x0000000008003204                XMC_SCU_CLOCK_SetPeripheralClockDivider
 .text.XMC_SCU_CLOCK_SetUsbClockDivider
                0x0000000008003218       0x14 lib_build/xmc4_scu.o
                0x0000000008003218                XMC_SCU_CLOCK_SetUsbClockDivider
 .text.XMC_SCU_CLOCK_SetEbuClockDivider
                0x000000000800322c       0x14 lib_build/xmc4_scu.o
                0x000000000800322c                XMC_SCU_CLOCK_SetEbuClockDivider
 .text.XMC_SCU_CLOCK_SetWdtClockDivider
                0x0000000008003240       0x14 lib_build/xmc4_scu.o
                0x0000000008003240                XMC_SCU_CLOCK_SetWdtClockDivider
 .text.XMC_SCU_CLOCK_SetExternalOutputClockDivider
                0x0000000008003254       0x1c lib_build/xmc4_scu.o
                0x0000000008003254                XMC_SCU_CLOCK_SetExternalOutputClockDivider
 .text.XMC_SCU_CLOCK_EnableClock
                0x0000000008003270        0xc lib_build/xmc4_scu.o
                0x0000000008003270                XMC_SCU_CLOCK_EnableClock
 .text.XMC_SCU_CLOCK_DisableClock
                0x000000000800327c        0xc lib_build/xmc4_scu.o
                0x000000000800327c                XMC_SCU_CLOCK_DisableClock
 .text.XMC_SCU_CLOCK_IsClockEnabled
                0x0000000008003288       0x14 lib_build/xmc4_scu.o
                0x0000000008003288                XMC_SCU_CLOCK_IsClockEnabled
 .text.XMC_SCU_POWER_GetEVR13Voltage
                0x000000000800329c       0x24 lib_build/xmc4_scu.o
                0x000000000800329c                XMC_SCU_POWER_GetEVR13Voltage
 .text.XMC_SCU_POWER_GetEVR33Voltage
                0x00000000080032c0       0x28 lib_build/xmc4_scu.o
                0x00000000080032c0                XMC_SCU_POWER_GetEVR33Voltage
 .text.XMC_SCU_CLOCK_EnableUsbPll
                0x00000000080032e8       0x14 lib_build/xmc4_scu.o
                0x00000000080032e8                XMC_SCU_CLOCK_EnableUsbPll
 .text.XMC_SCU_CLOCK_DisableUsbPll
                0x00000000080032fc       0x14 lib_build/xmc4_scu.o
                0x00000000080032fc                XMC_SCU_CLOCK_DisableUsbPll
 .text.XMC_SCU_CLOCK_StartUsbPll
                0x0000000008003310       0x48 lib_build/xmc4_scu.o
                0x0000000008003310                XMC_SCU_CLOCK_StartUsbPll
 .text.XMC_SCU_CLOCK_StopUsbPll
                0x0000000008003358       0x10 lib_build/xmc4_scu.o
                0x0000000008003358                XMC_SCU_CLOCK_StopUsbPll
 .text.XMC_SCU_CLOCK_SetBackupClockCalibrationMode
                0x0000000008003368       0x38 lib_build/xmc4_scu.o
                0x0000000008003368                XMC_SCU_CLOCK_SetBackupClockCalibrationMode
 .text.XMC_SCU_POWER_EnableUsb
                0x00000000080033a0       0x10 lib_build/xmc4_scu.o
                0x00000000080033a0                XMC_SCU_POWER_EnableUsb
 .text.XMC_SCU_POWER_DisableUsb
                0x00000000080033b0       0x10 lib_build/xmc4_scu.o
                0x00000000080033b0                XMC_SCU_POWER_DisableUsb
 .text.XMC_SCU_CLOCK_IsUsbPllLocked
                0x00000000080033c0       0x10 lib_build/xmc4_scu.o
                0x00000000080033c0                XMC_SCU_CLOCK_IsUsbPllLocked
 .text.XMC_SCU_HIB_EnableHibernateDomain
                0x00000000080033d0       0x40 lib_build/xmc4_scu.o
                0x00000000080033d0                XMC_SCU_HIB_EnableHibernateDomain
 .text.XMC_SCU_HIB_DisableHibernateDomain
                0x0000000008003410       0x18 lib_build/xmc4_scu.o
                0x0000000008003410                XMC_SCU_HIB_DisableHibernateDomain
 .text.XMC_SCU_HIB_IsHibernateDomainEnabled
                0x0000000008003428       0x24 lib_build/xmc4_scu.o
                0x0000000008003428                XMC_SCU_HIB_IsHibernateDomainEnabled
 .text.XMC_SCU_HIB_EnableInternalSlowClock
                0x000000000800344c       0x20 lib_build/xmc4_scu.o
                0x000000000800344c                XMC_SCU_HIB_EnableInternalSlowClock
 .text.XMC_SCU_HIB_DisableInternalSlowClock
                0x000000000800346c       0x20 lib_build/xmc4_scu.o
                0x000000000800346c                XMC_SCU_HIB_DisableInternalSlowClock
 .text.XMC_SCU_HIB_ClearEventStatus
                0x000000000800348c       0x1c lib_build/xmc4_scu.o
                0x000000000800348c                XMC_SCU_HIB_ClearEventStatus
 .text.XMC_SCU_HIB_TriggerEvent
                0x00000000080034a8       0x1c lib_build/xmc4_scu.o
                0x00000000080034a8                XMC_SCU_HIB_TriggerEvent
 .text.XMC_SCU_HIB_EnableEvent
                0x00000000080034c4       0x20 lib_build/xmc4_scu.o
                0x00000000080034c4                XMC_SCU_HIB_EnableEvent
 .text.XMC_SCU_HIB_DisableEvent
                0x00000000080034e4       0x20 lib_build/xmc4_scu.o
                0x00000000080034e4                XMC_SCU_HIB_DisableEvent
 .text.XMC_SCU_HIB_EnterHibernateState
                0x0000000008003504       0x20 lib_build/xmc4_scu.o
                0x0000000008003504                XMC_SCU_HIB_EnterHibernateState
 .text.XMC_SCU_HIB_EnterHibernateStateEx
                0x0000000008003524        0xc lib_build/xmc4_scu.o
                0x0000000008003524                XMC_SCU_HIB_EnterHibernateStateEx
 .text.XMC_SCU_HIB_SetWakeupTriggerInput
                0x0000000008003530       0x30 lib_build/xmc4_scu.o
                0x0000000008003530                XMC_SCU_HIB_SetWakeupTriggerInput
 .text.XMC_SCU_HIB_SetPinMode
                0x0000000008003560       0x34 lib_build/xmc4_scu.o
                0x0000000008003560                XMC_SCU_HIB_SetPinMode
 .text.XMC_SCU_HIB_SetPinOutputLevel
                0x0000000008003594       0x30 lib_build/xmc4_scu.o
                0x0000000008003594                XMC_SCU_HIB_SetPinOutputLevel
 .text.XMC_SCU_HIB_SetInput0
                0x00000000080035c4       0x30 lib_build/xmc4_scu.o
                0x00000000080035c4                XMC_SCU_HIB_SetInput0
 .text.XMC_SCU_HIB_SetSR0Input
                0x00000000080035f4       0x24 lib_build/xmc4_scu.o
                0x00000000080035f4                XMC_SCU_HIB_SetSR0Input
 .text.XMC_SCU_CLOCK_IsLowPowerOscillatorStable
                0x0000000008003618       0x14 lib_build/xmc4_scu.o
                0x0000000008003618                XMC_SCU_CLOCK_IsLowPowerOscillatorStable
 .text.XMC_SCU_CLOCK_EnableLowPowerOscillator
                0x000000000800362c       0x58 lib_build/xmc4_scu.o
                0x000000000800362c                XMC_SCU_CLOCK_EnableLowPowerOscillator
 .text.XMC_SCU_CLOCK_DisableLowPowerOscillator
                0x0000000008003684       0x20 lib_build/xmc4_scu.o
                0x0000000008003684                XMC_SCU_CLOCK_DisableLowPowerOscillator
 .text.XMC_SCU_CLOCK_EnableLowPowerOscillatorGeneralPurposeInput
                0x00000000080036a4       0x20 lib_build/xmc4_scu.o
                0x00000000080036a4                XMC_SCU_CLOCK_EnableLowPowerOscillatorGeneralPurposeInput
 .text.XMC_SCU_CLOCK_DisableLowPowerOscillatorGeneralPurposeInput
                0x00000000080036c4       0x24 lib_build/xmc4_scu.o
                0x00000000080036c4                XMC_SCU_CLOCK_DisableLowPowerOscillatorGeneralPurposeInput
 .text.XMC_SCU_CLOCK_GetLowPowerOscillatorGeneralPurposeInputStatus
                0x00000000080036e8       0x10 lib_build/xmc4_scu.o
                0x00000000080036e8                XMC_SCU_CLOCK_GetLowPowerOscillatorGeneralPurposeInputStatus
 .text.XMC_SCU_CLOCK_EnableHighPerformanceOscillator
                0x00000000080036f8       0x44 lib_build/xmc4_scu.o
                0x00000000080036f8                XMC_SCU_CLOCK_EnableHighPerformanceOscillator
 .text.XMC_SCU_CLOCK_IsHighPerformanceOscillatorStable
                0x000000000800373c       0x18 lib_build/xmc4_scu.o
                0x000000000800373c                XMC_SCU_CLOCK_IsHighPerformanceOscillatorStable
 .text.XMC_SCU_CLOCK_DisableHighPerformanceOscillator
                0x0000000008003754       0x10 lib_build/xmc4_scu.o
                0x0000000008003754                XMC_SCU_CLOCK_DisableHighPerformanceOscillator
 .text.XMC_SCU_CLOCK_EnableHighPerformanceOscillatorGeneralPurposeInput
                0x0000000008003764       0x10 lib_build/xmc4_scu.o
                0x0000000008003764                XMC_SCU_CLOCK_EnableHighPerformanceOscillatorGeneralPurposeInput
 .text.XMC_SCU_CLOCK_DisableHighPerformanceOscillatorGeneralPurposeInput
                0x0000000008003774       0x10 lib_build/xmc4_scu.o
                0x0000000008003774                XMC_SCU_CLOCK_DisableHighPerformanceOscillatorGeneralPurposeInput
 .text.XMC_SCU_CLOCK_GetHighPerformanceOscillatorGeneralPurposeInputStatus
                0x0000000008003784       0x10 lib_build/xmc4_scu.o
                0x0000000008003784                XMC_SCU_CLOCK_GetHighPerformanceOscillatorGeneralPurposeInputStatus
 .text.XMC_SCU_CLOCK_EnableSystemPll
                0x0000000008003794       0x14 lib_build/xmc4_scu.o
                0x0000000008003794                XMC_SCU_CLOCK_EnableSystemPll
 .text.XMC_SCU_CLOCK_DisableSystemPll
                0x00000000080037a8       0x14 lib_build/xmc4_scu.o
                0x00000000080037a8                XMC_SCU_CLOCK_DisableSystemPll
 .text.XMC_SCU_CLOCK_StopSystemPll
                0x00000000080037bc       0x10 lib_build/xmc4_scu.o
                0x00000000080037bc                XMC_SCU_CLOCK_StopSystemPll
 .text.XMC_SCU_CLOCK_StepSystemPllFrequency
                0x00000000080037cc       0x20 lib_build/xmc4_scu.o
                0x00000000080037cc                XMC_SCU_CLOCK_StepSystemPllFrequency
 .text.XMC_SCU_CLOCK_StartSystemPll
                0x00000000080037ec      0x108 lib_build/xmc4_scu.o
                0x00000000080037ec                XMC_SCU_CLOCK_StartSystemPll
 .text.XMC_SCU_CLOCK_Init
                0x00000000080038f4       0xa0 lib_build/xmc4_scu.o
                0x00000000080038f4                XMC_SCU_CLOCK_Init
 .text.XMC_SCU_CLOCK_IsSystemPllLocked
                0x0000000008003994       0x10 lib_build/xmc4_scu.o
                0x0000000008003994                XMC_SCU_CLOCK_IsSystemPllLocked
 .text.XMC_SCU_INTERRUPT_SetEventHandler
                0x00000000080039a4       0x38 lib_build/xmc4_scu.o
                0x00000000080039a4                XMC_SCU_INTERRUPT_SetEventHandler
 .text.XMC_SCU_IRQHandler
                0x00000000080039dc       0x40 lib_build/xmc4_scu.o
                0x00000000080039dc                XMC_SCU_IRQHandler
 .text          0x0000000008003a1c        0x0 lib_build/EndpointStream_XMC4000.o
 .text.Endpoint_Write_Stream_LE
                0x0000000008003a1c       0xbc lib_build/EndpointStream_XMC4000.o
                0x0000000008003a1c                Endpoint_Write_Stream_LE
 .text.SwapCopy
                0x0000000008003ad8       0x22 lib_build/EndpointStream_XMC4000.o
                0x0000000008003ad8                SwapCopy
 *fill*         0x0000000008003afa        0x2 
 .text.Endpoint_Write_Stream_BE
                0x0000000008003afc       0x98 lib_build/EndpointStream_XMC4000.o
                0x0000000008003afc                Endpoint_Write_Stream_BE
 .text.Endpoint_Read_Stream_LE
                0x0000000008003b94       0x98 lib_build/EndpointStream_XMC4000.o
                0x0000000008003b94                Endpoint_Read_Stream_LE
 .text.Endpoint_Read_Stream_BE
                0x0000000008003c2c       0x98 lib_build/EndpointStream_XMC4000.o
                0x0000000008003c2c                Endpoint_Read_Stream_BE
 .text.Endpoint_Write_Control_Stream_LE
                0x0000000008003cc4       0x48 lib_build/EndpointStream_XMC4000.o
                0x0000000008003cc4                Endpoint_Write_Control_Stream_LE
 .text.Endpoint_Write_Control_Stream_BE
                0x0000000008003d0c        0x8 lib_build/EndpointStream_XMC4000.o
                0x0000000008003d0c                Endpoint_Write_Control_Stream_BE
 .text.Endpoint_Read_Control_Stream_LE
                0x0000000008003d14       0x50 lib_build/EndpointStream_XMC4000.o
                0x0000000008003d14                Endpoint_Read_Control_Stream_LE
 .text.Endpoint_Read_Control_Stream_BE
                0x0000000008003d64        0x8 lib_build/EndpointStream_XMC4000.o
                0x0000000008003d64                Endpoint_Read_Control_Stream_BE
 .text.Endpoint_Null_Stream
                0x0000000008003d6c       0x98 lib_build/EndpointStream_XMC4000.o
                0x0000000008003d6c                Endpoint_Null_Stream
 .text          0x0000000008003e04        0x0 lib_build/memcpy.o
 .text.thumb2_memcpy
                0x0000000008003e04       0x3c lib_build/memcpy.o
                0x0000000008003e04                thumb2_memcpy
 .text          0x0000000008003e40        0x0 lib_build/xmc_gpio.o
 .text.XMC_GPIO_SetMode
                0x0000000008003e40       0x2a lib_build/xmc_gpio.o
                0x0000000008003e40                XMC_GPIO_SetMode
 .text.XMC_GPIO_SetHardwareControl
                0x0000000008003e6a       0x1e lib_build/xmc_gpio.o
                0x0000000008003e6a                XMC_GPIO_SetHardwareControl
 .text          0x0000000008003e88        0x0 lib_build/xmc4_gpio.o
 .text.XMC_GPIO_Init
                0x0000000008003e88       0x84 lib_build/xmc4_gpio.o
                0x0000000008003e88                XMC_GPIO_Init
 .text.XMC_GPIO_SetOutputStrength
                0x0000000008003f0c       0x2a lib_build/xmc4_gpio.o
                0x0000000008003f0c                XMC_GPIO_SetOutputStrength
 .text          0x0000000008003f36        0x0 lib_build/xmc_ccu4.o
 *fill*         0x0000000008003f36        0x2 
 .text.XMC_CCU4_EnableModule
                0x0000000008003f38       0x58 lib_build/xmc_ccu4.o
                0x0000000008003f38                XMC_CCU4_EnableModule
 .text.XMC_CCU4_DisableModule
                0x0000000008003f90       0x50 lib_build/xmc_ccu4.o
                0x0000000008003f90                XMC_CCU4_DisableModule
 .text.XMC_CCU4_Init
                0x0000000008003fe0       0x20 lib_build/xmc_ccu4.o
                0x0000000008003fe0                XMC_CCU4_Init
 .text.XMC_CCU4_SetModuleClock
                0x0000000008004000        0xe lib_build/xmc_ccu4.o
                0x0000000008004000                XMC_CCU4_SetModuleClock
 .text.XMC_CCU4_SetMultiChannelShadowTransferMode
                0x000000000800400e        0xe lib_build/xmc_ccu4.o
                0x000000000800400e                XMC_CCU4_SetMultiChannelShadowTransferMode
 .text.XMC_CCU4_SLICE_CompareInit
                0x000000000800401c       0x2e lib_build/xmc_ccu4.o
                0x000000000800401c                XMC_CCU4_SLICE_CompareInit
 .text.XMC_CCU4_SLICE_CaptureInit
                0x000000000800404a       0x1e lib_build/xmc_ccu4.o
                0x000000000800404a                XMC_CCU4_SLICE_CaptureInit
 .text.XMC_CCU4_SLICE_StartConfig
                0x0000000008004068       0x1c lib_build/xmc_ccu4.o
                0x0000000008004068                XMC_CCU4_SLICE_StartConfig
 .text.XMC_CCU4_SLICE_StopConfig
                0x0000000008004084       0x1a lib_build/xmc_ccu4.o
                0x0000000008004084                XMC_CCU4_SLICE_StopConfig
 .text.XMC_CCU4_SLICE_LoadConfig
                0x000000000800409e        0xe lib_build/xmc_ccu4.o
                0x000000000800409e                XMC_CCU4_SLICE_LoadConfig
 .text.XMC_CCU4_SLICE_ModulationConfig
                0x00000000080040ac       0x2e lib_build/xmc_ccu4.o
                0x00000000080040ac                XMC_CCU4_SLICE_ModulationConfig
 .text.XMC_CCU4_SLICE_CountConfig
                0x00000000080040da        0xe lib_build/xmc_ccu4.o
                0x00000000080040da                XMC_CCU4_SLICE_CountConfig
 .text.XMC_CCU4_SLICE_GateConfig
                0x00000000080040e8        0xe lib_build/xmc_ccu4.o
                0x00000000080040e8                XMC_CCU4_SLICE_GateConfig
 .text.XMC_CCU4_SLICE_Capture0Config
                0x00000000080040f6        0xe lib_build/xmc_ccu4.o
                0x00000000080040f6                XMC_CCU4_SLICE_Capture0Config
 .text.XMC_CCU4_SLICE_Capture1Config
                0x0000000008004104        0xe lib_build/xmc_ccu4.o
                0x0000000008004104                XMC_CCU4_SLICE_Capture1Config
 .text.XMC_CCU4_SLICE_DirectionConfig
                0x0000000008004112        0xe lib_build/xmc_ccu4.o
                0x0000000008004112                XMC_CCU4_SLICE_DirectionConfig
 .text.XMC_CCU4_SLICE_StatusBitOverrideConfig
                0x0000000008004120        0xa lib_build/xmc_ccu4.o
                0x0000000008004120                XMC_CCU4_SLICE_StatusBitOverrideConfig
 .text.XMC_CCU4_SLICE_TrapConfig
                0x000000000800412a       0x26 lib_build/xmc_ccu4.o
                0x000000000800412a                XMC_CCU4_SLICE_TrapConfig
 .text.XMC_CCU4_SLICE_ConfigureStatusBitOverrideEvent
                0x0000000008004150       0x5c lib_build/xmc_ccu4.o
                0x0000000008004150                XMC_CCU4_SLICE_ConfigureStatusBitOverrideEvent
 .text.XMC_CCU4_SLICE_ConfigureEvent
                0x00000000080041ac       0x64 lib_build/xmc_ccu4.o
                0x00000000080041ac                XMC_CCU4_SLICE_ConfigureEvent
 .text.XMC_CCU4_SLICE_SetInput
                0x0000000008004210       0x20 lib_build/xmc_ccu4.o
                0x0000000008004210                XMC_CCU4_SLICE_SetInput
 .text.XMC_CCU4_SLICE_SetTimerRepeatMode
                0x0000000008004230       0x16 lib_build/xmc_ccu4.o
                0x0000000008004230                XMC_CCU4_SLICE_SetTimerRepeatMode
 .text.XMC_CCU4_SLICE_SetTimerCountingMode
                0x0000000008004246       0x16 lib_build/xmc_ccu4.o
                0x0000000008004246                XMC_CCU4_SLICE_SetTimerCountingMode
 .text.XMC_CCU4_SLICE_GetCaptureRegisterValue
                0x000000000800425c        0xa lib_build/xmc_ccu4.o
                0x000000000800425c                XMC_CCU4_SLICE_GetCaptureRegisterValue
 .text.XMC_CCU4_SLICE_GetLastCapturedTimerValue
                0x0000000008004266       0x60 lib_build/xmc_ccu4.o
                0x0000000008004266                XMC_CCU4_SLICE_GetLastCapturedTimerValue
 .text.XMC_CCU4_GetCapturedValueFromFifo
                0x00000000080042c6       0x10 lib_build/xmc_ccu4.o
                0x00000000080042c6                XMC_CCU4_GetCapturedValueFromFifo
 .text.XMC_CCU4_SLICE_EnableDithering
                0x00000000080042d6       0x1e lib_build/xmc_ccu4.o
                0x00000000080042d6                XMC_CCU4_SLICE_EnableDithering
 .text.XMC_CCU4_SLICE_SetPrescaler
                0x00000000080042f4       0x10 lib_build/xmc_ccu4.o
                0x00000000080042f4                XMC_CCU4_SLICE_SetPrescaler
 .text.XMC_CCU4_SLICE_SetInterruptNode
                0x0000000008004304       0x4c lib_build/xmc_ccu4.o
                0x0000000008004304                XMC_CCU4_SLICE_SetInterruptNode
 .text.XMC_CCU4_SLICE_SetPassiveLevel
                0x0000000008004350        0xc lib_build/xmc_ccu4.o
                0x0000000008004350                XMC_CCU4_SLICE_SetPassiveLevel
 .text          0x000000000800435c        0x0 lib_build/startup_XMC4500.o
 .text          0x000000000800435c        0x0 lib_build/system_XMC4500.o
 .text.delay    0x000000000800435c       0x1e lib_build/system_XMC4500.o
 *fill*         0x000000000800437a        0x2 
 .text.SystemCoreSetup
                0x000000000800437c       0x44 lib_build/system_XMC4500.o
                0x000000000800437c                SystemCoreSetup
 .text.OSCHP_GetFrequency
                0x00000000080043c0        0x8 lib_build/system_XMC4500.o
                0x00000000080043c0                OSCHP_GetFrequency
 .text.SystemCoreClockUpdate
                0x00000000080043c8       0x8c lib_build/system_XMC4500.o
                0x00000000080043c8                SystemCoreClockUpdate
 .text.SystemCoreClockSetup
                0x0000000008004454      0x1a0 lib_build/system_XMC4500.o
 .text.SystemInit
                0x00000000080045f4       0x1c lib_build/system_XMC4500.o
                0x00000000080045f4                SystemInit
 .text          0x0000000008004610        0x0 lib_build/syscalls.o
 .text._sbrk    0x0000000008004610       0x44 lib_build/syscalls.o
                0x0000000008004610                _sbrk
 .text._init    0x0000000008004654        0x2 lib_build/syscalls.o
                0x0000000008004654                _init
 .text          0x0000000008004656        0x0 /usr/bin/../lib/gcc/arm-none-eabi/7.3.1/../../../../arm-none-eabi/lib/thumb/v7e-m/libg.a(lib_a-calloc.o)
 *fill*         0x0000000008004656        0x2 
 .text.calloc   0x0000000008004658       0x10 /usr/bin/../lib/gcc/arm-none-eabi/7.3.1/../../../../arm-none-eabi/lib/thumb/v7e-m/libg.a(lib_a-calloc.o)
                0x0000000008004658                calloc
 .text          0x0000000008004668        0x0 /usr/bin/../lib/gcc/arm-none-eabi/7.3.1/../../../../arm-none-eabi/lib/thumb/v7e-m/libg.a(lib_a-callocr.o)
 .text._calloc_r
                0x0000000008004668       0x68 /usr/bin/../lib/gcc/arm-none-eabi/7.3.1/../../../../arm-none-eabi/lib/thumb/v7e-m/libg.a(lib_a-callocr.o)
                0x0000000008004668                _calloc_r
 .text          0x00000000080046d0        0x0 /usr/bin/../lib/gcc/arm-none-eabi/7.3.1/../../../../arm-none-eabi/lib/thumb/v7e-m/libg.a(lib_a-errno.o)
 .text.__errno  0x00000000080046d0        0xc /usr/bin/../lib/gcc/arm-none-eabi/7.3.1/../../../../arm-none-eabi/lib/thumb/v7e-m/libg.a(lib_a-errno.o)
                0x00000000080046d0                __errno
 .text          0x00000000080046dc        0x0 /usr/bin/../lib/gcc/arm-none-eabi/7.3.1/../../../../arm-none-eabi/lib/thumb/v7e-m/libg.a(lib_a-impure.o)
 .text          0x00000000080046dc        0x0 /usr/bin/../lib/gcc/arm-none-eabi/7.3.1/../../../../arm-none-eabi/lib/thumb/v7e-m/libg.a(lib_a-init.o)
 .text.__libc_init_array
                0x00000000080046dc       0x48 /usr/bin/../lib/gcc/arm-none-eabi/7.3.1/../../../../arm-none-eabi/lib/thumb/v7e-m/libg.a(lib_a-init.o)
                0x00000000080046dc                __libc_init_array
 .text          0x0000000008004724        0x0 /usr/bin/../lib/gcc/arm-none-eabi/7.3.1/../../../../arm-none-eabi/lib/thumb/v7e-m/libg.a(lib_a-malloc.o)
 .text.malloc   0x0000000008004724       0x10 /usr/bin/../lib/gcc/arm-none-eabi/7.3.1/../../../../arm-none-eabi/lib/thumb/v7e-m/libg.a(lib_a-malloc.o)
                0x0000000008004724                malloc
 .text.free     0x0000000008004734       0x10 /usr/bin/../lib/gcc/arm-none-eabi/7.3.1/../../../../arm-none-eabi/lib/thumb/v7e-m/libg.a(lib_a-malloc.o)
                0x0000000008004734                free
 .text          0x0000000008004744        0x0 /usr/bin/../lib/gcc/arm-none-eabi/7.3.1/../../../../arm-none-eabi/lib/thumb/v7e-m/libg.a(lib_a-mallocr.o)
 .text._malloc_r
                0x0000000008004744      0x548 /usr/bin/../lib/gcc/arm-none-eabi/7.3.1/../../../../arm-none-eabi/lib/thumb/v7e-m/libg.a(lib_a-mallocr.o)
                0x0000000008004744                _malloc_r
 .text          0x0000000008004c8c      0x134 /usr/bin/../lib/gcc/arm-none-eabi/7.3.1/../../../../arm-none-eabi/lib/thumb/v7e-m/libg.a(lib_a-memcpy.o)
                0x0000000008004c8c                memcpy
 .text          0x0000000008004dc0        0x0 /usr/bin/../lib/gcc/arm-none-eabi/7.3.1/../../../../arm-none-eabi/lib/thumb/v7e-m/libg.a(lib_a-memset.o)
 .text.memset   0x0000000008004dc0       0x94 /usr/bin/../lib/gcc/arm-none-eabi/7.3.1/../../../../arm-none-eabi/lib/thumb/v7e-m/libg.a(lib_a-memset.o)
                0x0000000008004dc0                memset
 .text          0x0000000008004e54        0x0 /usr/bin/../lib/gcc/arm-none-eabi/7.3.1/../../../../arm-none-eabi/lib/thumb/v7e-m/libg.a(lib_a-mlock.o)
 .text.__malloc_lock
                0x0000000008004e54        0xc /usr/bin/../lib/gcc/arm-none-eabi/7.3.1/../../../../arm-none-eabi/lib/thumb/v7e-m/libg.a(lib_a-mlock.o)
                0x0000000008004e54                __malloc_lock
 .text.__malloc_unlock
                0x0000000008004e60        0xc /usr/bin/../lib/gcc/arm-none-eabi/7.3.1/../../../../arm-none-eabi/lib/thumb/v7e-m/libg.a(lib_a-mlock.o)
                0x0000000008004e60                __malloc_unlock
 .text          0x0000000008004e6c        0x0 /usr/bin/../lib/gcc/arm-none-eabi/7.3.1/../../../../arm-none-eabi/lib/thumb/v7e-m/libg.a(lib_a-rand.o)
 .text.srand    0x0000000008004e6c       0x10 /usr/bin/../lib/gcc/arm-none-eabi/7.3.1/../../../../arm-none-eabi/lib/thumb/v7e-m/libg.a(lib_a-rand.o)
                0x0000000008004e6c                srand
 .text.rand     0x0000000008004e7c       0x3c /usr/bin/../lib/gcc/arm-none-eabi/7.3.1/../../../../arm-none-eabi/lib/thumb/v7e-m/libg.a(lib_a-rand.o)
                0x0000000008004e7c                rand
 .text          0x0000000008004eb8        0x0 /usr/bin/../lib/gcc/arm-none-eabi/7.3.1/../../../../arm-none-eabi/lib/thumb/v7e-m/libg.a(lib_a-sbrkr.o)
 .text._sbrk_r  0x0000000008004eb8       0x24 /usr/bin/../lib/gcc/arm-none-eabi/7.3.1/../../../../arm-none-eabi/lib/thumb/v7e-m/libg.a(lib_a-sbrkr.o)
                0x0000000008004eb8                _sbrk_r
 *fill*         0x0000000008004edc       0x24 
 .text          0x0000000008004f00       0xdc /usr/bin/../lib/gcc/arm-none-eabi/7.3.1/../../../../arm-none-eabi/lib/thumb/v7e-m/libg.a(lib_a-strlen.o)
                0x0000000008004f00                strlen
 .text          0x0000000008004fdc        0x0 /usr/bin/../lib/gcc/arm-none-eabi/7.3.1/../../../../arm-none-eabi/lib/thumb/v7e-m/libg.a(lib_a-freer.o)
 .text._malloc_trim_r
                0x0000000008004fdc       0xa0 /usr/bin/../lib/gcc/arm-none-eabi/7.3.1/../../../../arm-none-eabi/lib/thumb/v7e-m/libg.a(lib_a-freer.o)
                0x0000000008004fdc                _malloc_trim_r
 .text._free_r  0x000000000800507c      0x1e8 /usr/bin/../lib/gcc/arm-none-eabi/7.3.1/../../../../arm-none-eabi/lib/thumb/v7e-m/libg.a(lib_a-freer.o)
                0x000000000800507c                _free_r
 .text          0x0000000008005264        0x0 /usr/bin/../lib/gcc/arm-none-eabi/7.3.1/../../../../arm-none-eabi/lib/thumb/v7e-m/libg.a(lib_a-lock.o)
 .text.__retarget_lock_init
                0x0000000008005264        0x4 /usr/bin/../lib/gcc/arm-none-eabi/7.3.1/../../../../arm-none-eabi/lib/thumb/v7e-m/libg.a(lib_a-lock.o)
                0x0000000008005264                __retarget_lock_init
 .text.__retarget_lock_init_recursive
                0x0000000008005268        0x4 /usr/bin/../lib/gcc/arm-none-eabi/7.3.1/../../../../arm-none-eabi/lib/thumb/v7e-m/libg.a(lib_a-lock.o)
                0x0000000008005268                __retarget_lock_init_recursive
 .text.__retarget_lock_close
                0x000000000800526c        0x4 /usr/bin/../lib/gcc/arm-none-eabi/7.3.1/../../../../arm-none-eabi/lib/thumb/v7e-m/libg.a(lib_a-lock.o)
                0x000000000800526c                __retarget_lock_close
 .text.__retarget_lock_close_recursive
                0x0000000008005270        0x4 /usr/bin/../lib/gcc/arm-none-eabi/7.3.1/../../../../arm-none-eabi/lib/thumb/v7e-m/libg.a(lib_a-lock.o)
                0x0000000008005270                __retarget_lock_close_recursive
 .text.__retarget_lock_acquire
                0x0000000008005274        0x4 /usr/bin/../lib/gcc/arm-none-eabi/7.3.1/../../../../arm-none-eabi/lib/thumb/v7e-m/libg.a(lib_a-lock.o)
                0x0000000008005274                __retarget_lock_acquire
 .text.__retarget_lock_acquire_recursive
                0x0000000008005278        0x4 /usr/bin/../lib/gcc/arm-none-eabi/7.3.1/../../../../arm-none-eabi/lib/thumb/v7e-m/libg.a(lib_a-lock.o)
                0x0000000008005278                __retarget_lock_acquire_recursive
 .text.__retarget_lock_try_acquire
                0x000000000800527c        0x4 /usr/bin/../lib/gcc/arm-none-eabi/7.3.1/../../../../arm-none-eabi/lib/thumb/v7e-m/libg.a(lib_a-lock.o)
                0x000000000800527c                __retarget_lock_try_acquire
 .text.__retarget_lock_try_acquire_recursive
                0x0000000008005280        0x4 /usr/bin/../lib/gcc/arm-none-eabi/7.3.1/../../../../arm-none-eabi/lib/thumb/v7e-m/libg.a(lib_a-lock.o)
                0x0000000008005280                __retarget_lock_try_acquire_recursive
 .text.__retarget_lock_release
                0x0000000008005284        0x4 /usr/bin/../lib/gcc/arm-none-eabi/7.3.1/../../../../arm-none-eabi/lib/thumb/v7e-m/libg.a(lib_a-lock.o)
                0x0000000008005284                __retarget_lock_release
 .text.__retarget_lock_release_recursive
                0x0000000008005288        0x4 /usr/bin/../lib/gcc/arm-none-eabi/7.3.1/../../../../arm-none-eabi/lib/thumb/v7e-m/libg.a(lib_a-lock.o)
                0x0000000008005288                __retarget_lock_release_recursive
 .text          0x000000000800528c        0x0 /usr/bin/../lib/gcc/arm-none-eabi/7.3.1/../../../../arm-none-eabi/lib/thumb/v7e-m/libg.a(lib_a-reent.o)
 .text.cleanup_glue
                0x000000000800528c       0x28 /usr/bin/../lib/gcc/arm-none-eabi/7.3.1/../../../../arm-none-eabi/lib/thumb/v7e-m/libg.a(lib_a-reent.o)
                0x000000000800528c                cleanup_glue
 .text._reclaim_reent
                0x00000000080052b4       0x88 /usr/bin/../lib/gcc/arm-none-eabi/7.3.1/../../../../arm-none-eabi/lib/thumb/v7e-m/libg.a(lib_a-reent.o)
                0x00000000080052b4                _reclaim_reent
 *(.init)
 *(.fini)
 *crtbegin.o(.ctors)
 *crtbegin?.o(.ctors)
 *(EXCLUDE_FILE(*crtend.o *crtend?.o) .ctors)
 *(SORT_BY_NAME(.ctors.*))
 *(.ctors)
 *crtbegin.o(.dtors)
 *crtbegin?.o(.dtors)
 *(EXCLUDE_FILE(*crtend.o *crtend?.o) .dtors)
 *(SORT_BY_NAME(.dtors.*))
 *(.dtors)
 *(.rodata .rodata.*)
 .rodata        0x000000000800533c        0x8 build/main.o
 .rodata        0x0000000008005344        0xc build/clockSetup.o
 .rodata        0x0000000008005350       0xda build/Descriptors.o
                0x0000000008005350                DeviceDescriptor
                0x0000000008005364                ConfigurationDescriptor
                0x00000000080053a4                LanguageString
                0x00000000080053ac                ProductString
                0x00000000080053d0                ManufacturerString
 *fill*         0x000000000800542a        0x2 
 .rodata        0x000000000800542c      0x140 build/base64url.o
 .rodata        0x000000000800556c        0x4 build/stack_protector.o
                0x000000000800556c                __stack_chk_guard
 .rodata        0x0000000008005570        0xc build/blink.o
 .rodata        0x000000000800557c       0x40 lib_build/xmc_usbd.o
                0x000000000800557c                Driver_USBD0
 .rodata        0x00000000080055bc        0x8 lib_build/CDCClassDevice.o
 .rodata._global_impure_ptr
                0x00000000080055c4        0x4 /usr/bin/../lib/gcc/arm-none-eabi/7.3.1/../../../../arm-none-eabi/lib/thumb/v7e-m/libg.a(lib_a-impure.o)
                0x00000000080055c4                _global_impure_ptr
 *(.gnu.linkonce.r*)
 *(vtable)
                0x00000000080055c8                . = ALIGN (0x4)

.glue_7         0x00000000080055c8        0x0 load address 0x000000000c0055c8
 .glue_7        0x00000000080055c8        0x0 linker stubs

.glue_7t        0x00000000080055c8        0x0 load address 0x000000000c0055c8
 .glue_7t       0x00000000080055c8        0x0 linker stubs

.vfp11_veneer   0x00000000080055c8        0x0 load address 0x000000000c0055c8
 .vfp11_veneer  0x00000000080055c8        0x0 linker stubs

.v4_bx          0x00000000080055c8        0x0 load address 0x000000000c0055c8
 .v4_bx         0x00000000080055c8        0x0 linker stubs

.iplt           0x00000000080055c8        0x0 load address 0x000000000c0055c8
 .iplt          0x00000000080055c8        0x0 build/main.o

.eh_frame_hdr
 *(.eh_frame_hdr)

.eh_frame
 *(.eh_frame)

.ARM.extab      0x00000000080055c8        0x0 load address 0x000000000c0055c8
 *(.ARM.extab* .gnu.linkonce.armextab.*)
 .ARM.extab     0x00000000080055c8        0x0 /tmp/ccQgicpH.o
                0x00000000080055c8                . = ALIGN (0x4)
                0x00000000080055c8                __exidx_start = .

.ARM.exidx      0x00000000080055c8        0x8 load address 0x000000000c0055c8
 *(.ARM.exidx* .gnu.linkonce.armexidx.*)
 .ARM.exidx     0x00000000080055c8        0x8 /tmp/ccQgicpH.o
                                         0x10 (size before relaxing)
                0x00000000080055d0                __exidx_end = .

.rel.dyn        0x00000000080055d0        0x0 load address 0x000000000c0055d0
 .rel.iplt      0x00000000080055d0        0x0 build/main.o
                0x00000000080055d0                . = ALIGN (0x4)

Stack           0x0000000010000000      0x800
                0x0000000010000000                __stack_start = .
                0x0000000010000800                . = (. + stack_size)
 *fill*         0x0000000010000000      0x800 
                0x0000000010000800                __stack_end = .
                0x0000000010000800                __initial_sp = .

.ram_code       0x0000000010000800        0x0 load address 0x000000000c0055d0
                0x0000000010000800                . = ALIGN (0x4)
                0x0000000010000800                __ram_code_start = .
 *(.ram_code)
                0x0000000010000800                . = ALIGN (0x4)
                0x0000000010000800                __ram_code_end = .
                0x000000000c0055d0                __ram_code_load = LOADADDR (.ram_code)
                0x0000000000000000                __ram_code_size = (__ram_code_end - __ram_code_start)

PSRAM_DATA      0x0000000010000800        0x0 load address 0x000000000c0055d0
                0x0000000010000800                . = ALIGN (0x4)
                0x0000000010000800                __data3_start = .
 *(PSRAM_DATA)
                0x0000000010000800                . = ALIGN (0x4)
                0x0000000010000800                __data3_end = .
                0x000000000c0055d0                __data3_load = LOADADDR (PSRAM_DATA)
                0x0000000000000000                __data3_size = (__data3_end - __data3_start)

PSRAM_BSS       0x0000000010000800        0x0 load address 0x000000000c0055d0
                0x0000000010000800                . = ALIGN (0x4)
                0x0000000010000800                __bss3_start = .
 *(PSRAM_BSS)
                0x0000000010000800                . = ALIGN (0x4)
                0x0000000010000800                __bss3_end = .
                0x0000000010000800                . = ALIGN (0x8)
                0x0000000010000800                Heap_Bank3_Start = .
                0x0000000000000000                __bss3_size = (__bss3_end - __bss3_start)

.data           0x0000000020000000      0x878 load address 0x000000000c0055d0
                0x0000000020000000                . = ALIGN (0x4)
                0x0000000020000000                __data_start = .
 *(.data)
 .data          0x0000000020000000        0x0 build/main.o
 .data          0x0000000020000000        0x0 build/clockSetup.o
 .data          0x0000000020000000       0x30 build/VirtualSerial.o
                0x0000000020000000                USB_runtime
                0x0000000020000010                VirtualSerial_CDC_Interface
 .data          0x0000000020000030        0x0 build/Descriptors.o
 .data          0x0000000020000030        0x0 build/packetizer.o
 .data          0x0000000020000030        0x0 build/crypto.o
 .data          0x0000000020000030        0x0 build/base64url.o
 .data          0x0000000020000030        0x0 build/MPUeasy.o
 .data          0x0000000020000030        0x0 /tmp/ccQgicpH.o
 .data          0x0000000020000030        0x0 build/stack_protector.o
 .data          0x0000000020000030        0x8 build/blink.o
 .data          0x0000000020000038        0x0 lib_build/USBController_XMC4000.o
 .data          0x0000000020000038        0x0 lib_build/xmc_usbd.o
 .data          0x0000000020000038        0x0 lib_build/CDCClassDevice.o
 .data          0x0000000020000038        0x0 lib_build/USBTask.o
 .data          0x0000000020000038        0x0 lib_build/Endpoint_XMC4000.o
 .data          0x0000000020000038        0x0 lib_build/xmc4_scu.o
 .data          0x0000000020000038        0x0 lib_build/EndpointStream_XMC4000.o
 .data          0x0000000020000038        0x0 lib_build/memcpy.o
 .data          0x0000000020000038        0x0 lib_build/xmc_gpio.o
 .data          0x0000000020000038        0x0 lib_build/xmc4_gpio.o
 .data          0x0000000020000038        0x0 lib_build/xmc_ccu4.o
 .data          0x0000000020000038        0x0 lib_build/startup_XMC4500.o
 .data          0x0000000020000038        0x0 lib_build/system_XMC4500.o
 .data          0x0000000020000038        0x0 lib_build/syscalls.o
 .data          0x0000000020000038        0x0 /usr/bin/../lib/gcc/arm-none-eabi/7.3.1/../../../../arm-none-eabi/lib/thumb/v7e-m/libg.a(lib_a-calloc.o)
 .data          0x0000000020000038        0x0 /usr/bin/../lib/gcc/arm-none-eabi/7.3.1/../../../../arm-none-eabi/lib/thumb/v7e-m/libg.a(lib_a-callocr.o)
 .data          0x0000000020000038        0x0 /usr/bin/../lib/gcc/arm-none-eabi/7.3.1/../../../../arm-none-eabi/lib/thumb/v7e-m/libg.a(lib_a-errno.o)
 .data          0x0000000020000038        0x0 /usr/bin/../lib/gcc/arm-none-eabi/7.3.1/../../../../arm-none-eabi/lib/thumb/v7e-m/libg.a(lib_a-impure.o)
 .data          0x0000000020000038        0x0 /usr/bin/../lib/gcc/arm-none-eabi/7.3.1/../../../../arm-none-eabi/lib/thumb/v7e-m/libg.a(lib_a-init.o)
 .data          0x0000000020000038        0x0 /usr/bin/../lib/gcc/arm-none-eabi/7.3.1/../../../../arm-none-eabi/lib/thumb/v7e-m/libg.a(lib_a-malloc.o)
 .data          0x0000000020000038        0x0 /usr/bin/../lib/gcc/arm-none-eabi/7.3.1/../../../../arm-none-eabi/lib/thumb/v7e-m/libg.a(lib_a-mallocr.o)
 .data          0x0000000020000038        0x0 /usr/bin/../lib/gcc/arm-none-eabi/7.3.1/../../../../arm-none-eabi/lib/thumb/v7e-m/libg.a(lib_a-memcpy.o)
 .data          0x0000000020000038        0x0 /usr/bin/../lib/gcc/arm-none-eabi/7.3.1/../../../../arm-none-eabi/lib/thumb/v7e-m/libg.a(lib_a-memset.o)
 .data          0x0000000020000038        0x0 /usr/bin/../lib/gcc/arm-none-eabi/7.3.1/../../../../arm-none-eabi/lib/thumb/v7e-m/libg.a(lib_a-mlock.o)
 .data          0x0000000020000038        0x0 /usr/bin/../lib/gcc/arm-none-eabi/7.3.1/../../../../arm-none-eabi/lib/thumb/v7e-m/libg.a(lib_a-rand.o)
 .data          0x0000000020000038        0x0 /usr/bin/../lib/gcc/arm-none-eabi/7.3.1/../../../../arm-none-eabi/lib/thumb/v7e-m/libg.a(lib_a-sbrkr.o)
 .data          0x0000000020000038        0x0 /usr/bin/../lib/gcc/arm-none-eabi/7.3.1/../../../../arm-none-eabi/lib/thumb/v7e-m/libg.a(lib_a-strlen.o)
 .data          0x0000000020000038        0x0 /usr/bin/../lib/gcc/arm-none-eabi/7.3.1/../../../../arm-none-eabi/lib/thumb/v7e-m/libg.a(lib_a-freer.o)
 .data          0x0000000020000038        0x0 /usr/bin/../lib/gcc/arm-none-eabi/7.3.1/../../../../arm-none-eabi/lib/thumb/v7e-m/libg.a(lib_a-lock.o)
 .data          0x0000000020000038        0x0 /usr/bin/../lib/gcc/arm-none-eabi/7.3.1/../../../../arm-none-eabi/lib/thumb/v7e-m/libg.a(lib_a-reent.o)
 *(.data*)
 .data._impure_ptr
                0x0000000020000038        0x4 /usr/bin/../lib/gcc/arm-none-eabi/7.3.1/../../../../arm-none-eabi/lib/thumb/v7e-m/libg.a(lib_a-impure.o)
                0x0000000020000038                _impure_ptr
 *fill*         0x000000002000003c        0x4 
 .data.impure_data
                0x0000000020000040      0x428 /usr/bin/../lib/gcc/arm-none-eabi/7.3.1/../../../../arm-none-eabi/lib/thumb/v7e-m/libg.a(lib_a-impure.o)
 .data.__malloc_av_
                0x0000000020000468      0x408 /usr/bin/../lib/gcc/arm-none-eabi/7.3.1/../../../../arm-none-eabi/lib/thumb/v7e-m/libg.a(lib_a-mallocr.o)
                0x0000000020000468                __malloc_av_
 .data.__malloc_sbrk_base
                0x0000000020000870        0x4 /usr/bin/../lib/gcc/arm-none-eabi/7.3.1/../../../../arm-none-eabi/lib/thumb/v7e-m/libg.a(lib_a-mallocr.o)
                0x0000000020000870                __malloc_sbrk_base
 .data.__malloc_trim_threshold
                0x0000000020000874        0x4 /usr/bin/../lib/gcc/arm-none-eabi/7.3.1/../../../../arm-none-eabi/lib/thumb/v7e-m/libg.a(lib_a-mallocr.o)
                0x0000000020000874                __malloc_trim_threshold
 *(*.data)
 *(.gnu.linkonce.d*)
                0x0000000020000878                . = ALIGN (0x4)
                0x0000000020000878                PROVIDE (__preinit_array_start = .)
 *(.preinit_array)
                0x0000000020000878                PROVIDE (__preinit_array_end = .)
                0x0000000020000878                . = ALIGN (0x4)
                0x0000000020000878                PROVIDE (__init_array_start = .)
 *(SORT_BY_NAME(.init_array.*))
 *(.init_array)
                0x0000000020000878                PROVIDE (__init_array_end = .)
                0x0000000020000878                . = ALIGN (0x4)
                [!provide]                        PROVIDE (__fini_array_start = .)
 *(SORT_BY_NAME(.fini_array.*))
 *(.fini_array)
                [!provide]                        PROVIDE (__fini_array_end = .)
                0x0000000020000878                . = ALIGN (0x4)
                0x0000000020000878                __data_end = .
                0x000000000c0055d0                __data_load = LOADADDR (.data)
                0x0000000000000878                __data_size = (__data_end - __data_start)

.igot.plt       0x0000000020000878        0x0 load address 0x000000000c005e48
 .igot.plt      0x0000000020000878        0x0 build/main.o

.bss            0x0000000020000878      0x740 load address 0x000000000c005e48
                0x0000000020000878                . = ALIGN (0x4)
                0x0000000020000878                __bss_start = .
 *(.bss)
 .bss           0x0000000020000878        0x0 build/main.o
 .bss           0x0000000020000878        0x0 build/clockSetup.o
 .bss           0x0000000020000878        0x0 build/VirtualSerial.o
 .bss           0x0000000020000878        0x0 build/Descriptors.o
 .bss           0x0000000020000878        0x0 build/packetizer.o
 .bss           0x0000000020000878        0x0 build/crypto.o
 .bss           0x0000000020000878        0x0 build/base64url.o
 .bss           0x0000000020000878        0x0 build/MPUeasy.o
 .bss           0x0000000020000878        0x0 /tmp/ccQgicpH.o
 .bss           0x0000000020000878        0x0 build/stack_protector.o
 .bss           0x0000000020000878        0x1 build/blink.o
 .bss           0x0000000020000879        0x0 lib_build/USBController_XMC4000.o
 *fill*         0x0000000020000879        0x3 
 .bss           0x000000002000087c       0x38 lib_build/xmc_usbd.o
                0x000000002000087c                XMC_USBD_EP_IN_BUFFERSIZE
                0x0000000020000898                XMC_USBD_EP_OUT_BUFFERSIZE
 .bss           0x00000000200008b4        0x0 lib_build/CDCClassDevice.o
 .bss           0x00000000200008b4        0x0 lib_build/USBTask.o
 .bss           0x00000000200008b4        0x0 lib_build/Endpoint_XMC4000.o
 .bss           0x00000000200008b4        0x0 lib_build/xmc4_scu.o
 .bss           0x00000000200008b4        0x1 lib_build/EndpointStream_XMC4000.o
                0x00000000200008b4                zlp_flag
 .bss           0x00000000200008b5        0x0 lib_build/memcpy.o
 .bss           0x00000000200008b5        0x0 lib_build/xmc_gpio.o
 .bss           0x00000000200008b5        0x0 lib_build/xmc4_gpio.o
 .bss           0x00000000200008b5        0x0 lib_build/xmc_ccu4.o
 .bss           0x00000000200008b5        0x0 lib_build/startup_XMC4500.o
 .bss           0x00000000200008b5        0x0 lib_build/system_XMC4500.o
 *fill*         0x00000000200008b5        0x3 
 .bss           0x00000000200008b8        0x8 lib_build/syscalls.o
                0x00000000200008bc                __dso_handle
 .bss           0x00000000200008c0        0x0 /usr/bin/../lib/gcc/arm-none-eabi/7.3.1/../../../../arm-none-eabi/lib/thumb/v7e-m/libg.a(lib_a-calloc.o)
 .bss           0x00000000200008c0        0x0 /usr/bin/../lib/gcc/arm-none-eabi/7.3.1/../../../../arm-none-eabi/lib/thumb/v7e-m/libg.a(lib_a-callocr.o)
 .bss           0x00000000200008c0        0x0 /usr/bin/../lib/gcc/arm-none-eabi/7.3.1/../../../../arm-none-eabi/lib/thumb/v7e-m/libg.a(lib_a-errno.o)
 .bss           0x00000000200008c0        0x0 /usr/bin/../lib/gcc/arm-none-eabi/7.3.1/../../../../arm-none-eabi/lib/thumb/v7e-m/libg.a(lib_a-impure.o)
 .bss           0x00000000200008c0        0x0 /usr/bin/../lib/gcc/arm-none-eabi/7.3.1/../../../../arm-none-eabi/lib/thumb/v7e-m/libg.a(lib_a-init.o)
 .bss           0x00000000200008c0        0x0 /usr/bin/../lib/gcc/arm-none-eabi/7.3.1/../../../../arm-none-eabi/lib/thumb/v7e-m/libg.a(lib_a-malloc.o)
 .bss           0x00000000200008c0        0x0 /usr/bin/../lib/gcc/arm-none-eabi/7.3.1/../../../../arm-none-eabi/lib/thumb/v7e-m/libg.a(lib_a-mallocr.o)
 .bss           0x00000000200008c0        0x0 /usr/bin/../lib/gcc/arm-none-eabi/7.3.1/../../../../arm-none-eabi/lib/thumb/v7e-m/libg.a(lib_a-memcpy.o)
 .bss           0x00000000200008c0        0x0 /usr/bin/../lib/gcc/arm-none-eabi/7.3.1/../../../../arm-none-eabi/lib/thumb/v7e-m/libg.a(lib_a-memset.o)
 .bss           0x00000000200008c0        0x0 /usr/bin/../lib/gcc/arm-none-eabi/7.3.1/../../../../arm-none-eabi/lib/thumb/v7e-m/libg.a(lib_a-mlock.o)
 .bss           0x00000000200008c0        0x0 /usr/bin/../lib/gcc/arm-none-eabi/7.3.1/../../../../arm-none-eabi/lib/thumb/v7e-m/libg.a(lib_a-rand.o)
 .bss           0x00000000200008c0        0x0 /usr/bin/../lib/gcc/arm-none-eabi/7.3.1/../../../../arm-none-eabi/lib/thumb/v7e-m/libg.a(lib_a-sbrkr.o)
 .bss           0x00000000200008c0        0x0 /usr/bin/../lib/gcc/arm-none-eabi/7.3.1/../../../../arm-none-eabi/lib/thumb/v7e-m/libg.a(lib_a-strlen.o)
 .bss           0x00000000200008c0        0x0 /usr/bin/../lib/gcc/arm-none-eabi/7.3.1/../../../../arm-none-eabi/lib/thumb/v7e-m/libg.a(lib_a-freer.o)
 .bss           0x00000000200008c0        0x0 /usr/bin/../lib/gcc/arm-none-eabi/7.3.1/../../../../arm-none-eabi/lib/thumb/v7e-m/libg.a(lib_a-lock.o)
 .bss           0x00000000200008c0        0x0 /usr/bin/../lib/gcc/arm-none-eabi/7.3.1/../../../../arm-none-eabi/lib/thumb/v7e-m/libg.a(lib_a-reent.o)
 *(.bss*)
 .bss.__malloc_current_mallinfo
                0x00000000200008c0       0x28 /usr/bin/../lib/gcc/arm-none-eabi/7.3.1/../../../../arm-none-eabi/lib/thumb/v7e-m/libg.a(lib_a-mallocr.o)
                0x00000000200008c0                __malloc_current_mallinfo
 .bss.__malloc_max_sbrked_mem
                0x00000000200008e8        0x4 /usr/bin/../lib/gcc/arm-none-eabi/7.3.1/../../../../arm-none-eabi/lib/thumb/v7e-m/libg.a(lib_a-mallocr.o)
                0x00000000200008e8                __malloc_max_sbrked_mem
 .bss.__malloc_max_total_mem
                0x00000000200008ec        0x4 /usr/bin/../lib/gcc/arm-none-eabi/7.3.1/../../../../arm-none-eabi/lib/thumb/v7e-m/libg.a(lib_a-mallocr.o)
                0x00000000200008ec                __malloc_max_total_mem
 .bss.__malloc_top_pad
                0x00000000200008f0        0x4 /usr/bin/../lib/gcc/arm-none-eabi/7.3.1/../../../../arm-none-eabi/lib/thumb/v7e-m/libg.a(lib_a-mallocr.o)
                0x00000000200008f0                __malloc_top_pad
 *(COMMON)
 COMMON         0x00000000200008f4       0xc0 build/VirtualSerial.o
                0x00000000200008f4                ep4_buf
                0x0000000020000934                ep2_buf
                0x0000000020000974                ep3_buf
 COMMON         0x00000000200009b4      0x340 lib_build/USBController_XMC4000.o
                0x00000000200009b4                endpoint0_in_buffer
                0x0000000020000ab4                endpoint0_out_buffer
                0x0000000020000bb4                device
 COMMON         0x0000000020000cf4      0x20c lib_build/xmc_usbd.o
                0x0000000020000cf4                usbd_init
                0x0000000020000cf8                xmc_device
 COMMON         0x0000000020000f00        0xc lib_build/USBTask.o
                0x0000000020000f00                USB_IsInitialized
                0x0000000020000f01                USB_DeviceState
                0x0000000020000f04                USB_ControlRequest
 COMMON         0x0000000020000f0c       0x80 lib_build/xmc4_scu.o
                0x0000000020000f0c                event_handler_list
 COMMON         0x0000000020000f8c       0x21 /usr/bin/../lib/gcc/arm-none-eabi/7.3.1/../../../../arm-none-eabi/lib/thumb/v7e-m/libg.a(lib_a-lock.o)
                0x0000000020000f8c                __lock___atexit_recursive_mutex
                0x0000000020000f90                __lock___arc4random_mutex
                0x0000000020000f94                __lock___env_recursive_mutex
                0x0000000020000f98                __lock___sinit_recursive_mutex
                0x0000000020000f9c                __lock___malloc_recursive_mutex
                0x0000000020000fa0                __lock___at_quick_exit_mutex
                0x0000000020000fa4                __lock___dd_hash_mutex
                0x0000000020000fa8                __lock___tz_mutex
                0x0000000020000fac                __lock___sfp_recursive_mutex
 *fill*         0x0000000020000fad        0x3 
 COMMON         0x0000000020000fb0        0x4 /usr/bin/../lib/gcc/arm-none-eabi/7.3.1/../../../../arm-none-eabi/lib/thumb/v7e-m/libg.a(lib_a-reent.o)
                0x0000000020000fb0                errno
 *(.gnu.linkonce.b*)
                0x0000000020000fb4                . = ALIGN (0x4)
                0x0000000020000fb4                __bss_end = .
                0x0000000020000fb8                . = ALIGN (0x8)
 *fill*         0x0000000020000fb4        0x4 
                0x0000000020000fb8                Heap_Bank1_Start = .
                0x000000000000073c                __bss_size = (__bss_end - __bss_start)

.no_init        0x000000002000ffc0       0x14
                0x000000002000ffc0                Heap_Bank1_End = .
 *(.no_init)
 .no_init       0x000000002000ffc0       0x14 lib_build/system_XMC4500.o
                0x000000002000ffc0                SystemCoreClock
                0x000000002000ffc4                g_chipid

DSRAM2_DATA     0x0000000030000000        0x0 load address 0x000000000c005e48
                0x0000000030000000                . = ALIGN (0x4)
                0x0000000030000000                __data2_start = .
 *(DSRAM2_DATA)
                0x0000000030000000                . = ALIGN (0x4)
                0x0000000030000000                __data2_end = .
                0x000000000c005e48                __data2_load = LOADADDR (DSRAM2_DATA)
                0x0000000000000000                __data2_size = (__data2_end - __data2_start)
                0x0000000000005e48                __text_size = (((((__exidx_end - sText) + __data_size) + __ram_code_size) + __data2_size) + __data3_size)
                0x0000000008005e48                eText = (sText + __text_size)

DSRAM2_BSS      0x0000000030000000      0xe00 load address 0x000000000c005e48
                0x0000000030000000                . = ALIGN (0x4)
                0x0000000030000000                __bss2_start = .
 *(ETH_RAM)
 *(USB_RAM)
 USB_RAM        0x0000000030000000      0xe00 lib_build/xmc_usbd.o
 *(DSRAM2_BSS)
                0x0000000030000e00                . = ALIGN (0x4)
                0x0000000030000e00                __bss2_end = .
                0x0000000030000e00                . = ALIGN (0x8)
                0x0000000030000e00                Heap_Bank2_Start = .
                0x0000000000000e00                __bss2_size = (__bss2_end - __bss2_start)
                0x000000000000f008                Heap_Bank1_Size = (Heap_Bank1_End - Heap_Bank1_Start)
                0x0000000000007200                Heap_Bank2_Size = (LENGTH (DSRAM_2_comm) - (Heap_Bank2_Start - ORIGIN (DSRAM_2_comm)))
                0x000000000000f800                Heap_Bank3_Size = (LENGTH (PSRAM_1) - (Heap_Bank3_Start - ORIGIN (PSRAM_1)))
                0x0000000000000001                ASSERT ((Heap_Bank1_Start <= Heap_Bank1_End), region SRAM_combined overflowed no_init section)

/DISCARD/
 *(.comment)

.stab
 *(.stab)

.stabstr
 *(.stabstr)

.debug
 *(.debug)

.line
 *(.line)

.debug_srcinfo
 *(.debug_srcinfo)

.debug_sfnames
 *(.debug_sfnames)

.debug_aranges  0x0000000000000000      0xaa0
 *(.debug_aranges)
 .debug_aranges
                0x0000000000000000       0x20 build/main.o
 .debug_aranges
                0x0000000000000020       0x38 build/clockSetup.o
 .debug_aranges
                0x0000000000000058       0x68 build/VirtualSerial.o
 .debug_aranges
                0x00000000000000c0       0x20 build/Descriptors.o
 .debug_aranges
                0x00000000000000e0       0x40 build/packetizer.o
 .debug_aranges
                0x0000000000000120       0x28 build/crypto.o
 .debug_aranges
                0x0000000000000148       0x40 build/base64url.o
 .debug_aranges
                0x0000000000000188       0x38 build/MPUeasy.o
 .debug_aranges
                0x00000000000001c0       0x20 /tmp/ccQgicpH.o
 .debug_aranges
                0x00000000000001e0       0x20 build/stack_protector.o
 .debug_aranges
                0x0000000000000200       0x28 build/blink.o
 .debug_aranges
                0x0000000000000228       0x68 lib_build/USBController_XMC4000.o
 .debug_aranges
                0x0000000000000290      0x108 lib_build/xmc_usbd.o
 .debug_aranges
                0x0000000000000398       0x80 lib_build/CDCClassDevice.o
 .debug_aranges
                0x0000000000000418       0x20 lib_build/USBTask.o
 .debug_aranges
                0x0000000000000438       0x60 lib_build/Endpoint_XMC4000.o
 .debug_aranges
                0x0000000000000498      0x398 lib_build/xmc4_scu.o
 .debug_aranges
                0x0000000000000830       0x68 lib_build/EndpointStream_XMC4000.o
 .debug_aranges
                0x0000000000000898       0x20 lib_build/memcpy.o
 .debug_aranges
                0x00000000000008b8       0x28 lib_build/xmc_gpio.o
 .debug_aranges
                0x00000000000008e0       0x28 lib_build/xmc4_gpio.o
 .debug_aranges
                0x0000000000000908      0x108 lib_build/xmc_ccu4.o
 .debug_aranges
                0x0000000000000a10       0x20 lib_build/startup_XMC4500.o
 .debug_aranges
                0x0000000000000a30       0x48 lib_build/system_XMC4500.o
 .debug_aranges
                0x0000000000000a78       0x28 lib_build/syscalls.o

.debug_pubnames
 *(.debug_pubnames)

.debug_pubtypes
 *(.debug_pubtypes)

.debug_info     0x0000000000000000    0x29e9a
 *(.debug_info .gnu.linkonce.wi.*)
 .debug_info    0x0000000000000000     0x22e9 build/main.o
 .debug_info    0x00000000000022e9     0x2501 build/clockSetup.o
 .debug_info    0x00000000000047ea     0x2a53 build/VirtualSerial.o
 .debug_info    0x000000000000723d     0x25c7 build/Descriptors.o
 .debug_info    0x0000000000009804     0x25f2 build/packetizer.o
 .debug_info    0x000000000000bdf6      0xb05 build/crypto.o
 .debug_info    0x000000000000c8fb      0xcdd build/base64url.o
 .debug_info    0x000000000000d5d8     0x1332 build/MPUeasy.o
 .debug_info    0x000000000000e90a       0x26 /tmp/ccQgicpH.o
 .debug_info    0x000000000000e930      0xc24 build/stack_protector.o
 .debug_info    0x000000000000f554     0x15fe build/blink.o
 .debug_info    0x0000000000010b52     0x2626 lib_build/USBController_XMC4000.o
 .debug_info    0x0000000000013178     0x46d9 lib_build/xmc_usbd.o
 .debug_info    0x0000000000017851     0x29f2 lib_build/CDCClassDevice.o
 .debug_info    0x000000000001a243     0x208c lib_build/USBTask.o
 .debug_info    0x000000000001c2cf     0x2814 lib_build/Endpoint_XMC4000.o
 .debug_info    0x000000000001eae3     0x2c4b lib_build/xmc4_scu.o
 .debug_info    0x000000000002172e     0x25b9 lib_build/EndpointStream_XMC4000.o
 .debug_info    0x0000000000023ce7      0x9c9 lib_build/memcpy.o
 .debug_info    0x00000000000246b0      0xcc8 lib_build/xmc_gpio.o
 .debug_info    0x0000000000025378      0xd59 lib_build/xmc4_gpio.o
 .debug_info    0x00000000000260d1     0x2041 lib_build/xmc_ccu4.o
 .debug_info    0x0000000000028112       0xc9 lib_build/startup_XMC4500.o
 .debug_info    0x00000000000281db     0x126a lib_build/system_XMC4500.o
 .debug_info    0x0000000000029445      0xa55 lib_build/syscalls.o

.debug_abbrev   0x0000000000000000     0x4668
 *(.debug_abbrev)
 .debug_abbrev  0x0000000000000000      0x2de build/main.o
 .debug_abbrev  0x00000000000002de      0x2e0 build/clockSetup.o
 .debug_abbrev  0x00000000000005be      0x3b1 build/VirtualSerial.o
 .debug_abbrev  0x000000000000096f      0x2a0 build/Descriptors.o