   1              		.cpu cortex-m4
   2              		.arch armv7e-m
   3              		.fpu fpv4-sp-d16
   4              		.eabi_attribute 27, 1
   5              		.eabi_attribute 20, 1
   6              		.eabi_attribute 21, 1
   7              		.eabi_attribute 23, 3
   8              		.eabi_attribute 24, 1
   9              		.eabi_attribute 25, 1
  10              		.eabi_attribute 26, 1
  11              		.eabi_attribute 30, 6
  12              		.eabi_attribute 34, 1
  13              		.eabi_attribute 18, 4
  14              		.file	"syscalls.c"
  15              		.text
  16              	.Ltext0:
  17              		.cfi_sections	.debug_frame
  18              		.weak	__dso_handle
  19              		.bss
  20              		.align	2
  23              	__dso_handle:
  24 0000 00000000 		.space	4
  25              		.align	2
  26              	heap_ptr.0:
  27 0004 00000000 		.space	4
  29              		.section	.text._sbrk,"ax",%progbits
  30              		.align	1
  31              		.global	_sbrk
  32              		.syntax unified
  33              		.thumb
  34              		.thumb_func
  36              	_sbrk:
  37              	.LFB0:
  38              		.file 1 "/opt/XMClib/XMC_Peripheral_Library_v2.1.16/ThirdPartyLibraries/Newlib/syscalls.c"
   1:/opt/XMClib/XMC_Peripheral_Library_v2.1.16/ThirdPartyLibraries/Newlib/syscalls.c **** /**************************************************************************************************
   2:/opt/XMClib/XMC_Peripheral_Library_v2.1.16/ThirdPartyLibraries/Newlib/syscalls.c ****  * @file     syscalls.c
   3:/opt/XMClib/XMC_Peripheral_Library_v2.1.16/ThirdPartyLibraries/Newlib/syscalls.c ****  * @brief    Newlib stubs
   4:/opt/XMClib/XMC_Peripheral_Library_v2.1.16/ThirdPartyLibraries/Newlib/syscalls.c ****  * @version  V1.6
   5:/opt/XMClib/XMC_Peripheral_Library_v2.1.16/ThirdPartyLibraries/Newlib/syscalls.c ****  * @date     20 Apr 2017
   6:/opt/XMClib/XMC_Peripheral_Library_v2.1.16/ThirdPartyLibraries/Newlib/syscalls.c ****  *
   7:/opt/XMClib/XMC_Peripheral_Library_v2.1.16/ThirdPartyLibraries/Newlib/syscalls.c ****  * @cond
   8:/opt/XMClib/XMC_Peripheral_Library_v2.1.16/ThirdPartyLibraries/Newlib/syscalls.c ****  **************************************************************************************************
   9:/opt/XMClib/XMC_Peripheral_Library_v2.1.16/ThirdPartyLibraries/Newlib/syscalls.c ****  * Copyright (c) 2015-2017, Infineon Technologies AG
  10:/opt/XMClib/XMC_Peripheral_Library_v2.1.16/ThirdPartyLibraries/Newlib/syscalls.c ****  * All rights reserved.
  11:/opt/XMClib/XMC_Peripheral_Library_v2.1.16/ThirdPartyLibraries/Newlib/syscalls.c ****  *
  12:/opt/XMClib/XMC_Peripheral_Library_v2.1.16/ThirdPartyLibraries/Newlib/syscalls.c ****  * Redistribution and use in source and binary forms, with or without modification,are permitted pr
  13:/opt/XMClib/XMC_Peripheral_Library_v2.1.16/ThirdPartyLibraries/Newlib/syscalls.c ****  * following conditions are met:
  14:/opt/XMClib/XMC_Peripheral_Library_v2.1.16/ThirdPartyLibraries/Newlib/syscalls.c ****  *
  15:/opt/XMClib/XMC_Peripheral_Library_v2.1.16/ThirdPartyLibraries/Newlib/syscalls.c ****  * Redistributions of source code must retain the above copyright notice, this list of conditions a
  16:/opt/XMClib/XMC_Peripheral_Library_v2.1.16/ThirdPartyLibraries/Newlib/syscalls.c ****  * disclaimer.
  17:/opt/XMClib/XMC_Peripheral_Library_v2.1.16/ThirdPartyLibraries/Newlib/syscalls.c ****  *
  18:/opt/XMClib/XMC_Peripheral_Library_v2.1.16/ThirdPartyLibraries/Newlib/syscalls.c ****  * Redistributions in binary form must reproduce the above copyright notice, this list of condition
  19:/opt/XMClib/XMC_Peripheral_Library_v2.1.16/ThirdPartyLibraries/Newlib/syscalls.c ****  * disclaimer in the documentation and/or other materials provided with the distribution.
  20:/opt/XMClib/XMC_Peripheral_Library_v2.1.16/ThirdPartyLibraries/Newlib/syscalls.c ****  *
  21:/opt/XMClib/XMC_Peripheral_Library_v2.1.16/ThirdPartyLibraries/Newlib/syscalls.c ****  * Neither the name of the copyright holders nor the names of its contributors may be used to endor
  22:/opt/XMClib/XMC_Peripheral_Library_v2.1.16/ThirdPartyLibraries/Newlib/syscalls.c ****  * products derived from this software without specific prior written permission.
  23:/opt/XMClib/XMC_Peripheral_Library_v2.1.16/ThirdPartyLibraries/Newlib/syscalls.c ****  *
  24:/opt/XMClib/XMC_Peripheral_Library_v2.1.16/ThirdPartyLibraries/Newlib/syscalls.c ****  * THIS SOFTWARE IS PROVIDED BY THE COPYRIGHT HOLDERS AND CONTRIBUTORS "AS IS" AND ANY EXPRESS OR I
  25:/opt/XMClib/XMC_Peripheral_Library_v2.1.16/ThirdPartyLibraries/Newlib/syscalls.c ****  * INCLUDING, BUT NOT LIMITED TO, THE IMPLIED WARRANTIES OF MERCHANTABILITY AND FITNESS FOR A PARTI
  26:/opt/XMClib/XMC_Peripheral_Library_v2.1.16/ThirdPartyLibraries/Newlib/syscalls.c ****  * DISCLAIMED. IN NO EVENT SHALL THE COPYRIGHT HOLDER OR CONTRIBUTORS BE LIABLE  FOR ANY DIRECT, IN
  27:/opt/XMClib/XMC_Peripheral_Library_v2.1.16/ThirdPartyLibraries/Newlib/syscalls.c ****  * SPECIAL, EXEMPLARY, OR CONSEQUENTIAL DAMAGES (INCLUDING, BUT NOT LIMITED TO, PROCUREMENT OF SUBS
  28:/opt/XMClib/XMC_Peripheral_Library_v2.1.16/ThirdPartyLibraries/Newlib/syscalls.c ****  * SERVICES; LOSS OF USE, DATA, OR PROFITS; OR BUSINESS INTERRUPTION) HOWEVER CAUSED AND ON ANY THE
  29:/opt/XMClib/XMC_Peripheral_Library_v2.1.16/ThirdPartyLibraries/Newlib/syscalls.c ****  * WHETHER IN CONTRACT, STRICT LIABILITY,OR TORT (INCLUDING NEGLIGENCE OR OTHERWISE) ARISING IN ANY
  30:/opt/XMClib/XMC_Peripheral_Library_v2.1.16/ThirdPartyLibraries/Newlib/syscalls.c ****  * OF THIS SOFTWARE, EVEN IF ADVISED OF THE POSSIBILITY OF SUCH DAMAGE.
  31:/opt/XMClib/XMC_Peripheral_Library_v2.1.16/ThirdPartyLibraries/Newlib/syscalls.c ****  *
  32:/opt/XMClib/XMC_Peripheral_Library_v2.1.16/ThirdPartyLibraries/Newlib/syscalls.c ****  * To improve the quality of the software, users are encouraged to share modifications, enhancement
  33:/opt/XMClib/XMC_Peripheral_Library_v2.1.16/ThirdPartyLibraries/Newlib/syscalls.c ****  * Infineon Technologies AG dave@infineon.com).
  34:/opt/XMClib/XMC_Peripheral_Library_v2.1.16/ThirdPartyLibraries/Newlib/syscalls.c ****  **************************************************************************************************
  35:/opt/XMClib/XMC_Peripheral_Library_v2.1.16/ThirdPartyLibraries/Newlib/syscalls.c ****  *
  36:/opt/XMClib/XMC_Peripheral_Library_v2.1.16/ThirdPartyLibraries/Newlib/syscalls.c ****  * *************************** Change history ********************************
  37:/opt/XMClib/XMC_Peripheral_Library_v2.1.16/ThirdPartyLibraries/Newlib/syscalls.c ****  * V0.1                  : Initial version
  38:/opt/XMClib/XMC_Peripheral_Library_v2.1.16/ThirdPartyLibraries/Newlib/syscalls.c ****  * V0.2                  : Label updates
  39:/opt/XMClib/XMC_Peripheral_Library_v2.1.16/ThirdPartyLibraries/Newlib/syscalls.c ****  * V1.0                  : Made _sbrk device agnostic
  40:/opt/XMClib/XMC_Peripheral_Library_v2.1.16/ThirdPartyLibraries/Newlib/syscalls.c ****  * V1.1                  : C++ support
  41:/opt/XMClib/XMC_Peripheral_Library_v2.1.16/ThirdPartyLibraries/Newlib/syscalls.c ****  * V1.2                  : Restored compatibility with old project files
  42:/opt/XMClib/XMC_Peripheral_Library_v2.1.16/ThirdPartyLibraries/Newlib/syscalls.c ****  * V1.3    Jan 2014, PKB : Encapsulating everything in this file for use only with GCC
  43:/opt/XMClib/XMC_Peripheral_Library_v2.1.16/ThirdPartyLibraries/Newlib/syscalls.c ****  * V1.4 11 Dec 2015, JFT : Fix heap overflow
  44:/opt/XMClib/XMC_Peripheral_Library_v2.1.16/ThirdPartyLibraries/Newlib/syscalls.c ****  * V1.5 09 Mar 2016, JFT : Add dso_handle to support destructors call at exit 
  45:/opt/XMClib/XMC_Peripheral_Library_v2.1.16/ThirdPartyLibraries/Newlib/syscalls.c ****  * V1.6 20 Apr 2017, JFT : Foward declaration of __sbrk to fix link time optimization (-flto) compi
  46:/opt/XMClib/XMC_Peripheral_Library_v2.1.16/ThirdPartyLibraries/Newlib/syscalls.c ****  * @endcond
  47:/opt/XMClib/XMC_Peripheral_Library_v2.1.16/ThirdPartyLibraries/Newlib/syscalls.c ****  */
  48:/opt/XMClib/XMC_Peripheral_Library_v2.1.16/ThirdPartyLibraries/Newlib/syscalls.c **** 
  49:/opt/XMClib/XMC_Peripheral_Library_v2.1.16/ThirdPartyLibraries/Newlib/syscalls.c **** /*
  50:/opt/XMClib/XMC_Peripheral_Library_v2.1.16/ThirdPartyLibraries/Newlib/syscalls.c ****  * This file contains stubs for standard C library functionality that must
  51:/opt/XMClib/XMC_Peripheral_Library_v2.1.16/ThirdPartyLibraries/Newlib/syscalls.c ****  * typically be provided for the underlying platform.
  52:/opt/XMClib/XMC_Peripheral_Library_v2.1.16/ThirdPartyLibraries/Newlib/syscalls.c ****  *
  53:/opt/XMClib/XMC_Peripheral_Library_v2.1.16/ThirdPartyLibraries/Newlib/syscalls.c ****  */
  54:/opt/XMClib/XMC_Peripheral_Library_v2.1.16/ThirdPartyLibraries/Newlib/syscalls.c **** #if defined ( __GNUC__ )
  55:/opt/XMClib/XMC_Peripheral_Library_v2.1.16/ThirdPartyLibraries/Newlib/syscalls.c **** 
  56:/opt/XMClib/XMC_Peripheral_Library_v2.1.16/ThirdPartyLibraries/Newlib/syscalls.c **** #include <stdint.h>
  57:/opt/XMClib/XMC_Peripheral_Library_v2.1.16/ThirdPartyLibraries/Newlib/syscalls.c **** #include <errno.h>
  58:/opt/XMClib/XMC_Peripheral_Library_v2.1.16/ThirdPartyLibraries/Newlib/syscalls.c **** #include <sys/types.h>
  59:/opt/XMClib/XMC_Peripheral_Library_v2.1.16/ThirdPartyLibraries/Newlib/syscalls.c **** 
  60:/opt/XMClib/XMC_Peripheral_Library_v2.1.16/ThirdPartyLibraries/Newlib/syscalls.c **** /* Forward prototypes.  */
  61:/opt/XMClib/XMC_Peripheral_Library_v2.1.16/ThirdPartyLibraries/Newlib/syscalls.c **** caddr_t _sbrk(int nbytes) __attribute__((externally_visible));
  62:/opt/XMClib/XMC_Peripheral_Library_v2.1.16/ThirdPartyLibraries/Newlib/syscalls.c **** void _init(void) __attribute__((externally_visible));
  63:/opt/XMClib/XMC_Peripheral_Library_v2.1.16/ThirdPartyLibraries/Newlib/syscalls.c **** 
  64:/opt/XMClib/XMC_Peripheral_Library_v2.1.16/ThirdPartyLibraries/Newlib/syscalls.c **** /* c++ destructor dynamic shared object needed if -fuse-cxa-atexit is used*/
  65:/opt/XMClib/XMC_Peripheral_Library_v2.1.16/ThirdPartyLibraries/Newlib/syscalls.c **** void *__dso_handle __attribute__ ((weak));
  66:/opt/XMClib/XMC_Peripheral_Library_v2.1.16/ThirdPartyLibraries/Newlib/syscalls.c **** 
  67:/opt/XMClib/XMC_Peripheral_Library_v2.1.16/ThirdPartyLibraries/Newlib/syscalls.c **** // defined in linker script
  68:/opt/XMClib/XMC_Peripheral_Library_v2.1.16/ThirdPartyLibraries/Newlib/syscalls.c **** extern caddr_t Heap_Bank1_Start;
  69:/opt/XMClib/XMC_Peripheral_Library_v2.1.16/ThirdPartyLibraries/Newlib/syscalls.c **** extern caddr_t Heap_Bank1_End;
  70:/opt/XMClib/XMC_Peripheral_Library_v2.1.16/ThirdPartyLibraries/Newlib/syscalls.c **** caddr_t _sbrk(int nbytes)
  71:/opt/XMClib/XMC_Peripheral_Library_v2.1.16/ThirdPartyLibraries/Newlib/syscalls.c **** {
  39              		.loc 1 71 1
  40              		.cfi_startproc
  41              		@ args = 0, pretend = 0, frame = 16
  42              		@ frame_needed = 1, uses_anonymous_args = 0
  43 0000 80B5     		push	{r7, lr}
  44              	.LCFI0:
  45              		.cfi_def_cfa_offset 8
  46              		.cfi_offset 7, -8
  47              		.cfi_offset 14, -4
  48 0002 84B0     		sub	sp, sp, #16
  49              	.LCFI1:
  50              		.cfi_def_cfa_offset 24
  51 0004 00AF     		add	r7, sp, #0
  52              	.LCFI2:
  53              		.cfi_def_cfa_register 7
  54 0006 7860     		str	r0, [r7, #4]
  72:/opt/XMClib/XMC_Peripheral_Library_v2.1.16/ThirdPartyLibraries/Newlib/syscalls.c ****   static caddr_t heap_ptr = NULL;
  73:/opt/XMClib/XMC_Peripheral_Library_v2.1.16/ThirdPartyLibraries/Newlib/syscalls.c ****   caddr_t base;
  74:/opt/XMClib/XMC_Peripheral_Library_v2.1.16/ThirdPartyLibraries/Newlib/syscalls.c **** 
  75:/opt/XMClib/XMC_Peripheral_Library_v2.1.16/ThirdPartyLibraries/Newlib/syscalls.c ****   if (heap_ptr == NULL) {
  55              		.loc 1 75 16
  56 0008 144B     		ldr	r3, .L5
  57 000a 1B68     		ldr	r3, [r3]
  58              		.loc 1 75 6
  59 000c 002B     		cmp	r3, #0
  60 000e 02D1     		bne	.L2
  76:/opt/XMClib/XMC_Peripheral_Library_v2.1.16/ThirdPartyLibraries/Newlib/syscalls.c ****     heap_ptr = (caddr_t)&Heap_Bank1_Start;
  61              		.loc 1 76 14
  62 0010 124B     		ldr	r3, .L5
  63 0012 134A     		ldr	r2, .L5+4
  64 0014 1A60     		str	r2, [r3]
  65              	.L2:
  77:/opt/XMClib/XMC_Peripheral_Library_v2.1.16/ThirdPartyLibraries/Newlib/syscalls.c ****   }
  78:/opt/XMClib/XMC_Peripheral_Library_v2.1.16/ThirdPartyLibraries/Newlib/syscalls.c **** 
  79:/opt/XMClib/XMC_Peripheral_Library_v2.1.16/ThirdPartyLibraries/Newlib/syscalls.c ****   base = heap_ptr;
  66              		.loc 1 79 8
  67 0016 114B     		ldr	r3, .L5
  68 0018 1B68     		ldr	r3, [r3]
  69 001a FB60     		str	r3, [r7, #12]
  80:/opt/XMClib/XMC_Peripheral_Library_v2.1.16/ThirdPartyLibraries/Newlib/syscalls.c **** 
  81:/opt/XMClib/XMC_Peripheral_Library_v2.1.16/ThirdPartyLibraries/Newlib/syscalls.c ****   /* heap word alignment */
  82:/opt/XMClib/XMC_Peripheral_Library_v2.1.16/ThirdPartyLibraries/Newlib/syscalls.c ****   nbytes = (nbytes + 3) & ~0x3U;
  70              		.loc 1 82 20
  71 001c 7B68     		ldr	r3, [r7, #4]
  72 001e 0333     		adds	r3, r3, #3
  73              		.loc 1 82 10
  74 0020 23F00303 		bic	r3, r3, #3
  75 0024 7B60     		str	r3, [r7, #4]
  83:/opt/XMClib/XMC_Peripheral_Library_v2.1.16/ThirdPartyLibraries/Newlib/syscalls.c ****   if ((caddr_t)&Heap_Bank1_End > (heap_ptr + nbytes))
  76              		.loc 1 83 44
  77 0026 0D4B     		ldr	r3, .L5
  78 0028 1A68     		ldr	r2, [r3]
  79 002a 7B68     		ldr	r3, [r7, #4]
  80 002c 1344     		add	r3, r3, r2
  81              		.loc 1 83 6
  82 002e 0D4A     		ldr	r2, .L5+8
  83 0030 9342     		cmp	r3, r2
  84 0032 07D2     		bcs	.L3
  84:/opt/XMClib/XMC_Peripheral_Library_v2.1.16/ThirdPartyLibraries/Newlib/syscalls.c ****   {
  85:/opt/XMClib/XMC_Peripheral_Library_v2.1.16/ThirdPartyLibraries/Newlib/syscalls.c ****     heap_ptr += nbytes;
  85              		.loc 1 85 14
  86 0034 094B     		ldr	r3, .L5
  87 0036 1A68     		ldr	r2, [r3]
  88 0038 7B68     		ldr	r3, [r7, #4]
  89 003a 1344     		add	r3, r3, r2
  90 003c 074A     		ldr	r2, .L5
  91 003e 1360     		str	r3, [r2]
  86:/opt/XMClib/XMC_Peripheral_Library_v2.1.16/ThirdPartyLibraries/Newlib/syscalls.c ****     return (base);
  92              		.loc 1 86 12
  93 0040 FB68     		ldr	r3, [r7, #12]
  94 0042 06E0     		b	.L4
  95              	.L3:
  87:/opt/XMClib/XMC_Peripheral_Library_v2.1.16/ThirdPartyLibraries/Newlib/syscalls.c ****   }
  88:/opt/XMClib/XMC_Peripheral_Library_v2.1.16/ThirdPartyLibraries/Newlib/syscalls.c ****   else
  89:/opt/XMClib/XMC_Peripheral_Library_v2.1.16/ThirdPartyLibraries/Newlib/syscalls.c ****   {
  90:/opt/XMClib/XMC_Peripheral_Library_v2.1.16/ThirdPartyLibraries/Newlib/syscalls.c ****     /* Heap overflow */
  91:/opt/XMClib/XMC_Peripheral_Library_v2.1.16/ThirdPartyLibraries/Newlib/syscalls.c ****     errno = ENOMEM;
  96              		.loc 1 91 5
  97 0044 FFF7FEFF 		bl	__errno
  98 0048 0346     		mov	r3, r0
  99              		.loc 1 91 11
 100 004a 0C22     		movs	r2, #12
 101 004c 1A60     		str	r2, [r3]
  92:/opt/XMClib/XMC_Peripheral_Library_v2.1.16/ThirdPartyLibraries/Newlib/syscalls.c ****     return ((caddr_t)-1);
 102              		.loc 1 92 12
 103 004e 4FF0FF33 		mov	r3, #-1
 104              	.L4:
  93:/opt/XMClib/XMC_Peripheral_Library_v2.1.16/ThirdPartyLibraries/Newlib/syscalls.c ****   }
  94:/opt/XMClib/XMC_Peripheral_Library_v2.1.16/ThirdPartyLibraries/Newlib/syscalls.c **** }
 105              		.loc 1 94 1
 106 0052 1846     		mov	r0, r3
 107 0054 1037     		adds	r7, r7, #16
 108              	.LCFI3:
 109              		.cfi_def_cfa_offset 8
 110 0056 BD46     		mov	sp, r7
 111              	.LCFI4:
 112              		.cfi_def_cfa_register 13
 113              		@ sp needed
 114 0058 80BD     		pop	{r7, pc}
 115              	.L6:
 116 005a 00BF     		.align	2
 117              	.L5:
 118 005c 04000000 		.word	heap_ptr.0
 119 0060 00000000 		.word	Heap_Bank1_Start
 120 0064 00000000 		.word	Heap_Bank1_End
 121              		.cfi_endproc
 122              	.LFE0:
 124              		.section	.text._init,"ax",%progbits
 125              		.align	1
 126              		.global	_init
 127              		.syntax unified
 128              		.thumb
 129              		.thumb_func
 131              	_init:
 132              	.LFB1:
  95:/opt/XMClib/XMC_Peripheral_Library_v2.1.16/ThirdPartyLibraries/Newlib/syscalls.c **** 
  96:/opt/XMClib/XMC_Peripheral_Library_v2.1.16/ThirdPartyLibraries/Newlib/syscalls.c **** /* Init */
  97:/opt/XMClib/XMC_Peripheral_Library_v2.1.16/ThirdPartyLibraries/Newlib/syscalls.c **** void _init(void)
  98:/opt/XMClib/XMC_Peripheral_Library_v2.1.16/ThirdPartyLibraries/Newlib/syscalls.c **** {}
 133              		.loc 1 98 1
 134              		.cfi_startproc
 135              		@ args = 0, pretend = 0, frame = 0
 136              		@ frame_needed = 1, uses_anonymous_args = 0
 137              		@ link register save eliminated.
 138 0000 80B4     		push	{r7}
 139              	.LCFI5:
 140              		.cfi_def_cfa_offset 4
 141              		.cfi_offset 7, -4
 142 0002 00AF     		add	r7, sp, #0
 143              	.LCFI6:
 144              		.cfi_def_cfa_register 7
 145              		.loc 1 98 2
 146 0004 00BF     		nop
 147 0006 BD46     		mov	sp, r7
 148              	.LCFI7:
 149              		.cfi_def_cfa_register 13
 150              		@ sp needed
 151 0008 5DF8047B 		ldr	r7, [sp], #4
 152              	.LCFI8:
 153              		.cfi_restore 7
 154              		.cfi_def_cfa_offset 0
 155 000c 7047     		bx	lr
 156              		.cfi_endproc
 157              	.LFE1:
 159              		.text
 160              	.Letext0:
 161              		.file 2 "/nas/ei/share/tools/gcc/gcc-arm/gcc-arm-none-eabi-10.3-2021.10/arm-none-eabi/include/sys/
DEFINED SYMBOLS
                            *ABS*:0000000000000000 syscalls.c
     /tmp/ccQRftMG.s:23     .bss:0000000000000000 __dso_handle
     /tmp/ccQRftMG.s:20     .bss:0000000000000000 $d
     /tmp/ccQRftMG.s:26     .bss:0000000000000004 heap_ptr.0
     /tmp/ccQRftMG.s:30     .text._sbrk:0000000000000000 $t
     /tmp/ccQRftMG.s:36     .text._sbrk:0000000000000000 _sbrk
     /tmp/ccQRftMG.s:118    .text._sbrk:000000000000005c $d
     /tmp/ccQRftMG.s:125    .text._init:0000000000000000 $t
     /tmp/ccQRftMG.s:131    .text._init:0000000000000000 _init
                           .group:0000000000000000 wm4.0.467689a90594456bf46c01d2d8793c7f
                           .group:0000000000000000 wm4._newlib_version.h.4.bfdf54b0af045d4a71376ae00f63a22c
                           .group:0000000000000000 wm4.features.h.33.5bd1eea2d80518b50f7af0b5ce6750e0
                           .group:0000000000000000 wm4._default_types.h.15.247e5cd201eca3442cbf5404108c4935
                           .group:0000000000000000 wm4._intsup.h.10.48bafbb683905c4daa4565a85aeeb264
                           .group:0000000000000000 wm4._stdint.h.10.c24fa3af3bc1706662bb5593a907e841
                           .group:0000000000000000 wm4.stdint.h.23.d53047a68f4a85177f80b422d52785ed
                           .group:0000000000000000 wm4.errno.h.2.ba016d646105af6cad23be83630b6a3f
                           .group:0000000000000000 wm4.newlib.h.8.7cb3972cd43265932d4782d5eb589854
                           .group:0000000000000000 wm4.ieeefp.h.77.c88535c35f465c05b101960cf0179075
                           .group:0000000000000000 wm4.config.h.224.c701144a7b0518c6ee9b9b5465b79f81
                           .group:0000000000000000 wm4._ansi.h.31.de524f58584151836e90d8620a16f8e8
                           .group:0000000000000000 wm4.stddef.h.39.27677723d43e5b5a7afdf8d798429f1d
                           .group:0000000000000000 wm4._types.h.20.dd0d04dca3800a0d2a6129b87f3adbb2
                           .group:0000000000000000 wm4.stddef.h.155.3588ebfdd1e8c7ede80509bb9c3b8009
                           .group:0000000000000000 wm4._types.h.127.34941de1b2539d59d5cac00e0dd27a45
                           .group:0000000000000000 wm4.reent.h.17.e292bf8b0bec6c96e131a54347145a30
                           .group:0000000000000000 wm4.lock.h.2.1461d1fff82dffe8bfddc23307f6484f
                           .group:0000000000000000 wm4.reent.h.77.dcd6129ff07fe81bd5636db29abe53b2
                           .group:0000000000000000 wm4.errno.h.14.6a5939d3ae7434a1e97991a97123b12d
                           .group:0000000000000000 wm4.cdefs.h.49.a54b2d5c07711bc7320a3fea9f12cb56
                           .group:0000000000000000 wm4.types.h.40.8b6acba56cefbb11746718204edc8f5e
                           .group:0000000000000000 wm4._endian.h.31.65a10590763c3dde1ac4a7f66d7d4891
                           .group:0000000000000000 wm4.endian.h.9.49f3a4695c1b61e8a0808de3c4a106cb
                           .group:0000000000000000 wm4._timeval.h.32.bec3221fa7a9bb0bdde696c9c57e47d2
                           .group:0000000000000000 wm4.timespec.h.41.d855182eb0e690443ab8651bcedca6e1
                           .group:0000000000000000 wm4.select.h.19.40cd3f2bfc456b193b790c2754690ebf
                           .group:0000000000000000 wm4.types.h.51.5571ec98f267d17d3c670b7a3ba33afa
                           .group:0000000000000000 wm4.sched.h.22.c60982713a5c428609783c78f9c78d95
                           .group:0000000000000000 wm4._pthreadtypes.h.36.fcee9961c35163dde6267ef772ad1972

UNDEFINED SYMBOLS
__errno
Heap_Bank1_Start
Heap_Bank1_End
