Archive member included to satisfy reference by file (symbol)

/nas/ei/share/tools/gcc/gcc-arm/gcc-arm-none-eabi-10.3-2021.10/bin/../lib/gcc/arm-none-eabi/10.3.1/../../../../arm-none-eabi/lib/thumb/v7e-m/nofp/libg.a(lib_a-errno.o)
                              lib_build/syscalls.o (__errno)
/nas/ei/share/tools/gcc/gcc-arm/gcc-arm-none-eabi-10.3-2021.10/bin/../lib/gcc/arm-none-eabi/10.3.1/../../../../arm-none-eabi/lib/thumb/v7e-m/nofp/libg.a(lib_a-impure.o)
                              /nas/ei/share/tools/gcc/gcc-arm/gcc-arm-none-eabi-10.3-2021.10/bin/../lib/gcc/arm-none-eabi/10.3.1/../../../../arm-none-eabi/lib/thumb/v7e-m/nofp/libg.a(lib_a-errno.o) (_impure_ptr)
/nas/ei/share/tools/gcc/gcc-arm/gcc-arm-none-eabi-10.3-2021.10/bin/../lib/gcc/arm-none-eabi/10.3.1/../../../../arm-none-eabi/lib/thumb/v7e-m/nofp/libg.a(lib_a-init.o)
                              lib_build/startup_XMC4500.o (__libc_init_array)
/nas/ei/share/tools/gcc/gcc-arm/gcc-arm-none-eabi-10.3-2021.10/bin/../lib/gcc/arm-none-eabi/10.3.1/../../../../arm-none-eabi/lib/thumb/v7e-m/nofp/libg.a(lib_a-memcmp.o)
                              lib_build/HIDClassDevice.o (memcmp)
/nas/ei/share/tools/gcc/gcc-arm/gcc-arm-none-eabi-10.3-2021.10/bin/../lib/gcc/arm-none-eabi/10.3.1/../../../../arm-none-eabi/lib/thumb/v7e-m/nofp/libg.a(lib_a-memcpy.o)
                              lib_build/xmc_usbd.o (memcpy)
/nas/ei/share/tools/gcc/gcc-arm/gcc-arm-none-eabi-10.3-2021.10/bin/../lib/gcc/arm-none-eabi/10.3.1/../../../../arm-none-eabi/lib/thumb/v7e-m/nofp/libg.a(lib_a-memset.o)
                              lib_build/HIDClassDevice.o (memset)

Discarded input sections

 .group         0x0000000000000000        0xc build/main.o
 .group         0x0000000000000000        0xc build/main.o
 .group         0x0000000000000000        0xc build/main.o
 .group         0x0000000000000000        0xc build/main.o
 .group         0x0000000000000000        0xc build/main.o
 .group         0x0000000000000000        0xc build/main.o
 .group         0x0000000000000000        0xc build/main.o
 .group         0x0000000000000000        0xc build/main.o
 .group         0x0000000000000000        0xc build/main.o
 .group         0x0000000000000000        0xc build/main.o
 .group         0x0000000000000000        0xc build/main.o
 .group         0x0000000000000000        0xc build/main.o
 .group         0x0000000000000000        0xc build/main.o
 .group         0x0000000000000000        0xc build/main.o
 .group         0x0000000000000000        0xc build/main.o
 .group         0x0000000000000000        0xc build/main.o
 .group         0x0000000000000000        0xc build/main.o
 .group         0x0000000000000000        0xc build/main.o
 .group         0x0000000000000000        0xc build/main.o
 .group         0x0000000000000000        0xc build/main.o
 .group         0x0000000000000000        0xc build/main.o
 .group         0x0000000000000000        0xc build/main.o
 .group         0x0000000000000000        0xc build/main.o
 .group         0x0000000000000000        0xc build/main.o
 .group         0x0000000000000000        0xc build/main.o
 .group         0x0000000000000000        0xc build/main.o
 .group         0x0000000000000000        0xc build/main.o
 .group         0x0000000000000000        0xc build/main.o
 .group         0x0000000000000000        0xc build/main.o
 .group         0x0000000000000000        0xc build/main.o
 .group         0x0000000000000000        0xc build/main.o
 .group         0x0000000000000000        0xc build/main.o
 .group         0x0000000000000000        0xc build/main.o
 .group         0x0000000000000000        0xc build/main.o
 .group         0x0000000000000000        0xc build/main.o
 .group         0x0000000000000000        0xc build/main.o
 .group         0x0000000000000000        0xc build/main.o
 .group         0x0000000000000000        0xc build/main.o
 .group         0x0000000000000000        0xc build/main.o
 .group         0x0000000000000000        0xc build/main.o
 .group         0x0000000000000000        0xc build/main.o
 .group         0x0000000000000000        0xc build/main.o
 .group         0x0000000000000000        0xc build/main.o
 .group         0x0000000000000000        0xc build/main.o
 .group         0x0000000000000000        0xc build/main.o
 .group         0x0000000000000000        0xc build/main.o
 .group         0x0000000000000000        0xc build/main.o
 .group         0x0000000000000000        0xc build/main.o
 .group         0x0000000000000000        0xc build/main.o
 .group         0x0000000000000000        0xc build/main.o
 .group         0x0000000000000000        0xc build/main.o
 .group         0x0000000000000000        0xc build/main.o
 .group         0x0000000000000000        0xc build/main.o
 .group         0x0000000000000000        0xc build/main.o
 .group         0x0000000000000000        0xc build/main.o
 .group         0x0000000000000000        0xc build/main.o
[...]
Memory Configuration

Name             Origin             Length             Attributes
FLASH_1_cached   0x0000000008000000 0x0000000000100000 xr
FLASH_1_uncached 0x000000000c000000 0x0000000000100000 xr
PSRAM_1          0x0000000010000000 0x0000000000010000 !xr
DSRAM_1_system   0x0000000020000000 0x0000000000010000 !xr
DSRAM_2_comm     0x0000000030000000 0x0000000000008000 !xr
*default*        0x0000000000000000 0xffffffffffffffff

Linker script and memory map

LOAD build/main.o
LOAD build/KeyboardHID.o
LOAD build/Descriptors.o
LOAD lib_build/xmc4_scu.o
LOAD lib_build/xmc_gpio.o
LOAD lib_build/HIDClassDevice.o
LOAD lib_build/memcpy.o
LOAD lib_build/Endpoint_XMC4000.o
LOAD lib_build/EndpointStream_XMC4000.o
LOAD lib_build/USBController_XMC4000.o
LOAD lib_build/xmc_usbd.o
LOAD lib_build/ConfigDescriptors.o
LOAD lib_build/HostStandardReq.o
LOAD lib_build/USBTask.o
LOAD lib_build/Events.o
LOAD lib_build/startup_XMC4500.o
LOAD lib_build/system_XMC4500.o
LOAD lib_build/syscalls.o
START GROUP
LOAD /nas/ei/share/tools/gcc/gcc-arm/gcc-arm-none-eabi-10.3-2021.10/bin/../lib/gcc/arm-none-eabi/10.3.1/thumb/v7e-m/nofp/libgcc.a
LOAD /nas/ei/share/tools/gcc/gcc-arm/gcc-arm-none-eabi-10.3-2021.10/bin/../lib/gcc/arm-none-eabi/10.3.1/../../../../arm-none-eabi/lib/thumb/v7e-m/nofp/libg.a
LOAD /nas/ei/share/tools/gcc/gcc-arm/gcc-arm-none-eabi-10.3-2021.10/bin/../lib/gcc/arm-none-eabi/10.3.1/../../../../arm-none-eabi/lib/thumb/v7e-m/nofp/libc.a
END GROUP
START GROUP
LOAD /nas/ei/share/tools/gcc/gcc-arm/gcc-arm-none-eabi-10.3-2021.10/bin/../lib/gcc/arm-none-eabi/10.3.1/thumb/v7e-m/nofp/libgcc.a
LOAD /nas/ei/share/tools/gcc/gcc-arm/gcc-arm-none-eabi-10.3-2021.10/bin/../lib/gcc/arm-none-eabi/10.3.1/../../../../arm-none-eabi/lib/thumb/v7e-m/nofp/libc.a
LOAD /nas/ei/share/tools/gcc/gcc-arm/gcc-arm-none-eabi-10.3-2021.10/bin/../lib/gcc/arm-none-eabi/10.3.1/../../../../arm-none-eabi/lib/thumb/v7e-m/nofp/libnosys.a
END GROUP
                0x0000000000000800                stack_size = DEFINED (stack_size)?stack_size:0x800
                0x0000000000000040                no_init_size = 0x40

.text           0x0000000008000000     0x6b6c load address 0x000000000c000000
                0x0000000008000000                sText = .
 *(.reset)
 .reset         0x0000000008000000      0x2b2 lib_build/startup_XMC4500.o
                0x0000000008000000                __Vectors
                0x0000000008000200                Reset_Handler
                0x00000000080002b0                VADC0_C0_3_IRQHandler
                0x00000000080002b0                DSD0_7_IRQHandler
                0x00000000080002b0                DebugMon_Handler
                0x00000000080002b0                VADC0_C0_0_IRQHandler
                0x00000000080002b0                CAN0_4_IRQHandler
                0x00000000080002b0                VADC0_G2_0_IRQHandler
                0x00000000080002b0                USIC0_5_IRQHandler
                0x00000000080002b0                POSIF0_0_IRQHandler
                0x00000000080002b0                POSIF1_0_IRQHandler
                0x00000000080002b0                HardFault_Handler
                0x00000000080002b0                VADC0_G1_1_IRQHandler
                0x00000000080002b0                PendSV_Handler
                0x00000000080002b0                NMI_Handler
                0x00000000080002b0                USIC1_3_IRQHandler
                0x00000000080002b0                CCU40_2_IRQHandler
                0x00000000080002b0                SCU_0_IRQHandler
                0x00000000080002b0                ERU0_0_IRQHandler
                0x00000000080002b0                CCU41_0_IRQHandler
                0x00000000080002b0                USIC1_5_IRQHandler
                0x00000000080002b0                DSD0_4_IRQHandler
                0x00000000080002b0                CCU80_1_IRQHandler
                0x00000000080002b0                CCU81_0_IRQHandler
                0x00000000080002b0                UsageFault_Handler
                0x00000000080002b0                USIC0_0_IRQHandler
                0x00000000080002b0                POSIF1_1_IRQHandler
                0x00000000080002b0                ERU0_2_IRQHandler
                0x00000000080002b0                CCU81_1_IRQHandler
                0x00000000080002b0                ERU1_1_IRQHandler
                0x00000000080002b0                VADC0_G2_3_IRQHandler
                0x00000000080002b0                VADC0_G2_2_IRQHandler
                0x00000000080002b0                CCU42_3_IRQHandler
                0x00000000080002b0                ERU0_3_IRQHandler
                0x00000000080002b0                DSD0_5_IRQHandler
                0x00000000080002b0                CAN0_6_IRQHandler
                0x00000000080002b0                CCU43_0_IRQHandler
                0x00000000080002b0                VADC0_G0_1_IRQHandler
                0x00000000080002b0                CCU81_2_IRQHandler
                0x00000000080002b0                USIC2_4_IRQHandler
                0x00000000080002b0                CCU81_3_IRQHandler
                0x00000000080002b0                CCU42_1_IRQHandler
                0x00000000080002b0                USIC1_1_IRQHandler
                0x00000000080002b0                USIC2_5_IRQHandler
                0x00000000080002b0                CCU40_0_IRQHandler
                0x00000000080002b0                CAN0_0_IRQHandler
                0x00000000080002b0                ERU1_0_IRQHandler
                0x00000000080002b0                CCU42_2_IRQHandler
                0x00000000080002b0                Default_Handler
                0x00000000080002b0                USIC1_4_IRQHandler
                0x00000000080002b0                ERU1_3_IRQHandler
                0x00000000080002b0                USIC1_0_IRQHandler
                0x00000000080002b0                POSIF0_1_IRQHandler
                0x00000000080002b0                VADC0_G0_0_IRQHandler
                0x00000000080002b0                DSD0_2_IRQHandler
                0x00000000080002b0                CCU80_3_IRQHandler
                0x00000000080002b0                CCU41_3_IRQHandler
                0x00000000080002b0                CCU80_2_IRQHandler
                0x00000000080002b0                VADC0_G1_3_IRQHandler
                0x00000000080002b0                VADC0_G0_3_IRQHandler
                0x00000000080002b0                GPDMA0_0_IRQHandler
                0x00000000080002b0                PMU0_0_IRQHandler
                0x00000000080002b0                CAN0_7_IRQHandler
                0x00000000080002b0                DSD0_1_IRQHandler
                0x00000000080002b0                CCU41_2_IRQHandler
                0x00000000080002b0                VADC0_C0_1_IRQHandler
                0x00000000080002b0                CCU43_2_IRQHandler
                0x00000000080002b0                USIC2_2_IRQHandler
                0x00000000080002b0                MemManage_Handler
                0x00000000080002b0                VADC0_G3_1_IRQHandler
                0x00000000080002b0                DAC0_0_IRQHandler
                0x00000000080002b0                SVC_Handler
                0x00000000080002b0                VADC0_G3_3_IRQHandler
                0x00000000080002b0                ERU1_2_IRQHandler
                0x00000000080002b0                CCU41_1_IRQHandler
                0x00000000080002b0                DSD0_6_IRQHandler
                0x00000000080002b0                CCU43_1_IRQHandler
                0x00000000080002b0                VADC0_G1_2_IRQHandler
                0x00000000080002b0                USIC2_3_IRQHandler
                0x00000000080002b0                CAN0_2_IRQHandler
                0x00000000080002b0                USIC2_0_IRQHandler
                0x00000000080002b0                VADC0_G0_2_IRQHandler
                0x00000000080002b0                VADC0_G2_1_IRQHandler
                0x00000000080002b0                CAN0_3_IRQHandler
                0x00000000080002b0                ETH0_0_IRQHandler
                0x00000000080002b0                USIC0_3_IRQHandler
                0x00000000080002b0                DSD0_0_IRQHandler
                0x00000000080002b0                VADC0_C0_2_IRQHandler
                0x00000000080002b0                CCU42_0_IRQHandler
                0x00000000080002b0                FCE0_0_IRQHandler
                0x00000000080002b0                VADC0_G1_0_IRQHandler
                0x00000000080002b0                CAN0_5_IRQHandler
                0x00000000080002b0                CCU80_0_IRQHandler
                0x00000000080002b0                CCU40_1_IRQHandler
                0x00000000080002b0                USIC2_1_IRQHandler
                0x00000000080002b0                USIC0_1_IRQHandler
                0x00000000080002b0                VADC0_G3_2_IRQHandler
                0x00000000080002b0                CCU40_3_IRQHandler
                0x00000000080002b0                BusFault_Handler
                0x00000000080002b0                LEDTS0_0_IRQHandler
                0x00000000080002b0                USIC0_4_IRQHandler
                0x00000000080002b0                CCU43_3_IRQHandler
                0x00000000080002b0                ERU0_1_IRQHandler
                0x00000000080002b0                VADC0_G3_0_IRQHandler
                0x00000000080002b0                USIC1_2_IRQHandler
                0x00000000080002b0                DSD0_3_IRQHandler
                0x00000000080002b0                SDMMC0_0_IRQHandler
                0x00000000080002b0                CAN0_1_IRQHandler
                0x00000000080002b0                USIC0_2_IRQHandler
                0x00000000080002b0                DAC0_1_IRQHandler
                0x00000000080002b0                GPDMA1_0_IRQHandler
 *(.text .text.* .gnu.linkonce.t.*)
 .text          0x00000000080002b2        0x0 build/main.o
 *fill*         0x00000000080002b2        0x2 
 .text.__NVIC_SetPriority
                0x00000000080002b4       0x54 build/main.o
 .text.SysTick_Config
                0x0000000008000308       0x44 build/main.o
 .text.XMC_GPIO_SetOutputHigh
                0x000000000800034c       0x22 build/main.o
 .text.XMC_GPIO_SetOutputLow
                0x000000000800036e       0x24 build/main.o
 *fill*         0x0000000008000392        0x2 
 .text.initSysTick
                0x0000000008000394       0x24 build/main.o
                0x0000000008000394                initSysTick
 .text.SysTick_Handler
                0x00000000080003b8       0x1c build/main.o
                0x00000000080003b8                SysTick_Handler
 .text.max_index
                0x00000000080003d4       0x62 build/main.o
                0x00000000080003d4                max_index
 *fill*         0x0000000008000436        0x2 
 .text.main     0x0000000008000438       0x4c build/main.o
                0x0000000008000438                main
 .text.CALLBACK_HID_Device_CreateHIDReport
                0x0000000008000484      0x4c4 build/main.o
                0x0000000008000484                CALLBACK_HID_Device_CreateHIDReport
 .text.CALLBACK_HID_Device_ProcessHIDReport
                0x0000000008000948       0x98 build/main.o
                0x0000000008000948                CALLBACK_HID_Device_ProcessHIDReport
 .text.SystemCoreClockSetup
                0x00000000080009e0       0x34 build/main.o
                0x00000000080009e0                SystemCoreClockSetup
 .text          0x0000000008000a14        0x0 build/KeyboardHID.o
 .text.__NVIC_GetPriorityGrouping
                0x0000000008000a14       0x1c build/KeyboardHID.o
 .text.__NVIC_EnableIRQ
                0x0000000008000a30       0x3c build/KeyboardHID.o
 .text.__NVIC_ClearPendingIRQ
                0x0000000008000a6c       0x3c build/KeyboardHID.o
 .text.__NVIC_SetPriority
                0x0000000008000aa8       0x54 build/KeyboardHID.o
 .text.NVIC_EncodePriority
                0x0000000008000afc       0x66 build/KeyboardHID.o
 *fill*         0x0000000008000b62        0x2 
 .text.USB0_0_IRQHandler
                0x0000000008000b64       0x14 build/KeyboardHID.o
                0x0000000008000b64                USB0_0_IRQHandler
 .text.USB_Init
                0x0000000008000b78       0x48 build/KeyboardHID.o
                0x0000000008000b78                USB_Init
 .text.EVENT_USB_Device_
                0x0000000008000bc0        0xe build/KeyboardHID.o
                0x0000000008000bc0                EVENT_USB_Device_
 .text.EVENT_USB_Device_Connect
                0x0000000008000bce        0xe build/KeyboardHID.o
                0x0000000008000bce                EVENT_USB_Device_Connect
 .text.EVENT_USB_Device_Reset
                0x0000000008000bdc       0x30 build/KeyboardHID.o
                0x0000000008000bdc                EVENT_USB_Device_Reset
 .text.EVENT_USB_Device_ConfigurationChanged
                0x0000000008000c0c       0x50 build/KeyboardHID.o
                0x0000000008000c0c                EVENT_USB_Device_ConfigurationChanged
 .text.EVENT_USB_Device_ControlRequest
                0x0000000008000c5c       0x14 build/KeyboardHID.o
                0x0000000008000c5c                EVENT_USB_Device_ControlRequest
 .text.CALLBACK_HIDParser_FilterHIDReportItem
                0x0000000008000c70       0x16 build/KeyboardHID.o
                0x0000000008000c70                CALLBACK_HIDParser_FilterHIDReportItem
 .text          0x0000000008000c86        0x0 build/Descriptors.o
 *fill*         0x0000000008000c86        0x2 
 .text.CALLBACK_USB_GetDescriptor
                0x0000000008000c88      0x14c build/Descriptors.o
                0x0000000008000c88                CALLBACK_USB_GetDescriptor
 .text          0x0000000008000dd4        0x0 lib_build/xmc4_scu.o
 .text.XMC_SCU_CLOCK_GetUsbClockSource
                0x0000000008000dd4       0x1c lib_build/xmc4_scu.o
 .text.XMC_SCU_CLOCK_GetWdtClockSource
                0x0000000008000df0       0x1c lib_build/xmc4_scu.o
 .text.XMC_SCU_CLOCK_GetExternalOutputClockSource
                0x0000000008000e0c       0x20 lib_build/xmc4_scu.o
 .text.XMC_SCU_CLOCK_GetSystemClockFrequency
                0x0000000008000e2c       0x28 lib_build/xmc4_scu.o
 .text.XMC_SCU_CLOCK_GetCpuClockFrequency
                0x0000000008000e54       0x18 lib_build/xmc4_scu.o
 .text.XMC_SCU_GetMirrorStatus
                0x0000000008000e6c       0x18 lib_build/xmc4_scu.o
 .text.XMC_SCU_lDelay
                0x0000000008000e84       0x48 lib_build/xmc4_scu.o
 .text.XMC_SCU_INTERRUPT_EnableEvent
                0x0000000008000ecc       0x24 lib_build/xmc4_scu.o
                0x0000000008000ecc                XMC_SCU_INTERRUPT_EnableEvent
 .text.XMC_SCU_INTERRUPT_DisableEvent
                0x0000000008000ef0       0x28 lib_build/xmc4_scu.o
                0x0000000008000ef0                XMC_SCU_INTERRUPT_DisableEvent
 .text.XMC_SCU_INTERRUPT_TriggerEvent
                0x0000000008000f18       0x24 lib_build/xmc4_scu.o
                0x0000000008000f18                XMC_SCU_INTERRUPT_TriggerEvent
 .text.XMC_SCU_INTERUPT_GetEventStatus
                0x0000000008000f3c       0x18 lib_build/xmc4_scu.o
                0x0000000008000f3c                XMC_SCU_INTERUPT_GetEventStatus
 .text.XMC_SCU_INTERRUPT_ClearEventStatus
                0x0000000008000f54       0x20 lib_build/xmc4_scu.o
                0x0000000008000f54                XMC_SCU_INTERRUPT_ClearEventStatus
 .text.XMC_SCU_GetBootMode
                0x0000000008000f74       0x1c lib_build/xmc4_scu.o
                0x0000000008000f74                XMC_SCU_GetBootMode
 .text.XMC_SCU_SetBootMode
                0x0000000008000f90       0x20 lib_build/xmc4_scu.o
                0x0000000008000f90                XMC_SCU_SetBootMode
 .text.XMC_SCU_ReadGPR
                0x0000000008000fb0       0x24 lib_build/xmc4_scu.o
                0x0000000008000fb0                XMC_SCU_ReadGPR
 .text.XMC_SCU_WriteGPR
                0x0000000008000fd4       0x28 lib_build/xmc4_scu.o
                0x0000000008000fd4                XMC_SCU_WriteGPR
 .text.XMC_SCU_EnableOutOfRangeComparator
                0x0000000008000ffc       0x38 lib_build/xmc4_scu.o
                0x0000000008000ffc                XMC_SCU_EnableOutOfRangeComparator
 .text.XMC_SCU_DisableOutOfRangeComparator
                0x0000000008001034       0x3c lib_build/xmc4_scu.o
                0x0000000008001034                XMC_SCU_DisableOutOfRangeComparator
 .text.XMC_SCU_CalibrateTemperatureSensor
                0x0000000008001070       0x30 lib_build/xmc4_scu.o
                0x0000000008001070                XMC_SCU_CalibrateTemperatureSensor
 .text.XMC_SCU_EnableTemperatureSensor
                0x00000000080010a0       0x24 lib_build/xmc4_scu.o
                0x00000000080010a0                XMC_SCU_EnableTemperatureSensor
 .text.XMC_SCU_DisableTemperatureSensor
                0x00000000080010c4       0x24 lib_build/xmc4_scu.o
                0x00000000080010c4                XMC_SCU_DisableTemperatureSensor
 .text.XMC_SCU_IsTemperatureSensorEnabled
                0x00000000080010e8       0x28 lib_build/xmc4_scu.o
                0x00000000080010e8                XMC_SCU_IsTemperatureSensorEnabled
 .text.XMC_SCU_IsTemperatureSensorReady
                0x0000000008001110       0x28 lib_build/xmc4_scu.o
                0x0000000008001110                XMC_SCU_IsTemperatureSensorReady
 .text.XMC_SCU_StartTemperatureMeasurement
                0x0000000008001138       0x4c lib_build/xmc4_scu.o
                0x0000000008001138                XMC_SCU_StartTemperatureMeasurement
 .text.XMC_SCU_GetTemperatureMeasurement
                0x0000000008001184       0x38 lib_build/xmc4_scu.o
                0x0000000008001184                XMC_SCU_GetTemperatureMeasurement
 .text.XMC_SCU_IsTemperatureSensorBusy
                0x00000000080011bc       0x28 lib_build/xmc4_scu.o
                0x00000000080011bc                XMC_SCU_IsTemperatureSensorBusy
 .text.XMC_SCU_WriteToRetentionMemory
                0x00000000080011e4       0x50 lib_build/xmc4_scu.o
                0x00000000080011e4                XMC_SCU_WriteToRetentionMemory
 .text.XMC_SCU_ReadFromRetentionMemory
                0x0000000008001234       0x48 lib_build/xmc4_scu.o
                0x0000000008001234                XMC_SCU_ReadFromRetentionMemory
 .text.XMC_SCU_CLOCK_Init
                0x000000000800127c       0xe6 lib_build/xmc4_scu.o
                0x000000000800127c                XMC_SCU_CLOCK_Init
 *fill*         0x0000000008001362        0x2 
 .text.XMC_SCU_TRAP_Enable
                0x0000000008001364       0x28 lib_build/xmc4_scu.o
                0x0000000008001364                XMC_SCU_TRAP_Enable
 .text.XMC_SCU_TRAP_Disable
                0x000000000800138c       0x24 lib_build/xmc4_scu.o
                0x000000000800138c                XMC_SCU_TRAP_Disable
 .text.XMC_SCU_TRAP_GetStatus
                0x00000000080013b0       0x18 lib_build/xmc4_scu.o
                0x00000000080013b0                XMC_SCU_TRAP_GetStatus
 .text.XMC_SCU_TRAP_Trigger
                0x00000000080013c8       0x20 lib_build/xmc4_scu.o
                0x00000000080013c8                XMC_SCU_TRAP_Trigger
 .text.XMC_SCU_TRAP_ClearStatus
                0x00000000080013e8       0x20 lib_build/xmc4_scu.o
                0x00000000080013e8                XMC_SCU_TRAP_ClearStatus
 .text.XMC_SCU_PARITY_ClearStatus
                0x0000000008001408       0x24 lib_build/xmc4_scu.o
                0x0000000008001408                XMC_SCU_PARITY_ClearStatus
 .text.XMC_SCU_PARITY_GetStatus
                0x000000000800142c       0x18 lib_build/xmc4_scu.o
                0x000000000800142c                XMC_SCU_PARITY_GetStatus
 .text.XMC_SCU_PARITY_Enable
                0x0000000008001444       0x24 lib_build/xmc4_scu.o
                0x0000000008001444                XMC_SCU_PARITY_Enable
 .text.XMC_SCU_PARITY_Disable
                0x0000000008001468       0x28 lib_build/xmc4_scu.o
                0x0000000008001468                XMC_SCU_PARITY_Disable
 .text.XMC_SCU_PARITY_EnableTrapGeneration
                0x0000000008001490       0x24 lib_build/xmc4_scu.o
                0x0000000008001490                XMC_SCU_PARITY_EnableTrapGeneration
 .text.XMC_SCU_PARITY_DisableTrapGeneration
                0x00000000080014b4       0x28 lib_build/xmc4_scu.o
                0x00000000080014b4                XMC_SCU_PARITY_DisableTrapGeneration
 .text.XMC_SCU_INTERRUPT_EnableNmiRequest
                0x00000000080014dc       0x24 lib_build/xmc4_scu.o
                0x00000000080014dc                XMC_SCU_INTERRUPT_EnableNmiRequest
 .text.XMC_SCU_INTERRUPT_DisableNmiRequest
                0x0000000008001500       0x28 lib_build/xmc4_scu.o
                0x0000000008001500                XMC_SCU_INTERRUPT_DisableNmiRequest
 .text.XMC_SCU_RESET_AssertPeripheralReset
                0x0000000008001528       0x3c lib_build/xmc4_scu.o
                0x0000000008001528                XMC_SCU_RESET_AssertPeripheralReset
 .text.XMC_SCU_RESET_DeassertPeripheralReset
                0x0000000008001564       0x3c lib_build/xmc4_scu.o
                0x0000000008001564                XMC_SCU_RESET_DeassertPeripheralReset
 .text.XMC_SCU_RESET_IsPeripheralResetAsserted
                0x00000000080015a0       0x48 lib_build/xmc4_scu.o
                0x00000000080015a0                XMC_SCU_RESET_IsPeripheralResetAsserted
 .text.XMC_SCU_CLOCK_GetSystemPllClockFrequency
                0x00000000080015e8       0x7c lib_build/xmc4_scu.o
                0x00000000080015e8                XMC_SCU_CLOCK_GetSystemPllClockFrequency
 .text.XMC_SCU_CLOCK_GetSystemPllClockSourceFrequency
                0x0000000008001664       0x30 lib_build/xmc4_scu.o
                0x0000000008001664                XMC_SCU_CLOCK_GetSystemPllClockSourceFrequency
 .text.XMC_SCU_CLOCK_GetUsbPllClockFrequency
                0x0000000008001694       0x54 lib_build/xmc4_scu.o
                0x0000000008001694                XMC_SCU_CLOCK_GetUsbPllClockFrequency
 .text.XMC_SCU_CLOCK_GetCcuClockFrequency
                0x00000000080016e8       0x2c lib_build/xmc4_scu.o
                0x00000000080016e8                XMC_SCU_CLOCK_GetCcuClockFrequency
 .text.XMC_SCU_CLOCK_GetUsbClockFrequency
                0x0000000008001714       0x48 lib_build/xmc4_scu.o
                0x0000000008001714                XMC_SCU_CLOCK_GetUsbClockFrequency
 .text.XMC_SCU_CLOCK_GetEbuClockFrequency
                0x000000000800175c       0x28 lib_build/xmc4_scu.o
                0x000000000800175c                XMC_SCU_CLOCK_GetEbuClockFrequency
 .text.XMC_SCU_CLOCK_GetWdtClockFrequency
                0x0000000008001784       0x58 lib_build/xmc4_scu.o
                0x0000000008001784                XMC_SCU_CLOCK_GetWdtClockFrequency
 .text.XMC_SCU_CLOCK_GetExternalOutputClockFrequency
                0x00000000080017dc       0x70 lib_build/xmc4_scu.o
                0x00000000080017dc                XMC_SCU_CLOCK_GetExternalOutputClockFrequency
 .text.XMC_SCU_CLOCK_GetPeripheralClockFrequency
                0x000000000800184c       0x20 lib_build/xmc4_scu.o
                0x000000000800184c                XMC_SCU_CLOCK_GetPeripheralClockFrequency
 .text.XMC_SCU_CLOCK_SetSystemClockSource
                0x000000000800186c       0x28 lib_build/xmc4_scu.o
                0x000000000800186c                XMC_SCU_CLOCK_SetSystemClockSource
 .text.XMC_SCU_CLOCK_SetUsbClockSource
                0x0000000008001894       0x28 lib_build/xmc4_scu.o
                0x0000000008001894                XMC_SCU_CLOCK_SetUsbClockSource
 .text.XMC_SCU_CLOCK_SetWdtClockSource
                0x00000000080018bc       0x28 lib_build/xmc4_scu.o
                0x00000000080018bc                XMC_SCU_CLOCK_SetWdtClockSource
 .text.XMC_SCU_CLOCK_SetExternalOutputClockSource
                0x00000000080018e4       0x2c lib_build/xmc4_scu.o
                0x00000000080018e4                XMC_SCU_CLOCK_SetExternalOutputClockSource
 .text.XMC_SCU_CLOCK_SetSystemPllClockSource
                0x0000000008001910       0x44 lib_build/xmc4_scu.o
                0x0000000008001910                XMC_SCU_CLOCK_SetSystemPllClockSource
 .text.XMC_SCU_HIB_SetRtcClockSource
                0x0000000008001954       0x40 lib_build/xmc4_scu.o
                0x0000000008001954                XMC_SCU_HIB_SetRtcClockSource
 .text.XMC_SCU_HIB_SetStandbyClockSource
                0x0000000008001994       0x40 lib_build/xmc4_scu.o
                0x0000000008001994                XMC_SCU_HIB_SetStandbyClockSource
 .text.XMC_SCU_CLOCK_SetSystemClockDivider
                0x00000000080019d4       0x2c lib_build/xmc4_scu.o
                0x00000000080019d4                XMC_SCU_CLOCK_SetSystemClockDivider
 .text.XMC_SCU_CLOCK_SetCcuClockDivider
                0x0000000008001a00       0x2c lib_build/xmc4_scu.o
                0x0000000008001a00                XMC_SCU_CLOCK_SetCcuClockDivider
 .text.XMC_SCU_CLOCK_SetCpuClockDivider
                0x0000000008001a2c       0x2c lib_build/xmc4_scu.o
                0x0000000008001a2c                XMC_SCU_CLOCK_SetCpuClockDivider
 .text.XMC_SCU_CLOCK_SetPeripheralClockDivider
                0x0000000008001a58       0x2c lib_build/xmc4_scu.o
                0x0000000008001a58                XMC_SCU_CLOCK_SetPeripheralClockDivider
 .text.XMC_SCU_CLOCK_SetUsbClockDivider
                0x0000000008001a84       0x2c lib_build/xmc4_scu.o
                0x0000000008001a84                XMC_SCU_CLOCK_SetUsbClockDivider
 .text.XMC_SCU_CLOCK_SetEbuClockDivider
                0x0000000008001ab0       0x2c lib_build/xmc4_scu.o
                0x0000000008001ab0                XMC_SCU_CLOCK_SetEbuClockDivider
 .text.XMC_SCU_CLOCK_SetWdtClockDivider
                0x0000000008001adc       0x2c lib_build/xmc4_scu.o
                0x0000000008001adc                XMC_SCU_CLOCK_SetWdtClockDivider
 .text.XMC_SCU_CLOCK_SetExternalOutputClockDivider
                0x0000000008001b08       0x30 lib_build/xmc4_scu.o
                0x0000000008001b08                XMC_SCU_CLOCK_SetExternalOutputClockDivider
 .text.XMC_SCU_CLOCK_EnableClock
                0x0000000008001b38       0x20 lib_build/xmc4_scu.o
                0x0000000008001b38                XMC_SCU_CLOCK_EnableClock
 .text.XMC_SCU_CLOCK_DisableClock
                0x0000000008001b58       0x20 lib_build/xmc4_scu.o
                0x0000000008001b58                XMC_SCU_CLOCK_DisableClock
 .text.XMC_SCU_CLOCK_IsClockEnabled
                0x0000000008001b78       0x2c lib_build/xmc4_scu.o
                0x0000000008001b78                XMC_SCU_CLOCK_IsClockEnabled
 .text.XMC_SCU_POWER_GetEVR13Voltage
                0x0000000008001ba4       0x30 lib_build/xmc4_scu.o
                0x0000000008001ba4                XMC_SCU_POWER_GetEVR13Voltage
 .text.XMC_SCU_POWER_GetEVR33Voltage
                0x0000000008001bd4       0x34 lib_build/xmc4_scu.o
                0x0000000008001bd4                XMC_SCU_POWER_GetEVR33Voltage
 .text.XMC_SCU_CLOCK_EnableUsbPll
                0x0000000008001c08       0x24 lib_build/xmc4_scu.o
                0x0000000008001c08                XMC_SCU_CLOCK_EnableUsbPll
 .text.XMC_SCU_CLOCK_DisableUsbPll
                0x0000000008001c2c       0x24 lib_build/xmc4_scu.o
                0x0000000008001c2c                XMC_SCU_CLOCK_DisableUsbPll
 .text.XMC_SCU_CLOCK_StartUsbPll
                0x0000000008001c50       0x78 lib_build/xmc4_scu.o
                0x0000000008001c50                XMC_SCU_CLOCK_StartUsbPll
 .text.XMC_SCU_CLOCK_StopUsbPll
                0x0000000008001cc8       0x1c lib_build/xmc4_scu.o
                0x0000000008001cc8                XMC_SCU_CLOCK_StopUsbPll
 .text.XMC_SCU_CLOCK_SetBackupClockCalibrationMode
                0x0000000008001ce4       0x4c lib_build/xmc4_scu.o
                0x0000000008001ce4                XMC_SCU_CLOCK_SetBackupClockCalibrationMode
 .text.XMC_SCU_POWER_EnableUsb
                0x0000000008001d30       0x1c lib_build/xmc4_scu.o
                0x0000000008001d30                XMC_SCU_POWER_EnableUsb
 .text.XMC_SCU_POWER_DisableUsb
                0x0000000008001d4c       0x1c lib_build/xmc4_scu.o
                0x0000000008001d4c                XMC_SCU_POWER_DisableUsb
 .text.XMC_SCU_CLOCK_IsUsbPllLocked
                0x0000000008001d68       0x24 lib_build/xmc4_scu.o
                0x0000000008001d68                XMC_SCU_CLOCK_IsUsbPllLocked
 .text.XMC_SCU_HIB_EnableHibernateDomain
                0x0000000008001d8c       0x58 lib_build/xmc4_scu.o
                0x0000000008001d8c                XMC_SCU_HIB_EnableHibernateDomain
 .text.XMC_SCU_HIB_DisableHibernateDomain
                0x0000000008001de4       0x24 lib_build/xmc4_scu.o
                0x0000000008001de4                XMC_SCU_HIB_DisableHibernateDomain
 .text.XMC_SCU_HIB_IsHibernateDomainEnabled
                0x0000000008001e08       0x3c lib_build/xmc4_scu.o
                0x0000000008001e08                XMC_SCU_HIB_IsHibernateDomainEnabled
 .text.XMC_SCU_HIB_EnableInternalSlowClock
                0x0000000008001e44       0x34 lib_build/xmc4_scu.o
                0x0000000008001e44                XMC_SCU_HIB_EnableInternalSlowClock
 .text.XMC_SCU_HIB_DisableInternalSlowClock
                0x0000000008001e78       0x34 lib_build/xmc4_scu.o
                0x0000000008001e78                XMC_SCU_HIB_DisableInternalSlowClock
 .text.XMC_SCU_HIB_ClearEventStatus
                0x0000000008001eac       0x34 lib_build/xmc4_scu.o
                0x0000000008001eac                XMC_SCU_HIB_ClearEventStatus
 .text.XMC_SCU_HIB_TriggerEvent
                0x0000000008001ee0       0x34 lib_build/xmc4_scu.o
                0x0000000008001ee0                XMC_SCU_HIB_TriggerEvent
 .text.XMC_SCU_HIB_EnableEvent
                0x0000000008001f14       0x38 lib_build/xmc4_scu.o
                0x0000000008001f14                XMC_SCU_HIB_EnableEvent
 .text.XMC_SCU_HIB_DisableEvent
                0x0000000008001f4c       0x3c lib_build/xmc4_scu.o
                0x0000000008001f4c                XMC_SCU_HIB_DisableEvent
 .text.XMC_SCU_HIB_EnterHibernateState
                0x0000000008001f88       0x34 lib_build/xmc4_scu.o
                0x0000000008001f88                XMC_SCU_HIB_EnterHibernateState
 .text.XMC_SCU_HIB_EnterHibernateStateEx
                0x0000000008001fbc       0x1c lib_build/xmc4_scu.o
                0x0000000008001fbc                XMC_SCU_HIB_EnterHibernateStateEx
 .text.XMC_SCU_HIB_SetWakeupTriggerInput
                0x0000000008001fd8       0x50 lib_build/xmc4_scu.o
                0x0000000008001fd8                XMC_SCU_HIB_SetWakeupTriggerInput
 .text.XMC_SCU_HIB_SetPinMode
                0x0000000008002028       0x54 lib_build/xmc4_scu.o
                0x0000000008002028                XMC_SCU_HIB_SetPinMode
 .text.XMC_SCU_HIB_SetPinOutputLevel
                0x000000000800207c       0x58 lib_build/xmc4_scu.o
                0x000000000800207c                XMC_SCU_HIB_SetPinOutputLevel
 .text.XMC_SCU_HIB_SetInput0
                0x00000000080020d4       0x50 lib_build/xmc4_scu.o
                0x00000000080020d4                XMC_SCU_HIB_SetInput0
 .text.XMC_SCU_HIB_SetSR0Input
                0x0000000008002124       0x40 lib_build/xmc4_scu.o
                0x0000000008002124                XMC_SCU_HIB_SetSR0Input
 .text.XMC_SCU_CLOCK_IsLowPowerOscillatorStable
                0x0000000008002164       0x24 lib_build/xmc4_scu.o
                0x0000000008002164                XMC_SCU_CLOCK_IsLowPowerOscillatorStable
 .text.XMC_SCU_CLOCK_EnableLowPowerOscillator
                0x0000000008002188       0x6c lib_build/xmc4_scu.o
                0x0000000008002188                XMC_SCU_CLOCK_EnableLowPowerOscillator
 .text.XMC_SCU_CLOCK_DisableLowPowerOscillator
                0x00000000080021f4       0x34 lib_build/xmc4_scu.o
                0x00000000080021f4                XMC_SCU_CLOCK_DisableLowPowerOscillator
 .text.XMC_SCU_CLOCK_EnableLowPowerOscillatorGeneralPurposeInput
                0x0000000008002228       0x34 lib_build/xmc4_scu.o
                0x0000000008002228                XMC_SCU_CLOCK_EnableLowPowerOscillatorGeneralPurposeInput
 .text.XMC_SCU_CLOCK_DisableLowPowerOscillatorGeneralPurposeInput
                0x000000000800225c       0x38 lib_build/xmc4_scu.o
                0x000000000800225c                XMC_SCU_CLOCK_DisableLowPowerOscillatorGeneralPurposeInput
 .text.XMC_SCU_CLOCK_GetLowPowerOscillatorGeneralPurposeInputStatus
                0x0000000008002294       0x1c lib_build/xmc4_scu.o
                0x0000000008002294                XMC_SCU_CLOCK_GetLowPowerOscillatorGeneralPurposeInputStatus
 .text.XMC_SCU_CLOCK_EnableHighPerformanceOscillator
                0x00000000080022b0       0x50 lib_build/xmc4_scu.o
                0x00000000080022b0                XMC_SCU_CLOCK_EnableHighPerformanceOscillator
 .text.XMC_SCU_CLOCK_IsHighPerformanceOscillatorStable
                0x0000000008002300       0x28 lib_build/xmc4_scu.o
                0x0000000008002300                XMC_SCU_CLOCK_IsHighPerformanceOscillatorStable
 .text.XMC_SCU_CLOCK_DisableHighPerformanceOscillator
                0x0000000008002328       0x20 lib_build/xmc4_scu.o
                0x0000000008002328                XMC_SCU_CLOCK_DisableHighPerformanceOscillator
 .text.XMC_SCU_CLOCK_EnableHighPerformanceOscillatorGeneralPurposeInput
                0x0000000008002348       0x20 lib_build/xmc4_scu.o
                0x0000000008002348                XMC_SCU_CLOCK_EnableHighPerformanceOscillatorGeneralPurposeInput
 .text.XMC_SCU_CLOCK_DisableHighPerformanceOscillatorGeneralPurposeInput
                0x0000000008002368       0x20 lib_build/xmc4_scu.o
                0x0000000008002368                XMC_SCU_CLOCK_DisableHighPerformanceOscillatorGeneralPurposeInput
 .text.XMC_SCU_CLOCK_GetHighPerformanceOscillatorGeneralPurposeInputStatus
                0x0000000008002388       0x1c lib_build/xmc4_scu.o
                0x0000000008002388                XMC_SCU_CLOCK_GetHighPerformanceOscillatorGeneralPurposeInputStatus
 .text.XMC_SCU_CLOCK_EnableSystemPll
                0x00000000080023a4       0x24 lib_build/xmc4_scu.o
                0x00000000080023a4                XMC_SCU_CLOCK_EnableSystemPll
 .text.XMC_SCU_CLOCK_DisableSystemPll
                0x00000000080023c8       0x24 lib_build/xmc4_scu.o
                0x00000000080023c8                XMC_SCU_CLOCK_DisableSystemPll
 .text.XMC_SCU_CLOCK_StartSystemPll
                0x00000000080023ec      0x178 lib_build/xmc4_scu.o
                0x00000000080023ec                XMC_SCU_CLOCK_StartSystemPll
 .text.XMC_SCU_CLOCK_StopSystemPll
                0x0000000008002564       0x20 lib_build/xmc4_scu.o
                0x0000000008002564                XMC_SCU_CLOCK_StopSystemPll
 .text.XMC_SCU_CLOCK_StepSystemPllFrequency
                0x0000000008002584       0x30 lib_build/xmc4_scu.o
                0x0000000008002584                XMC_SCU_CLOCK_StepSystemPllFrequency
 .text.XMC_SCU_CLOCK_IsSystemPllLocked
                0x00000000080025b4       0x24 lib_build/xmc4_scu.o
                0x00000000080025b4                XMC_SCU_CLOCK_IsSystemPllLocked
 .text.XMC_SCU_INTERRUPT_SetEventHandler
                0x00000000080025d8       0x58 lib_build/xmc4_scu.o
                0x00000000080025d8                XMC_SCU_INTERRUPT_SetEventHandler
 .text.XMC_SCU_IRQHandler
                0x0000000008002630       0x64 lib_build/xmc4_scu.o
                0x0000000008002630                XMC_SCU_IRQHandler
 .text          0x0000000008002694        0x0 lib_build/xmc_gpio.o
 .text.XMC_GPIO_SetMode
                0x0000000008002694       0x82 lib_build/xmc_gpio.o
                0x0000000008002694                XMC_GPIO_SetMode
 .text.XMC_GPIO_SetHardwareControl
                0x0000000008002716       0x46 lib_build/xmc_gpio.o
                0x0000000008002716                XMC_GPIO_SetHardwareControl
 .text          0x000000000800275c        0x0 lib_build/HIDClassDevice.o
 .text.HID_Device_ProcessControlRequest
                0x000000000800275c      0x3ec lib_build/HIDClassDevice.o
                0x000000000800275c                HID_Device_ProcessControlRequest
 .text.HID_Device_ConfigureEndpoints
                0x0000000008002b48       0x50 lib_build/HIDClassDevice.o
                0x0000000008002b48                HID_Device_ConfigureEndpoints
 .text.HID_Device_USBTask
                0x0000000008002b98      0x1bc lib_build/HIDClassDevice.o
                0x0000000008002b98                HID_Device_USBTask
 .text          0x0000000008002d54        0x0 lib_build/memcpy.o
 .text.thumb2_memcpy
                0x0000000008002d54       0x3e lib_build/memcpy.o
                0x0000000008002d54                thumb2_memcpy
 .text          0x0000000008002d92        0x0 lib_build/Endpoint_XMC4000.o
 *fill*         0x0000000008002d92        0x2 
 .text.__NVIC_EnableIRQ
                0x0000000008002d94       0x3c lib_build/Endpoint_XMC4000.o
 .text.__NVIC_DisableIRQ
                0x0000000008002dd0       0x48 lib_build/Endpoint_XMC4000.o
 .text.Endpoint_WaitUntilReady
                0x0000000008002e18      0x124 lib_build/Endpoint_XMC4000.o
                0x0000000008002e18                Endpoint_WaitUntilReady
 .text.Endpoint_ClearOUT
                0x0000000008002f3c       0x98 lib_build/Endpoint_XMC4000.o
                0x0000000008002f3c                Endpoint_ClearOUT
 .text.Endpoint_ClearIN
                0x0000000008002fd4       0xf0 lib_build/Endpoint_XMC4000.o
                0x0000000008002fd4                Endpoint_ClearIN
 .text.Endpoint_IsReadWriteAllowed
                0x00000000080030c4       0x64 lib_build/Endpoint_XMC4000.o
                0x00000000080030c4                Endpoint_IsReadWriteAllowed
 .text.Endpoint_Write_8
                0x0000000008003128       0x6c lib_build/Endpoint_XMC4000.o
                0x0000000008003128                Endpoint_Write_8
 .text.Endpoint_Read_8
                0x0000000008003194       0x70 lib_build/Endpoint_XMC4000.o
                0x0000000008003194                Endpoint_Read_8
 .text.Endpoint_Write_32_LE
                0x0000000008003204       0x6c lib_build/Endpoint_XMC4000.o
                0x0000000008003204                Endpoint_Write_32_LE
 .text.Endpoint_Read_32_LE
                0x0000000008003270       0x70 lib_build/Endpoint_XMC4000.o
                0x0000000008003270                Endpoint_Read_32_LE
 .text.Endpoint_ConfigureEndpointTable
                0x00000000080032e0      0x150 lib_build/Endpoint_XMC4000.o
                0x00000000080032e0                Endpoint_ConfigureEndpointTable
 .text          0x0000000008003430        0x0 lib_build/EndpointStream_XMC4000.o
 .text.Endpoint_Write_Stream_LE
                0x0000000008003430      0x114 lib_build/EndpointStream_XMC4000.o
                0x0000000008003430                Endpoint_Write_Stream_LE
 .text.SwapCopy
                0x0000000008003544       0x46 lib_build/EndpointStream_XMC4000.o
                0x0000000008003544                SwapCopy
 *fill*         0x000000000800358a        0x2 
 .text.Endpoint_Write_Stream_BE
                0x000000000800358c       0xe8 lib_build/EndpointStream_XMC4000.o
                0x000000000800358c                Endpoint_Write_Stream_BE
 .text.Endpoint_Read_Stream_LE
                0x0000000008003674       0xf0 lib_build/EndpointStream_XMC4000.o
                0x0000000008003674                Endpoint_Read_Stream_LE
 .text.Endpoint_Read_Stream_BE
                0x0000000008003764       0xf0 lib_build/EndpointStream_XMC4000.o
                0x0000000008003764                Endpoint_Read_Stream_BE
 .text.Endpoint_Write_Control_Stream_LE
                0x0000000008003854       0x70 lib_build/EndpointStream_XMC4000.o
                0x0000000008003854                Endpoint_Write_Control_Stream_LE
 .text.Endpoint_Write_Control_Stream_BE
                0x00000000080038c4       0x20 lib_build/EndpointStream_XMC4000.o
                0x00000000080038c4                Endpoint_Write_Control_Stream_BE
 .text.Endpoint_Read_Control_Stream_LE
                0x00000000080038e4       0x68 lib_build/EndpointStream_XMC4000.o
                0x00000000080038e4                Endpoint_Read_Control_Stream_LE
 .text.Endpoint_Read_Control_Stream_BE
                0x000000000800394c       0x20 lib_build/EndpointStream_XMC4000.o
                0x000000000800394c                Endpoint_Read_Control_Stream_BE
 .text.Endpoint_Null_Stream
                0x000000000800396c       0xdc lib_build/EndpointStream_XMC4000.o
                0x000000000800396c                Endpoint_Null_Stream
 .text          0x0000000008003a48        0x0 lib_build/USBController_XMC4000.o
 .text.USBD_HandleEP0_Stall
                0x0000000008003a48       0x2c lib_build/USBController_XMC4000.o
                0x0000000008003a48                USBD_HandleEP0_Stall
 .text.USB_Device_ProcessControlRequest
                0x0000000008003a74      0x43c lib_build/USBController_XMC4000.o
                0x0000000008003a74                USB_Device_ProcessControlRequest
 .text.USBD_HandleEP0_IN
                0x0000000008003eb0       0x4c lib_build/USBController_XMC4000.o
                0x0000000008003eb0                USBD_HandleEP0_IN
 .text.USBD_HandleEP0_OUT
                0x0000000008003efc       0x54 lib_build/USBController_XMC4000.o
                0x0000000008003efc                USBD_HandleEP0_OUT
 .text.USBD_HandleEP0_SETUP
                0x0000000008003f50       0x94 lib_build/USBController_XMC4000.o
                0x0000000008003f50                USBD_HandleEP0_SETUP
 .text.USBD_SignalDeviceEventHandler
                0x0000000008003fe4      0x228 lib_build/USBController_XMC4000.o
                0x0000000008003fe4                USBD_SignalDeviceEventHandler
 .text.USBD_SignalEndpointEvent_Handler
                0x000000000800420c      0x1a0 lib_build/USBController_XMC4000.o
                0x000000000800420c                USBD_SignalEndpointEvent_Handler
 .text.USBD_Initialize
                0x00000000080043ac       0xcc lib_build/USBController_XMC4000.o
                0x00000000080043ac                USBD_Initialize
 .text.USB_IsEnumDone
                0x0000000008004478       0x20 lib_build/USBController_XMC4000.o
                0x0000000008004478                USB_IsEnumDone
 .text.USBD_SetEndpointBuffer
                0x0000000008004498       0x7c lib_build/USBController_XMC4000.o
                0x0000000008004498                USBD_SetEndpointBuffer
 .text          0x0000000008004514        0x0 lib_build/xmc_usbd.o
 .text.XMC_USBD_lDeviceActive
                0x0000000008004514       0x68 lib_build/xmc_usbd.o
                0x0000000008004514                XMC_USBD_lDeviceActive
 .text.XMC_USBD_lReadFifo
                0x000000000800457c       0xe8 lib_build/xmc_usbd.o
 .text.XMC_USBD_lWriteFifo
                0x0000000008004664       0xa4 lib_build/xmc_usbd.o
 .text.XMC_USBD_lFlushTXFifo
                0x0000000008004708       0x80 lib_build/xmc_usbd.o
 .text.XMC_USBD_lFlushRXFifo
                0x0000000008004788       0x6c lib_build/xmc_usbd.o
 .text.XMC_USBD_lAssignTXFifo
                0x00000000080047f4       0x70 lib_build/xmc_usbd.o
 .text.XMC_USBD_lUnassignFifo
                0x0000000008004864       0x38 lib_build/xmc_usbd.o
 .text.XMC_USBD_lStartReadXfer
                0x000000000800489c      0x178 lib_build/xmc_usbd.o
 .text.XMC_USBD_lStartWriteXfer
                0x0000000008004a14      0x198 lib_build/xmc_usbd.o
 .text.XMC_USBD_lHandleUSBReset
                0x0000000008004bac      0x150 lib_build/xmc_usbd.o
 .text.XMC_USBD_lHandleOTGInt
                0x0000000008004cfc       0x48 lib_build/xmc_usbd.o
 .text.XMC_USBD_lHandleEnumDone
                0x0000000008004d44       0x78 lib_build/xmc_usbd.o
 .text.XMC_USBD_lHandleOEPInt
                0x0000000008004dbc      0x1b4 lib_build/xmc_usbd.o
 .text.XMC_USBD_lHandleIEPInt
                0x0000000008004f70      0x1bc lib_build/xmc_usbd.o
 .text.XMC_USBD_lHandleRxFLvl
                0x000000000800512c       0x84 lib_build/xmc_usbd.o
 .text.XMC_USBD_IRQHandler
                0x00000000080051b0      0x150 lib_build/xmc_usbd.o
                0x00000000080051b0                XMC_USBD_IRQHandler
 .text.XMC_USBD_Enable
                0x0000000008005300       0x18 lib_build/xmc_usbd.o
                0x0000000008005300                XMC_USBD_Enable
 .text.XMC_USBD_Disable
                0x0000000008005318       0x18 lib_build/xmc_usbd.o
                0x0000000008005318                XMC_USBD_Disable
 .text.XMC_USBD_ClearEvent
                0x0000000008005330       0xcc lib_build/xmc_usbd.o
                0x0000000008005330                XMC_USBD_ClearEvent
 .text.XMC_USBD_lClearEventOTG
                0x00000000080053fc       0x2c lib_build/xmc_usbd.o
 .text.XMC_USBD_ClearEventINEP
                0x0000000008005428       0x30 lib_build/xmc_usbd.o
                0x0000000008005428                XMC_USBD_ClearEventINEP
 .text.XMC_USBD_ClearEventOUTEP
                0x0000000008005458       0x30 lib_build/xmc_usbd.o
                0x0000000008005458                XMC_USBD_ClearEventOUTEP
 .text.XMC_USBD_EnableEventOUTEP
                0x0000000008005488       0x30 lib_build/xmc_usbd.o
                0x0000000008005488                XMC_USBD_EnableEventOUTEP
 .text.XMC_USBD_EnableEventINEP
                0x00000000080054b8       0x30 lib_build/xmc_usbd.o
                0x00000000080054b8                XMC_USBD_EnableEventINEP
 .text.XMC_USBD_GetCapabilities
                0x00000000080054e8       0x68 lib_build/xmc_usbd.o
                0x00000000080054e8                XMC_USBD_GetCapabilities
 .text.XMC_USBD_Init
                0x0000000008005550      0x23c lib_build/xmc_usbd.o
                0x0000000008005550                XMC_USBD_Init
 .text.XMC_USBD_Uninitialize
                0x000000000800578c       0x3c lib_build/xmc_usbd.o
                0x000000000800578c                XMC_USBD_Uninitialize
 .text.XMC_USBD_DeviceConnect
                0x00000000080057c8       0x34 lib_build/xmc_usbd.o
                0x00000000080057c8                XMC_USBD_DeviceConnect
 .text.XMC_USBD_DeviceDisconnect
                0x00000000080057fc       0x34 lib_build/xmc_usbd.o
                0x00000000080057fc                XMC_USBD_DeviceDisconnect
 .text.XMC_USBD_DeviceGetState
                0x0000000008005830       0x64 lib_build/xmc_usbd.o
                0x0000000008005830                XMC_USBD_DeviceGetState
 .text.XMC_USBD_EndpointReadStart
                0x0000000008005894       0x88 lib_build/xmc_usbd.o
                0x0000000008005894                XMC_USBD_EndpointReadStart
 .text.XMC_USBD_EndpointRead
                0x000000000800591c       0x78 lib_build/xmc_usbd.o
                0x000000000800591c                XMC_USBD_EndpointRead
 .text.XMC_USBD_EndpointWrite
                0x0000000008005994       0xa4 lib_build/xmc_usbd.o
                0x0000000008005994                XMC_USBD_EndpointWrite
 .text.XMC_USBD_DeviceSetAddress
                0x0000000008005a38       0x4c lib_build/xmc_usbd.o
                0x0000000008005a38                XMC_USBD_DeviceSetAddress
 .text.XMC_USBD_EndpointStall
                0x0000000008005a84      0x14c lib_build/xmc_usbd.o
                0x0000000008005a84                XMC_USBD_EndpointStall
 .text.XMC_USBD_EndpointAbort
                0x0000000008005bd0       0x88 lib_build/xmc_usbd.o
                0x0000000008005bd0                XMC_USBD_EndpointAbort
 .text.XMC_USBD_EndpointConfigure
                0x0000000008005c58      0x2f8 lib_build/xmc_usbd.o
                0x0000000008005c58                XMC_USBD_EndpointConfigure
 .text.XMC_USBD_EndpointUnconfigure
                0x0000000008005f50      0x170 lib_build/xmc_usbd.o
                0x0000000008005f50                XMC_USBD_EndpointUnconfigure
 .text.XMC_USBD_GetFrameNumber
                0x00000000080060c0       0x2c lib_build/xmc_usbd.o
                0x00000000080060c0                XMC_USBD_GetFrameNumber
 .text.XMC_USBD_IsEnumDone
                0x00000000080060ec       0x38 lib_build/xmc_usbd.o
                0x00000000080060ec                XMC_USBD_IsEnumDone
 .text          0x0000000008006124        0x0 lib_build/ConfigDescriptors.o
 .text.USB_GetNextDescriptor
                0x0000000008006124       0x4c lib_build/ConfigDescriptors.o
 .text.USB_GetNextDescriptorOfType
                0x0000000008006170       0x36 lib_build/ConfigDescriptors.o
                0x0000000008006170                USB_GetNextDescriptorOfType
 .text.USB_GetNextDescriptorOfTypeBefore
                0x00000000080061a6       0x52 lib_build/ConfigDescriptors.o
                0x00000000080061a6                USB_GetNextDescriptorOfTypeBefore
 .text.USB_GetNextDescriptorOfTypeAfter
                0x00000000080061f8       0x3e lib_build/ConfigDescriptors.o
                0x00000000080061f8                USB_GetNextDescriptorOfTypeAfter
 .text.USB_GetNextDescriptorComp
                0x0000000008006236       0x5e lib_build/ConfigDescriptors.o
                0x0000000008006236                USB_GetNextDescriptorComp
 .text          0x0000000008006294        0x0 lib_build/HostStandardReq.o
 .text          0x0000000008006294        0x0 lib_build/USBTask.o
 .text.USB_USBTask
                0x0000000008006294        0xc lib_build/USBTask.o
                0x0000000008006294                USB_USBTask
 .text.USB_DeviceTask
                0x00000000080062a0       0x84 lib_build/USBTask.o
 .text          0x0000000008006324        0x0 lib_build/Events.o
 .text.USB_Event_Stub
                0x0000000008006324        0xe lib_build/Events.o
                0x0000000008006324                EVENT_USB_Device_WakeUp
                0x0000000008006324                USB_Event_Stub
                0x0000000008006324                EVENT_USB_Device_Suspend
                0x0000000008006324                EVENT_USB_Device_StartOfFrame
                0x0000000008006324                EVENT_USB_Device_Disconnect
 .text          0x0000000008006332        0x0 lib_build/startup_XMC4500.o
 .text          0x0000000008006332        0x0 lib_build/system_XMC4500.o
 .text.delay    0x0000000008006332       0x2c lib_build/system_XMC4500.o
 *fill*         0x000000000800635e        0x2 
 .text.SystemInit
                0x0000000008006360       0x24 lib_build/system_XMC4500.o
                0x0000000008006360                SystemInit
 .text.SystemCoreSetup
                0x0000000008006384       0x74 lib_build/system_XMC4500.o
                0x0000000008006384                SystemCoreSetup
 .text.SystemCoreClockSetup
                0x00000000080063f8      0x208 lib_build/system_XMC4500.o
 .text.SystemCoreClockUpdate
                0x0000000008006600       0xd4 lib_build/system_XMC4500.o
                0x0000000008006600                SystemCoreClockUpdate
 .text.OSCHP_GetFrequency
                0x00000000080066d4       0x14 lib_build/system_XMC4500.o
                0x00000000080066d4                OSCHP_GetFrequency
 .text          0x00000000080066e8        0x0 lib_build/syscalls.o
 .text._sbrk    0x00000000080066e8       0x68 lib_build/syscalls.o
                0x00000000080066e8                _sbrk
 .text._init    0x0000000008006750        0xe lib_build/syscalls.o
                0x0000000008006750                _init
 .text          0x000000000800675e        0x0 /nas/ei/share/tools/gcc/gcc-arm/gcc-arm-none-eabi-10.3-2021.10/bin/../lib/gcc/arm-none-eabi/10.3.1/../../../../arm-none-eabi/lib/thumb/v7e-m/nofp/libg.a(lib_a-errno.o)
 *fill*         0x000000000800675e        0x2 
 .text.__errno  0x0000000008006760        0xc /nas/ei/share/tools/gcc/gcc-arm/gcc-arm-none-eabi-10.3-2021.10/bin/../lib/gcc/arm-none-eabi/10.3.1/../../../../arm-none-eabi/lib/thumb/v7e-m/nofp/libg.a(lib_a-errno.o)
                0x0000000008006760                __errno
 .text          0x000000000800676c        0x0 /nas/ei/share/tools/gcc/gcc-arm/gcc-arm-none-eabi-10.3-2021.10/bin/../lib/gcc/arm-none-eabi/10.3.1/../../../../arm-none-eabi/lib/thumb/v7e-m/nofp/libg.a(lib_a-impure.o)
 .text          0x000000000800676c        0x0 /nas/ei/share/tools/gcc/gcc-arm/gcc-arm-none-eabi-10.3-2021.10/bin/../lib/gcc/arm-none-eabi/10.3.1/../../../../arm-none-eabi/lib/thumb/v7e-m/nofp/libg.a(lib_a-init.o)
 .text.__libc_init_array
                0x000000000800676c       0x48 /nas/ei/share/tools/gcc/gcc-arm/gcc-arm-none-eabi-10.3-2021.10/bin/../lib/gcc/arm-none-eabi/10.3.1/../../../../arm-none-eabi/lib/thumb/v7e-m/nofp/libg.a(lib_a-init.o)
                0x000000000800676c                __libc_init_array
 .text          0x00000000080067b4        0x0 /nas/ei/share/tools/gcc/gcc-arm/gcc-arm-none-eabi-10.3-2021.10/bin/../lib/gcc/arm-none-eabi/10.3.1/../../../../arm-none-eabi/lib/thumb/v7e-m/nofp/libg.a(lib_a-memcmp.o)
 .text.memcmp   0x00000000080067b4       0x68 /nas/ei/share/tools/gcc/gcc-arm/gcc-arm-none-eabi-10.3-2021.10/bin/../lib/gcc/arm-none-eabi/10.3.1/../../../../arm-none-eabi/lib/thumb/v7e-m/nofp/libg.a(lib_a-memcmp.o)
                0x00000000080067b4                memcmp
 .text          0x000000000800681c      0x134 /nas/ei/share/tools/gcc/gcc-arm/gcc-arm-none-eabi-10.3-2021.10/bin/../lib/gcc/arm-none-eabi/10.3.1/../../../../arm-none-eabi/lib/thumb/v7e-m/nofp/libg.a(lib_a-memcpy.o)
                0x000000000800681c                memcpy
 .text          0x0000000008006950        0x0 /nas/ei/share/tools/gcc/gcc-arm/gcc-arm-none-eabi-10.3-2021.10/bin/../lib/gcc/arm-none-eabi/10.3.1/../../../../arm-none-eabi/lib/thumb/v7e-m/nofp/libg.a(lib_a-memset.o)
 .text.memset   0x0000000008006950       0xa4 /nas/ei/share/tools/gcc/gcc-arm/gcc-arm-none-eabi-10.3-2021.10/bin/../lib/gcc/arm-none-eabi/10.3.1/../../../../arm-none-eabi/lib/thumb/v7e-m/nofp/libg.a(lib_a-memset.o)
                0x0000000008006950                memset
 *(.init)
 *(.fini)
 *crtbegin.o(.ctors)
 *crtbegin?.o(.ctors)
 *(EXCLUDE_FILE(*crtend.o *crtend?.o) .ctors)
 *(SORT_BY_NAME(.ctors.*))
 *(.ctors)
 *crtbegin.o(.dtors)
 *crtbegin?.o(.dtors)
 *(EXCLUDE_FILE(*crtend.o *crtend?.o) .dtors)
 *(SORT_BY_NAME(.dtors.*))
 *(.dtors)
 *(.rodata .rodata.*)
 .rodata        0x00000000080069f4       0x14 build/main.o
                0x00000000080069f4                clock_config
 .rodata        0x0000000008006a08      0x11e build/Descriptors.o
                0x0000000008006a08                KeyboardReport
                0x0000000008006a48                DeviceDescriptor
                0x0000000008006a5c                ConfigurationDescriptor
                0x0000000008006a80                LanguageString
                0x0000000008006a88                ManufacturerString
                0x0000000008006adc                ProductString
 *fill*         0x0000000008006b26        0x2 
 .rodata        0x0000000008006b28       0x40 lib_build/xmc_usbd.o
                0x0000000008006b28                Driver_USBD0
 .rodata._global_impure_ptr
                0x0000000008006b68        0x4 /nas/ei/share/tools/gcc/gcc-arm/gcc-arm-none-eabi-10.3-2021.10/bin/../lib/gcc/arm-none-eabi/10.3.1/../../../../arm-none-eabi/lib/thumb/v7e-m/nofp/libg.a(lib_a-impure.o)
                0x0000000008006b68                _global_impure_ptr
 *(.gnu.linkonce.r*)
 *(vtable)
                0x0000000008006b6c                . = ALIGN (0x4)

.glue_7         0x0000000008006b6c        0x0 load address 0x000000000c006b6c
 .glue_7        0x0000000008006b6c        0x0 linker stubs

.glue_7t        0x0000000008006b6c        0x0 load address 0x000000000c006b6c
 .glue_7t       0x0000000008006b6c        0x0 linker stubs

.vfp11_veneer   0x0000000008006b6c        0x0 load address 0x000000000c006b6c
 .vfp11_veneer  0x0000000008006b6c        0x0 linker stubs

.v4_bx          0x0000000008006b6c        0x0 load address 0x000000000c006b6c
 .v4_bx         0x0000000008006b6c        0x0 linker stubs

.iplt           0x0000000008006b6c        0x0 load address 0x000000000c006b6c
 .iplt          0x0000000008006b6c        0x0 build/main.o

.rel.dyn        0x0000000008006b6c        0x0 load address 0x000000000c006b6c
 .rel.iplt      0x0000000008006b6c        0x0 build/main.o

.eh_frame_hdr
 *(.eh_frame_hdr)

.eh_frame
 *(.eh_frame)

.ARM.extab
 *(.ARM.extab* .gnu.linkonce.armextab.*)
                0x0000000008006b6c                . = ALIGN (0x4)
                0x0000000008006b6c                __exidx_start = .

.ARM.exidx
 *(.ARM.exidx* .gnu.linkonce.armexidx.*)
                0x0000000008006b6c                __exidx_end = .
                0x0000000008006b6c                . = ALIGN (0x4)

Stack           0x0000000010000000      0x800
                0x0000000010000000                __stack_start = .
                0x0000000010000800                . = (. + stack_size)
 *fill*         0x0000000010000000      0x800 
                0x0000000010000800                __stack_end = .
                0x0000000010000800                __initial_sp = .

.ram_code       0x0000000010000800        0x0 load address 0x000000000c006b6c
                0x0000000010000800                . = ALIGN (0x4)
                0x0000000010000800                __ram_code_start = .
 *(.ram_code)
                0x0000000010000800                . = ALIGN (0x4)
                0x0000000010000800                __ram_code_end = .
                0x000000000c006b6c                __ram_code_load = LOADADDR (.ram_code)
                0x0000000000000000                __ram_code_size = (__ram_code_end - __ram_code_start)

PSRAM_DATA      0x0000000010000800        0x0 load address 0x000000000c006b6c
                0x0000000010000800                . = ALIGN (0x4)
                0x0000000010000800                __data3_start = .
 *(PSRAM_DATA)
                0x0000000010000800                . = ALIGN (0x4)
                0x0000000010000800                __data3_end = .
                0x000000000c006b6c                __data3_load = LOADADDR (PSRAM_DATA)
                0x0000000000000000                __data3_size = (__data3_end - __data3_start)

PSRAM_BSS       0x0000000010000800        0x0 load address 0x000000000c006b6c
                0x0000000010000800                . = ALIGN (0x4)
                0x0000000010000800                __bss3_start = .
 *(PSRAM_BSS)
                0x0000000010000800                . = ALIGN (0x4)
                0x0000000010000800                __bss3_end = .
                0x0000000010000800                . = ALIGN (0x8)
                0x0000000010000800                Heap_Bank3_Start = .
                0x0000000000000000                __bss3_size = (__bss3_end - __bss3_start)

.data           0x0000000020000000      0x710 load address 0x000000000c006b6c
                0x0000000020000000                . = ALIGN (0x4)
                0x0000000020000000                __data_start = .
 *(.data)
 .data          0x0000000020000000      0x2bb build/main.o
                0x0000000020000000                G_ENTER
                0x0000000020000008                G_SPACE
                0x0000000020000010                G_QUOTE
                0x0000000020000018                G_CHARAC_ARR
                0x00000000200002b8                G_CALLBACK_STATE
                0x00000000200002b9                G_isNUMon
                0x00000000200002ba                G_hasNumOff
 *fill*         0x00000000200002bb        0x1 
 .data          0x00000000200002bc       0x28 build/KeyboardHID.o
                0x00000000200002bc                Keyboard_HID_Interface
                0x00000000200002d4                USB_runtime
 .data          0x00000000200002e4        0x0 build/Descriptors.o
 .data          0x00000000200002e4        0x0 lib_build/xmc4_scu.o
 .data          0x00000000200002e4        0x0 lib_build/xmc_gpio.o
 .data          0x00000000200002e4        0x0 lib_build/HIDClassDevice.o
 .data          0x00000000200002e4        0x0 lib_build/memcpy.o
 .data          0x00000000200002e4        0x0 lib_build/Endpoint_XMC4000.o
 .data          0x00000000200002e4        0x0 lib_build/EndpointStream_XMC4000.o
 .data          0x00000000200002e4        0x0 lib_build/USBController_XMC4000.o
 .data          0x00000000200002e4        0x0 lib_build/xmc_usbd.o
 .data          0x00000000200002e4        0x0 lib_build/ConfigDescriptors.o
 .data          0x00000000200002e4        0x0 lib_build/HostStandardReq.o
 .data          0x00000000200002e4        0x0 lib_build/USBTask.o
 .data          0x00000000200002e4        0x0 lib_build/Events.o
 .data          0x00000000200002e4        0x0 lib_build/startup_XMC4500.o
 .data          0x00000000200002e4        0x0 lib_build/system_XMC4500.o
 .data          0x00000000200002e4        0x0 lib_build/syscalls.o
 .data          0x00000000200002e4        0x0 /nas/ei/share/tools/gcc/gcc-arm/gcc-arm-none-eabi-10.3-2021.10/bin/../lib/gcc/arm-none-eabi/10.3.1/../../../../arm-none-eabi/lib/thumb/v7e-m/nofp/libg.a(lib_a-errno.o)
 .data          0x00000000200002e4        0x0 /nas/ei/share/tools/gcc/gcc-arm/gcc-arm-none-eabi-10.3-2021.10/bin/../lib/gcc/arm-none-eabi/10.3.1/../../../../arm-none-eabi/lib/thumb/v7e-m/nofp/libg.a(lib_a-impure.o)
 .data          0x00000000200002e4        0x0 /nas/ei/share/tools/gcc/gcc-arm/gcc-arm-none-eabi-10.3-2021.10/bin/../lib/gcc/arm-none-eabi/10.3.1/../../../../arm-none-eabi/lib/thumb/v7e-m/nofp/libg.a(lib_a-init.o)
 .data          0x00000000200002e4        0x0 /nas/ei/share/tools/gcc/gcc-arm/gcc-arm-none-eabi-10.3-2021.10/bin/../lib/gcc/arm-none-eabi/10.3.1/../../../../arm-none-eabi/lib/thumb/v7e-m/nofp/libg.a(lib_a-memcmp.o)
 .data          0x00000000200002e4        0x0 /nas/ei/share/tools/gcc/gcc-arm/gcc-arm-none-eabi-10.3-2021.10/bin/../lib/gcc/arm-none-eabi/10.3.1/../../../../arm-none-eabi/lib/thumb/v7e-m/nofp/libg.a(lib_a-memcpy.o)
 .data          0x00000000200002e4        0x0 /nas/ei/share/tools/gcc/gcc-arm/gcc-arm-none-eabi-10.3-2021.10/bin/../lib/gcc/arm-none-eabi/10.3.1/../../../../arm-none-eabi/lib/thumb/v7e-m/nofp/libg.a(lib_a-memset.o)
 *(.data*)
 .data._impure_ptr
                0x00000000200002e4        0x4 /nas/ei/share/tools/gcc/gcc-arm/gcc-arm-none-eabi-10.3-2021.10/bin/../lib/gcc/arm-none-eabi/10.3.1/../../../../arm-none-eabi/lib/thumb/v7e-m/nofp/libg.a(lib_a-impure.o)
                0x00000000200002e4                _impure_ptr
 .data.impure_data
                0x00000000200002e8      0x428 /nas/ei/share/tools/gcc/gcc-arm/gcc-arm-none-eabi-10.3-2021.10/bin/../lib/gcc/arm-none-eabi/10.3.1/../../../../arm-none-eabi/lib/thumb/v7e-m/nofp/libg.a(lib_a-impure.o)
 *(*.data)
 *(.gnu.linkonce.d*)
                0x0000000020000710                . = ALIGN (0x4)
                0x0000000020000710                PROVIDE (__preinit_array_start = .)
 *(.preinit_array)
                0x0000000020000710                PROVIDE (__preinit_array_end = .)
                0x0000000020000710                . = ALIGN (0x4)
                0x0000000020000710                PROVIDE (__init_array_start = .)
 *(SORT_BY_NAME(.init_array.*))
 *(.init_array)
                0x0000000020000710                PROVIDE (__init_array_end = .)
                0x0000000020000710                . = ALIGN (0x4)
                [!provide]                        PROVIDE (__fini_array_start = .)
 *(SORT_BY_NAME(.fini_array.*))
 *(.fini_array)
                [!provide]                        PROVIDE (__fini_array_end = .)
                0x0000000020000710                . = ALIGN (0x4)
                0x0000000020000710                __data_end = .
                0x000000000c006b6c                __data_load = LOADADDR (.data)
                0x0000000000000710                __data_size = (__data_end - __data_start)

.igot.plt       0x0000000020000710        0x0 load address 0x000000000c00727c
 .igot.plt      0x0000000020000710        0x0 build/main.o

.bss            0x0000000020000710      0xa40 load address 0x000000000c00727c
                0x0000000020000710                . = ALIGN (0x4)
                0x0000000020000710                __bss_start = .
 *(.bss)
 .bss           0x0000000020000710      0x40b build/main.o
                0x0000000020000710                SysTickCounter
                0x0000000020000714                SysTickOld
                0x0000000020000718                SysTickNew
                0x000000002000071c                G_time_1substage
                0x000000002000086c                G_indSubStage
                0x0000000020000870                G_indxBINGO
                0x0000000020000874                G_Password_Arr
                0x0000000020000b14                G_numCharacter
                0x0000000020000b15                G_IsSuccessful
                0x0000000020000b16                G_isCAPon
                0x0000000020000b17                G_FailTime
 *fill*         0x0000000020000b1b        0x1 
 .bss           0x0000000020000b1c       0x10 build/KeyboardHID.o
                0x0000000020000b24                buffer
 .bss           0x0000000020000b2c        0x0 build/Descriptors.o
 .bss           0x0000000020000b2c       0x80 lib_build/xmc4_scu.o
                0x0000000020000b2c                event_handler_list
 .bss           0x0000000020000bac        0x0 lib_build/xmc_gpio.o
 .bss           0x0000000020000bac        0x0 lib_build/HIDClassDevice.o
 .bss           0x0000000020000bac        0x0 lib_build/memcpy.o
 .bss           0x0000000020000bac        0x0 lib_build/Endpoint_XMC4000.o
 .bss           0x0000000020000bac        0x1 lib_build/EndpointStream_XMC4000.o
                0x0000000020000bac                zlp_flag
 *fill*         0x0000000020000bad        0x3 
 .bss           0x0000000020000bb0      0x340 lib_build/USBController_XMC4000.o
                0x0000000020000bb0                device
                0x0000000020000cf0                endpoint0_in_buffer
                0x0000000020000df0                endpoint0_out_buffer
 .bss           0x0000000020000ef0      0x244 lib_build/xmc_usbd.o
                0x0000000020000ef0                XMC_USBD_EP_OUT_BUFFERSIZE
                0x0000000020000f0c                XMC_USBD_EP_IN_BUFFERSIZE
                0x0000000020000f28                xmc_device
                0x0000000020001130                usbd_init
 .bss           0x0000000020001134        0x0 lib_build/ConfigDescriptors.o
 .bss           0x0000000020001134        0x0 lib_build/HostStandardReq.o
 .bss           0x0000000020001134        0xd lib_build/USBTask.o
                0x0000000020001134                USB_IsInitialized
                0x0000000020001138                USB_ControlRequest
                0x0000000020001140                USB_DeviceState
 .bss           0x0000000020001141        0x0 lib_build/Events.o
 .bss           0x0000000020001141        0x0 lib_build/startup_XMC4500.o
 .bss           0x0000000020001141        0x0 lib_build/system_XMC4500.o
 *fill*         0x0000000020001141        0x3 
 .bss           0x0000000020001144        0x8 lib_build/syscalls.o
                0x0000000020001144                __dso_handle
 .bss           0x000000002000114c        0x0 /nas/ei/share/tools/gcc/gcc-arm/gcc-arm-none-eabi-10.3-2021.10/bin/../lib/gcc/arm-none-eabi/10.3.1/../../../../arm-none-eabi/lib/thumb/v7e-m/nofp/libg.a(lib_a-errno.o)
 .bss           0x000000002000114c        0x0 /nas/ei/share/tools/gcc/gcc-arm/gcc-arm-none-eabi-10.3-2021.10/bin/../lib/gcc/arm-none-eabi/10.3.1/../../../../arm-none-eabi/lib/thumb/v7e-m/nofp/libg.a(lib_a-impure.o)
 .bss           0x000000002000114c        0x0 /nas/ei/share/tools/gcc/gcc-arm/gcc-arm-none-eabi-10.3-2021.10/bin/../lib/gcc/arm-none-eabi/10.3.1/../../../../arm-none-eabi/lib/thumb/v7e-m/nofp/libg.a(lib_a-init.o)
 .bss           0x000000002000114c        0x0 /nas/ei/share/tools/gcc/gcc-arm/gcc-arm-none-eabi-10.3-2021.10/bin/../lib/gcc/arm-none-eabi/10.3.1/../../../../arm-none-eabi/lib/thumb/v7e-m/nofp/libg.a(lib_a-memcmp.o)
 .bss           0x000000002000114c        0x0 /nas/ei/share/tools/gcc/gcc-arm/gcc-arm-none-eabi-10.3-2021.10/bin/../lib/gcc/arm-none-eabi/10.3.1/../../../../arm-none-eabi/lib/thumb/v7e-m/nofp/libg.a(lib_a-memcpy.o)
 .bss           0x000000002000114c        0x0 /nas/ei/share/tools/gcc/gcc-arm/gcc-arm-none-eabi-10.3-2021.10/bin/../lib/gcc/arm-none-eabi/10.3.1/../../../../arm-none-eabi/lib/thumb/v7e-m/nofp/libg.a(lib_a-memset.o)
 *(.bss*)
 *(COMMON)
 *(.gnu.linkonce.b*)
                0x000000002000114c                . = ALIGN (0x4)
                0x000000002000114c                __bss_end = .
                0x0000000020001150                . = ALIGN (0x8)
 *fill*         0x000000002000114c        0x4 
                0x0000000020001150                Heap_Bank1_Start = .
                0x0000000000000a3c                __bss_size = (__bss_end - __bss_start)

.no_init        0x000000002000ffc0       0x14
                0x000000002000ffc0                Heap_Bank1_End = .
 *(.no_init)
 .no_init       0x000000002000ffc0       0x14 lib_build/system_XMC4500.o
                0x000000002000ffc0                SystemCoreClock
                0x000000002000ffc4                g_chipid

DSRAM2_DATA     0x0000000030000000        0x0 load address 0x000000000c00727c
                0x0000000030000000                . = ALIGN (0x4)
                0x0000000030000000                __data2_start = .
 *(DSRAM2_DATA)
                0x0000000030000000                . = ALIGN (0x4)
                0x0000000030000000                __data2_end = .
                0x000000000c00727c                __data2_load = LOADADDR (DSRAM2_DATA)
                0x0000000000000000                __data2_size = (__data2_end - __data2_start)
                0x000000000000727c                __text_size = (((((__exidx_end - sText) + __data_size) + __ram_code_size) + __data2_size) + __data3_size)
                0x000000000800727c                eText = (sText + __text_size)

DSRAM2_BSS      0x0000000030000000      0xe00 load address 0x000000000c00727c
                0x0000000030000000                . = ALIGN (0x4)
                0x0000000030000000                __bss2_start = .
 *(ETH_RAM)
 *(USB_RAM)
 USB_RAM        0x0000000030000000      0xe00 lib_build/xmc_usbd.o
 *(DSRAM2_BSS)
                0x0000000030000e00                . = ALIGN (0x4)
                0x0000000030000e00                __bss2_end = .
                0x0000000030000e00                . = ALIGN (0x8)
                0x0000000030000e00                Heap_Bank2_Start = .
                0x0000000000000e00                __bss2_size = (__bss2_end - __bss2_start)
                0x000000000000ee70                Heap_Bank1_Size = (Heap_Bank1_End - Heap_Bank1_Start)
                0x0000000000007200                Heap_Bank2_Size = (LENGTH (DSRAM_2_comm) - (Heap_Bank2_Start - ORIGIN (DSRAM_2_comm)))
                0x000000000000f800                Heap_Bank3_Size = (LENGTH (PSRAM_1) - (Heap_Bank3_Start - ORIGIN (PSRAM_1)))
                0x0000000000000001                ASSERT ((Heap_Bank1_Start <= Heap_Bank1_End), region SRAM_combined overflowed no_init section)

/DISCARD/
 *(.comment)

.stab
 *(.stab)

.stabstr
 *(.stabstr)

.debug
 *(.debug)

.line
 *(.line)

.debug_srcinfo
 *(.debug_srcinfo)

.debug_sfnames
 *(.debug_sfnames)

.debug_aranges  0x0000000000000000      0x8f8
 *(.debug_aranges)
 .debug_aranges
                0x0000000000000000       0x70 build/main.o
 .debug_aranges
                0x0000000000000070       0x80 build/KeyboardHID.o
 .debug_aranges
                0x00000000000000f0       0x20 build/Descriptors.o
 .debug_aranges
                0x0000000000000110      0x3c8 lib_build/xmc4_scu.o
 .debug_aranges
                0x00000000000004d8       0x28 lib_build/xmc_gpio.o
 .debug_aranges
                0x0000000000000500       0x30 lib_build/HIDClassDevice.o
 .debug_aranges
                0x0000000000000530       0x20 lib_build/memcpy.o
 .debug_aranges
                0x0000000000000550       0x70 lib_build/Endpoint_XMC4000.o
 .debug_aranges
                0x00000000000005c0       0x68 lib_build/EndpointStream_XMC4000.o
 .debug_aranges
                0x0000000000000628       0x68 lib_build/USBController_XMC4000.o
 .debug_aranges
                0x0000000000000690      0x158 lib_build/xmc_usbd.o
 .debug_aranges
                0x00000000000007e8       0x40 lib_build/ConfigDescriptors.o
 .debug_aranges
                0x0000000000000828       0x18 lib_build/HostStandardReq.o
 .debug_aranges
                0x0000000000000840       0x28 lib_build/USBTask.o
 .debug_aranges
                0x0000000000000868       0x20 lib_build/Events.o
 .debug_aranges
                0x0000000000000888       0x48 lib_build/system_XMC4500.o
 .debug_aranges
                0x00000000000008d0       0x28 lib_build/syscalls.o

.debug_pubnames
 *(.debug_pubnames)

.debug_pubtypes
 *(.debug_pubtypes)

.debug_info     0x0000000000000000    0x106cf
 *(.debug_info .gnu.linkonce.wi.*)
 .debug_info    0x0000000000000000     0x12f0 build/main.o
 .debug_info    0x00000000000012f0     0x1a21 build/KeyboardHID.o
 .debug_info    0x0000000000002d11      0x6f9 build/Descriptors.o
 .debug_info    0x000000000000340a     0x22a0 lib_build/xmc4_scu.o
 .debug_info    0x00000000000056aa      0x397 lib_build/xmc_gpio.o
 .debug_info    0x0000000000005a41     0x1463 lib_build/HIDClassDevice.o
 .debug_info    0x0000000000006ea4       0xd5 lib_build/memcpy.o
 .debug_info    0x0000000000006f79     0x17be lib_build/Endpoint_XMC4000.o
 .debug_info    0x0000000000008737     0x137c lib_build/EndpointStream_XMC4000.o
 .debug_info    0x0000000000009ab3     0x128b lib_build/USBController_XMC4000.o
 .debug_info    0x000000000000ad3e     0x3a8d lib_build/xmc_usbd.o
 .debug_info    0x000000000000e7cb      0x354 lib_build/ConfigDescriptors.o
 .debug_info    0x000000000000eb1f       0x6f lib_build/HostStandardReq.o
 .debug_info    0x000000000000eb8e     0x1067 lib_build/USBTask.o
 .debug_info    0x000000000000fbf5       0x92 lib_build/Events.o
 .debug_info    0x000000000000fc87      0x927 lib_build/system_XMC4500.o
 .debug_info    0x00000000000105ae      0x121 lib_build/syscalls.o

.debug_abbrev   0x0000000000000000     0x2468
 *(.debug_abbrev)
 .debug_abbrev  0x0000000000000000      0x31e build/main.o
 .debug_abbrev  0x000000000000031e      0x365 build/KeyboardHID.o
 .debug_abbrev  0x0000000000000683      0x141 build/Descriptors.o
 .debug_abbrev  0x00000000000007c4      0x2cb lib_build/xmc4_scu.o
 .debug_abbrev  0x0000000000000a8f      0x130 lib_build/xmc_gpio.o
 .debug_abbrev  0x0000000000000bbf      0x309 lib_build/HIDClassDevice.o
 .debug_abbrev  0x0000000000000ec8       0x80 lib_build/memcpy.o
 .debug_abbrev  0x0000000000000f48      0x37f lib_build/Endpoint_XMC4000.o
 .debug_abbrev  0x00000000000012c7      0x2e6 lib_build/EndpointStream_XMC4000.o
 .debug_abbrev  0x00000000000015ad      0x356 lib_build/USBController_XMC4000.o
 .debug_abbrev  0x0000000000001903      0x451 lib_build/xmc_usbd.o
 .debug_abbrev  0x0000000000001d54      0x153 lib_build/ConfigDescriptors.o
 .debug_abbrev  0x0000000000001ea7       0x29 lib_build/HostStandardReq.o
 .debug_abbrev  0x0000000000001ed0      0x2aa lib_build/USBTask.o
 .debug_abbrev  0x000000000000217a       0x49 lib_build/Events.o
 .debug_abbrev  0x00000000000021c3      0x1d9 lib_build/system_XMC4500.o
 .debug_abbrev  0x000000000000239c       0xcc lib_build/syscalls.o

.debug_line     0x0000000000000000     0xd2e7
 *(.debug_line)
 .debug_line    0x0000000000000000     0x12c6 build/main.o
 .debug_line    0x00000000000012c6     0x115e build/KeyboardHID.o
 .debug_line    0x0000000000002424      0xf9e build/Descriptors.o
 .debug_line    0x00000000000033c2     0x187e lib_build/xmc4_scu.o
 .debug_line    0x0000000000004c40      0x4c9 lib_build/xmc_gpio.o
 .debug_line    0x0000000000005109     0x14db lib_build/HIDClassDevice.o
 .debug_line    0x00000000000065e4      0x36d lib_build/memcpy.o
 .debug_line    0x0000000000006951     0x104a lib_build/Endpoint_XMC4000.o
 .debug_line    0x000000000000799b      0xe34 lib_build/EndpointStream_XMC4000.o
 .debug_line    0x00000000000087cf     0x101b lib_build/USBController_XMC4000.o
 .debug_line    0x00000000000097ea     0x15bf lib_build/xmc_usbd.o
 .debug_line    0x000000000000ada9      0x657 lib_build/ConfigDescriptors.o
 .debug_line    0x000000000000b400      0x522 lib_build/HostStandardReq.o
 .debug_line    0x000000000000b922      0xa4a lib_build/USBTask.o
 .debug_line    0x000000000000c36c      0x537 lib_build/Events.o
 .debug_line    0x000000000000c8a3      0x690 lib_build/system_XMC4500.o
 .debug_line    0x000000000000cf33      0x3b4 lib_build/syscalls.o

.debug_frame    0x0000000000000000     0x2330
 *(.debug_frame)
 .debug_frame   0x0000000000000000      0x198 build/main.o
 .debug_frame   0x0000000000000198      0x1cc build/KeyboardHID.o
 .debug_frame   0x0000000000000364       0x38 build/Descriptors.o
 .debug_frame   0x000000000000039c     0x10c8 lib_build/xmc4_scu.o
 .debug_frame   0x0000000000001464       0x60 lib_build/xmc_gpio.o
 .debug_frame   0x00000000000014c4       0x98 lib_build/HIDClassDevice.o
 .debug_frame   0x000000000000155c       0x20 lib_build/memcpy.o
 .debug_frame   0x000000000000157c      0x1bc lib_build/Endpoint_XMC4000.o
 .debug_frame   0x0000000000001738      0x17c lib_build/EndpointStream_XMC4000.o
 .debug_frame   0x00000000000018b4      0x164 lib_build/USBController_XMC4000.o
 .debug_frame   0x0000000000001a18      0x5fc lib_build/xmc_usbd.o
 .debug_frame   0x0000000000002014       0xc8 lib_build/ConfigDescriptors.o
 .debug_frame   0x00000000000020dc       0x50 lib_build/USBTask.o
 .debug_frame   0x000000000000212c       0x30 lib_build/Events.o
 .debug_frame   0x000000000000215c       0xe0 lib_build/system_XMC4500.o
 .debug_frame   0x000000000000223c       0x54 lib_build/syscalls.o
 .debug_frame   0x0000000000002290       0x20 /nas/ei/share/tools/gcc/gcc-arm/gcc-arm-none-eabi-10.3-2021.10/bin/../lib/gcc/arm-none-eabi/10.3.1/../../../../arm-none-eabi/lib/thumb/v7e-m/nofp/libg.a(lib_a-errno.o)
 .debug_frame   0x00000000000022b0       0x2c /nas/ei/share/tools/gcc/gcc-arm/gcc-arm-none-eabi-10.3-2021.10/bin/../lib/gcc/arm-none-eabi/10.3.1/../../../../arm-none-eabi/lib/thumb/v7e-m/nofp/libg.a(lib_a-init.o)
 .debug_frame   0x00000000000022dc       0x28 /nas/ei/share/tools/gcc/gcc-arm/gcc-arm-none-eabi-10.3-2021.10/bin/../lib/gcc/arm-none-eabi/10.3.1/../../../../arm-none-eabi/lib/thumb/v7e-m/nofp/libg.a(lib_a-memcmp.o)
 .debug_frame   0x0000000000002304       0x2c /nas/ei/share/tools/gcc/gcc-arm/gcc-arm-none-eabi-10.3-2021.10/bin/../lib/gcc/arm-none-eabi/10.3.1/../../../../arm-none-eabi/lib/thumb/v7e-m/nofp/libg.a(lib_a-memset.o)

.debug_str      0x0000000000000000    0x836ba
 *(.debug_str)
 .debug_str     0x0000000000000000    0x7ca10 build/main.o
                                      0x7cd10 (size before relaxing)
 .debug_str     0x000000000007ca10      0xca7 build/KeyboardHID.o
                                      0x7c96c (size before relaxing)
 .debug_str     0x000000000007d6b7      0x6e7 build/Descriptors.o
                                      0x77e74 (size before relaxing)
 .debug_str     0x000000000007dd9e     0x2046 lib_build/xmc4_scu.o
                                      0x71f6f (size before relaxing)
 .debug_str     0x000000000007fde4       0xe3 lib_build/xmc_gpio.o
                                      0x7355d (size before relaxing)
 .debug_str     0x000000000007fec7      0x36f lib_build/HIDClassDevice.o
                                      0x786d4 (size before relaxing)
 .debug_str     0x0000000000080236       0x76 lib_build/memcpy.o
                                       0x6e13 (size before relaxing)
 .debug_str     0x00000000000802ac      0x2d1 lib_build/Endpoint_XMC4000.o
                                      0x73549 (size before relaxing)
 .debug_str     0x000000000008057d      0x333 lib_build/EndpointStream_XMC4000.o
                                      0x72e5f (size before relaxing)
 .debug_str     0x00000000000808b0      0x31d lib_build/USBController_XMC4000.o
                                      0x72f5c (size before relaxing)
 .debug_str     0x0000000000080bcd     0x1681 lib_build/xmc_usbd.o
                                      0x72dea (size before relaxing)
 .debug_str     0x000000000008224e      0x25c lib_build/ConfigDescriptors.o
                                      0x709a2 (size before relaxing)
 .debug_str     0x00000000000824aa       0x61 lib_build/HostStandardReq.o
                                      0x7020d (size before relaxing)
 .debug_str     0x000000000008250b       0xc9 lib_build/USBTask.o
                                      0x72d02 (size before relaxing)
 .debug_str     0x00000000000825d4       0x80 lib_build/Events.o
                                      0x7023d (size before relaxing)
 .debug_str     0x0000000000082654      0xb5e lib_build/system_XMC4500.o
                                      0x6fde7 (size before relaxing)
 .debug_str     0x00000000000831b2      0x508 lib_build/syscalls.o
                                       0x75b2 (size before relaxing)

.debug_loc      0x0000000000000000     0x492c
 *(.debug_loc)
 .debug_loc     0x0000000000000000      0x334 build/main.o
 .debug_loc     0x0000000000000334      0x398 build/KeyboardHID.o
 .debug_loc     0x00000000000006cc       0x5c build/Descriptors.o
 .debug_loc     0x0000000000000728     0x2504 lib_build/xmc4_scu.o
 .debug_loc     0x0000000000002c2c       0xb8 lib_build/xmc_gpio.o
 .debug_loc     0x0000000000002ce4       0xf4 lib_build/HIDClassDevice.o
 .debug_loc     0x0000000000002dd8      0x3c4 lib_build/Endpoint_XMC4000.o
 .debug_loc     0x000000000000319c      0x32c lib_build/EndpointStream_XMC4000.o
 .debug_loc     0x00000000000034c8      0x29c lib_build/USBController_XMC4000.o
 .debug_loc     0x0000000000003764      0xd34 lib_build/xmc_usbd.o
 .debug_loc     0x0000000000004498      0x19c lib_build/ConfigDescriptors.o
 .debug_loc     0x0000000000004634       0x7c lib_build/USBTask.o
 .debug_loc     0x00000000000046b0       0x44 lib_build/Events.o
 .debug_loc     0x00000000000046f4      0x1a4 lib_build/system_XMC4500.o
 .debug_loc     0x0000000000004898       0x94 lib_build/syscalls.o

.debug_macinfo
 *(.debug_macinfo)

.debug_ranges   0x0000000000000000      0x7e0
 *(.debug_ranges)
 .debug_ranges  0x0000000000000000       0x60 build/main.o
 .debug_ranges  0x0000000000000060       0x70 build/KeyboardHID.o
 .debug_ranges  0x00000000000000d0       0x10 build/Descriptors.o
 .debug_ranges  0x00000000000000e0      0x3b8 lib_build/xmc4_scu.o
 .debug_ranges  0x0000000000000498       0x18 lib_build/xmc_gpio.o
 .debug_ranges  0x00000000000004b0       0x20 lib_build/HIDClassDevice.o
 .debug_ranges  0x00000000000004d0       0x10 lib_build/memcpy.o
 .debug_ranges  0x00000000000004e0       0x60 lib_build/Endpoint_XMC4000.o
 .debug_ranges  0x0000000000000540       0x58 lib_build/EndpointStream_XMC4000.o
 .debug_ranges  0x0000000000000598       0x58 lib_build/USBController_XMC4000.o
 .debug_ranges  0x00000000000005f0      0x148 lib_build/xmc_usbd.o
 .debug_ranges  0x0000000000000738       0x30 lib_build/ConfigDescriptors.o
 .debug_ranges  0x0000000000000768       0x18 lib_build/USBTask.o
 .debug_ranges  0x0000000000000780       0x10 lib_build/Events.o
 .debug_ranges  0x0000000000000790       0x38 lib_build/system_XMC4500.o
 .debug_ranges  0x00000000000007c8       0x18 lib_build/syscalls.o

.debug_weaknames
 *(.debug_weaknames)

.debug_funcnames
 *(.debug_funcnames)

.debug_typenames
 *(.debug_typenames)

.debug_varnames
 *(.debug_varnames)

.build_attributes
                0x0000000000000000      0x474
 *(.ARM.attributes)
 .ARM.attributes
                0x0000000000000000       0x32 build/main.o
 .ARM.attributes
                0x0000000000000032       0x32 build/KeyboardHID.o
 .ARM.attributes
                0x0000000000000064       0x32 build/Descriptors.o
 .ARM.attributes
                0x0000000000000096       0x32 lib_build/xmc4_scu.o
 .ARM.attributes
                0x00000000000000c8       0x32 lib_build/xmc_gpio.o
 .ARM.attributes
                0x00000000000000fa       0x32 lib_build/HIDClassDevice.o
 .ARM.attributes
                0x000000000000012c       0x32 lib_build/memcpy.o
 .ARM.attributes
                0x000000000000015e       0x32 lib_build/Endpoint_XMC4000.o
 .ARM.attributes
                0x0000000000000190       0x32 lib_build/EndpointStream_XMC4000.o
 .ARM.attributes
                0x00000000000001c2       0x32 lib_build/USBController_XMC4000.o
 .ARM.attributes
                0x00000000000001f4       0x32 lib_build/xmc_usbd.o
 .ARM.attributes
                0x0000000000000226       0x32 lib_build/ConfigDescriptors.o
 .ARM.attributes
                0x0000000000000258       0x32 lib_build/HostStandardReq.o
 .ARM.attributes
                0x000000000000028a       0x32 lib_build/USBTask.o
 .ARM.attributes
                0x00000000000002bc       0x32 lib_build/Events.o
 .ARM.attributes
                0x00000000000002ee       0x20 lib_build/startup_XMC4500.o
 .ARM.attributes
                0x000000000000030e       0x32 lib_build/system_XMC4500.o
 .ARM.attributes
                0x0000000000000340       0x32 lib_build/syscalls.o
 .ARM.attributes
                0x0000000000000372       0x2e /nas/ei/share/tools/gcc/gcc-arm/gcc-arm-none-eabi-10.3-2021.10/bin/../lib/gcc/arm-none-eabi/10.3.1/../../../../arm-none-eabi/lib/thumb/v7e-m/nofp/libg.a(lib_a-errno.o)
 .ARM.attributes
                0x00000000000003a0       0x2e /nas/ei/share/tools/gcc/gcc-arm/gcc-arm-none-eabi-10.3-2021.10/bin/../lib/gcc/arm-none-eabi/10.3.1/../../../../arm-none-eabi/lib/thumb/v7e-m/nofp/libg.a(lib_a-impure.o)
 .ARM.attributes
                0x00000000000003ce       0x2e /nas/ei/share/tools/gcc/gcc-arm/gcc-arm-none-eabi-10.3-2021.10/bin/../lib/gcc/arm-none-eabi/10.3.1/../../../../arm-none-eabi/lib/thumb/v7e-m/nofp/libg.a(lib_a-init.o)
 .ARM.attributes
                0x00000000000003fc       0x2e /nas/ei/share/tools/gcc/gcc-arm/gcc-arm-none-eabi-10.3-2021.10/bin/../lib/gcc/arm-none-eabi/10.3.1/../../../../arm-none-eabi/lib/thumb/v7e-m/nofp/libg.a(lib_a-memcmp.o)
 .ARM.attributes
                0x000000000000042a       0x1c /nas/ei/share/tools/gcc/gcc-arm/gcc-arm-none-eabi-10.3-2021.10/bin/../lib/gcc/arm-none-eabi/10.3.1/../../../../arm-none-eabi/lib/thumb/v7e-m/nofp/libg.a(lib_a-memcpy.o)
 .ARM.attributes
                0x0000000000000446       0x2e /nas/ei/share/tools/gcc/gcc-arm/gcc-arm-none-eabi-10.3-2021.10/bin/../lib/gcc/arm-none-eabi/10.3.1/../../../../arm-none-eabi/lib/thumb/v7e-m/nofp/libg.a(lib_a-memset.o)
OUTPUT(build/main.elf elf32-littlearm)
LOAD linker stubs

.debug_macro    0x0000000000000000    0x1cd32
 .debug_macro   0x0000000000000000      0x52f build/main.o
 .debug_macro   0x000000000000052f      0xa6c build/main.o
 .debug_macro   0x0000000000000f9b       0x22 build/main.o
 .debug_macro   0x0000000000000fbd       0x5e build/main.o
 .debug_macro   0x000000000000101b       0x1e build/main.o
 .debug_macro   0x0000000000001039       0x94 build/main.o
 .debug_macro   0x00000000000010cd       0x35 build/main.o
 .debug_macro   0x0000000000001102       0x34 build/main.o
 .debug_macro   0x0000000000001136      0x16d build/main.o
 .debug_macro   0x00000000000012a3       0x16 build/main.o
 .debug_macro   0x00000000000012b9       0x43 build/main.o
 .debug_macro   0x00000000000012fc       0x57 build/main.o
 .debug_macro   0x0000000000001353       0x34 build/main.o
 .debug_macro   0x0000000000001387       0x10 build/main.o
 .debug_macro   0x0000000000001397       0x58 build/main.o
 .debug_macro   0x00000000000013ef      0x182 build/main.o
 .debug_macro   0x0000000000001571      0x35d build/main.o
 .debug_macro   0x00000000000018ce       0x10 build/main.o
 .debug_macro   0x00000000000018de       0x35 build/main.o
 .debug_macro   0x0000000000001913      0x103 build/main.o
 .debug_macro   0x0000000000001a16       0x6a build/main.o
 .debug_macro   0x0000000000001a80      0x1df build/main.o
 .debug_macro   0x0000000000001c5f       0x22 build/main.o
 .debug_macro   0x0000000000001c81      0x167 build/main.o
 .debug_macro   0x0000000000001de8       0x2d build/main.o
 .debug_macro   0x0000000000001e15       0x28 build/main.o
 .debug_macro   0x0000000000001e3d       0xaf build/main.o
 .debug_macro   0x0000000000001eec      0xfe7 build/main.o
 .debug_macro   0x0000000000002ed3       0x16 build/main.o
 .debug_macro   0x0000000000002ee9    0x1474b build/main.o
 .debug_macro   0x0000000000017634       0x12 build/main.o
 .debug_macro   0x0000000000017646       0x4c build/main.o
 .debug_macro   0x0000000000017692       0x22 build/main.o
 .debug_macro   0x00000000000176b4      0x861 build/main.o
 .debug_macro   0x0000000000017f15       0xa5 build/main.o
 .debug_macro   0x0000000000017fba       0x12 build/main.o
 .debug_macro   0x0000000000017fcc       0x10 build/main.o
 .debug_macro   0x0000000000017fdc      0x1a7 build/main.o
 .debug_macro   0x0000000000018183       0x22 build/main.o
 .debug_macro   0x00000000000181a5       0x6f build/main.o
 .debug_macro   0x0000000000018214       0x86 build/main.o
 .debug_macro   0x000000000001829a       0x40 build/main.o
 .debug_macro   0x00000000000182da       0x4d build/main.o
 .debug_macro   0x0000000000018327       0x16 build/main.o
 .debug_macro   0x000000000001833d       0x16 build/main.o
 .debug_macro   0x0000000000018353       0x29 build/main.o
 .debug_macro   0x000000000001837c      0x2c3 build/main.o
 .debug_macro   0x000000000001863f       0xa5 build/main.o
 .debug_macro   0x00000000000186e4       0xc5 build/main.o
 .debug_macro   0x00000000000187a9       0x16 build/main.o
 .debug_macro   0x00000000000187bf       0x7a build/main.o
 .debug_macro   0x0000000000018839       0x16 build/main.o
 .debug_macro   0x000000000001884f       0x16 build/main.o
 .debug_macro   0x0000000000018865       0x64 build/main.o
 .debug_macro   0x00000000000188c9       0x22 build/main.o
 .debug_macro   0x00000000000188eb       0x16 build/main.o
 .debug_macro   0x0000000000018901       0x40 build/main.o
 .debug_macro   0x0000000000018941       0x1c build/main.o
 .debug_macro   0x000000000001895d       0x10 build/main.o
 .debug_macro   0x000000000001896d       0x10 build/main.o
 .debug_macro   0x000000000001897d       0x1c build/main.o
 .debug_macro   0x0000000000018999       0x52 build/main.o
 .debug_macro   0x00000000000189eb       0x22 build/main.o
 .debug_macro   0x0000000000018a0d       0x10 build/main.o
 .debug_macro   0x0000000000018a1d       0x52 build/main.o
 .debug_macro   0x0000000000018a6f       0xd5 build/main.o
 .debug_macro   0x0000000000018b44       0x1c build/main.o
 .debug_macro   0x0000000000018b60       0x3d build/main.o
 .debug_macro   0x0000000000018b9d       0x16 build/main.o
 .debug_macro   0x0000000000018bb3      0x16f build/main.o
 .debug_macro   0x0000000000018d22       0x16 build/main.o
 .debug_macro   0x0000000000018d38      0x154 build/main.o
 .debug_macro   0x0000000000018e8c       0x2a build/main.o
 .debug_macro   0x0000000000018eb6      0x6ce build/main.o
 .debug_macro   0x0000000000019584       0x16 build/main.o
 .debug_macro   0x000000000001959a      0x132 build/main.o
 .debug_macro   0x00000000000196cc       0x1c build/main.o
 .debug_macro   0x00000000000196e8      0x130 build/main.o
 .debug_macro   0x0000000000019818       0x10 build/main.o
 .debug_macro   0x0000000000019828      0x50f build/KeyboardHID.o
 .debug_macro   0x0000000000019d37      0x4e5 build/Descriptors.o
 .debug_macro   0x000000000001a21c       0x8e build/Descriptors.o
 .debug_macro   0x000000000001a2aa       0x51 build/Descriptors.o
 .debug_macro   0x000000000001a2fb       0x64 build/Descriptors.o
 .debug_macro   0x000000000001a35f       0x16 build/Descriptors.o
 .debug_macro   0x000000000001a375      0x20d lib_build/xmc4_scu.o
 .debug_macro   0x000000000001a582       0x9f lib_build/xmc4_scu.o
 .debug_macro   0x000000000001a621      0x1b6 lib_build/xmc_gpio.o
 .debug_macro   0x000000000001a7d7      0x4f4 lib_build/HIDClassDevice.o
 .debug_macro   0x000000000001accb      0x190 lib_build/memcpy.o
 .debug_macro   0x000000000001ae5b       0x16 lib_build/memcpy.o
 .debug_macro   0x000000000001ae71       0x97 lib_build/memcpy.o
 .debug_macro   0x000000000001af08       0xf6 lib_build/memcpy.o
 .debug_macro   0x000000000001affe      0x377 lib_build/Endpoint_XMC4000.o
 .debug_macro   0x000000000001b375       0x10 lib_build/Endpoint_XMC4000.o
 .debug_macro   0x000000000001b385      0x353 lib_build/EndpointStream_XMC4000.o
 .debug_macro   0x000000000001b6d8      0x33e lib_build/USBController_XMC4000.o
 .debug_macro   0x000000000001ba16       0x10 lib_build/USBController_XMC4000.o
 .debug_macro   0x000000000001ba26       0x47 lib_build/USBController_XMC4000.o
 .debug_macro   0x000000000001ba6d       0x80 lib_build/USBController_XMC4000.o
 .debug_macro   0x000000000001baed      0x1f2 lib_build/xmc_usbd.o
 .debug_macro   0x000000000001bcdf      0x20f lib_build/ConfigDescriptors.o
 .debug_macro   0x000000000001beee       0x1c lib_build/ConfigDescriptors.o
 .debug_macro   0x000000000001bf0a      0x1ee lib_build/HostStandardReq.o
 .debug_macro   0x000000000001c0f8      0x34a lib_build/USBTask.o
 .debug_macro   0x000000000001c442      0x1f7 lib_build/Events.o
 .debug_macro   0x000000000001c639      0x301 lib_build/system_XMC4500.o
 .debug_macro   0x000000000001c93a       0x22 lib_build/system_XMC4500.o
 .debug_macro   0x000000000001c95c      0x18b lib_build/syscalls.o
 .debug_macro   0x000000000001cae7       0x10 lib_build/syscalls.o
 .debug_macro   0x000000000001caf7      0x23b lib_build/syscalls.o